../Core/Src/as5048a.c:20:20:AS5048_CS_LOW	8	static
../Core/Src/as5048a.c:21:20:AS5048_CS_HIGH	8	static
../Core/Src/as5048a.c:23:6:AS5048_Init	16	static
../Core/Src/as5048a.c:29:17:AS5048_AddParity	24	static
../Core/Src/as5048a.c:48:13:AS5048_HasError	16	static
../Core/Src/as5048a.c:50:22:AS5048_TransceiveReceive	32	static
../Core/Src/as5048a.c:60:22:AS5048_Transceive	24	static
../Core/Src/as5048a.c:76:22:AS5048_RegRead	40	static
../Core/Src/as5048a.c:109:22:AS5048_RegWrite	40	static
../Core/Src/as5048a.c:135:19:AS5048_GetErrorDetails	24	static
../Core/Src/as5048a.c:159:6:AS5048_GetRawPosition	32	static
../Core/Src/as5048a.c:182:7:AS5048_GetAngleDeg	16	static
../Core/Src/as5048a.c:193:7:AS5048_GetAngleRad	16	static
../Core/Src/as5048a.c:206:6:AS5048_ReadAngleDMA	16	static
../Core/Src/as5048a.c:222:6:HAL_SPI_TxRxCpltCallback	16	static
../Core/Src/as5048a.c:237:7:AS5048_GetMechanicalAngle	8	static
