../Core/Src/as5048a.c:25:20:AS5048_CS_LOW	8	static
../Core/Src/as5048a.c:26:20:AS5048_CS_HIGH	8	static
../Core/Src/as5048a.c:28:6:AS5048_Init	16	static
../Core/Src/as5048a.c:34:17:AS5048_AddParity	24	static
../Core/Src/as5048a.c:53:13:AS5048_HasError	16	static
../Core/Src/as5048a.c:55:22:AS5048_TransceiveReceive	32	static
../Core/Src/as5048a.c:65:22:AS5048_Transceive	24	static
../Core/Src/as5048a.c:81:22:AS5048_RegRead	40	static
../Core/Src/as5048a.c:114:22:AS5048_RegWrite	40	static
../Core/Src/as5048a.c:140:19:AS5048_GetErrorDetails	24	static
../Core/Src/as5048a.c:164:6:AS5048_GetRawPosition	32	static
../Core/Src/as5048a.c:187:7:AS5048_GetAngleDeg	16	static
../Core/Src/as5048a.c:198:7:AS5048_GetAngleRad	16	static
../Core/Src/as5048a.c:211:6:AS5048_ReadAngleDMA	16	static
../Core/Src/as5048a.c:227:6:HAL_SPI_TxRxCpltCallback	24	static
../Core/Src/as5048a.c:245:7:AS5048_GetMechanicalAngle	8	static
