../Core/Src/BSP/current_sense.c:36:13:CurrentSense_CalibrateOffset	24	static
../Core/Src/BSP/current_sense.c:66:6:CurrentSense_Init	16	static
../Core/Src/BSP/current_sense.c:80:6:CurrentSense_Process_ISR	8	static
../Core/Src/BSP/current_sense.c:88:6:CurrentSense_CalculatePhases	16	static
../Core/Src/BSP/current_sense.c:105:6:CurrentSense_Read	16	static
../Core/Src/BSP/current_sense.c:112:6:CurrentSense_GetRaw	16	static
../Core/Src/BSP/current_sense.c:120:6:HAL_ADCEx_InjectedConvCpltCallback	16	static
