Archive member included to satisfy reference by file (symbol)

C:/ST/STM32CubeIDE_1.16.1/STM32CubeIDE/plugins/com.st.stm32cube.ide.mcu.externaltools.gnu-tools-for-stm32.12.3.rel1.win32_1.1.0.202410251130/tools/bin/../lib/gcc/arm-none-eabi/12.3.1/../../../../arm-none-eabi/lib/thumb/v7e-m+fp/hard\libc_nano.a(libc_a-exit.o)
                              C:/ST/STM32CubeIDE_1.16.1/STM32CubeIDE/plugins/com.st.stm32cube.ide.mcu.externaltools.gnu-tools-for-stm32.12.3.rel1.win32_1.1.0.202410251130/tools/bin/../lib/gcc/arm-none-eabi/12.3.1/../../../../arm-none-eabi/lib/thumb/v7e-m+fp/hard/crt0.o (exit)
C:/ST/STM32CubeIDE_1.16.1/STM32CubeIDE/plugins/com.st.stm32cube.ide.mcu.externaltools.gnu-tools-for-stm32.12.3.rel1.win32_1.1.0.202410251130/tools/bin/../lib/gcc/arm-none-eabi/12.3.1/../../../../arm-none-eabi/lib/thumb/v7e-m+fp/hard\libc_nano.a(libc_a-findfp.o)
                              C:/ST/STM32CubeIDE_1.16.1/STM32CubeIDE/plugins/com.st.stm32cube.ide.mcu.externaltools.gnu-tools-for-stm32.12.3.rel1.win32_1.1.0.202410251130/tools/bin/../lib/gcc/arm-none-eabi/12.3.1/../../../../arm-none-eabi/lib/thumb/v7e-m+fp/hard\libc_nano.a(libc_a-exit.o) (__stdio_exit_handler)
C:/ST/STM32CubeIDE_1.16.1/STM32CubeIDE/plugins/com.st.stm32cube.ide.mcu.externaltools.gnu-tools-for-stm32.12.3.rel1.win32_1.1.0.202410251130/tools/bin/../lib/gcc/arm-none-eabi/12.3.1/../../../../arm-none-eabi/lib/thumb/v7e-m+fp/hard\libc_nano.a(libc_a-fwalk.o)
                              C:/ST/STM32CubeIDE_1.16.1/STM32CubeIDE/plugins/com.st.stm32cube.ide.mcu.externaltools.gnu-tools-for-stm32.12.3.rel1.win32_1.1.0.202410251130/tools/bin/../lib/gcc/arm-none-eabi/12.3.1/../../../../arm-none-eabi/lib/thumb/v7e-m+fp/hard\libc_nano.a(libc_a-findfp.o) (_fwalk_sglue)
C:/ST/STM32CubeIDE_1.16.1/STM32CubeIDE/plugins/com.st.stm32cube.ide.mcu.externaltools.gnu-tools-for-stm32.12.3.rel1.win32_1.1.0.202410251130/tools/bin/../lib/gcc/arm-none-eabi/12.3.1/../../../../arm-none-eabi/lib/thumb/v7e-m+fp/hard\libc_nano.a(libc_a-stdio.o)
                              C:/ST/STM32CubeIDE_1.16.1/STM32CubeIDE/plugins/com.st.stm32cube.ide.mcu.externaltools.gnu-tools-for-stm32.12.3.rel1.win32_1.1.0.202410251130/tools/bin/../lib/gcc/arm-none-eabi/12.3.1/../../../../arm-none-eabi/lib/thumb/v7e-m+fp/hard\libc_nano.a(libc_a-findfp.o) (__sread)
C:/ST/STM32CubeIDE_1.16.1/STM32CubeIDE/plugins/com.st.stm32cube.ide.mcu.externaltools.gnu-tools-for-stm32.12.3.rel1.win32_1.1.0.202410251130/tools/bin/../lib/gcc/arm-none-eabi/12.3.1/../../../../arm-none-eabi/lib/thumb/v7e-m+fp/hard\libc_nano.a(libc_a-memset.o)
                              C:/ST/STM32CubeIDE_1.16.1/STM32CubeIDE/plugins/com.st.stm32cube.ide.mcu.externaltools.gnu-tools-for-stm32.12.3.rel1.win32_1.1.0.202410251130/tools/bin/../lib/gcc/arm-none-eabi/12.3.1/../../../../arm-none-eabi/lib/thumb/v7e-m+fp/hard/crt0.o (memset)
C:/ST/STM32CubeIDE_1.16.1/STM32CubeIDE/plugins/com.st.stm32cube.ide.mcu.externaltools.gnu-tools-for-stm32.12.3.rel1.win32_1.1.0.202410251130/tools/bin/../lib/gcc/arm-none-eabi/12.3.1/../../../../arm-none-eabi/lib/thumb/v7e-m+fp/hard\libc_nano.a(libc_a-closer.o)
                              C:/ST/STM32CubeIDE_1.16.1/STM32CubeIDE/plugins/com.st.stm32cube.ide.mcu.externaltools.gnu-tools-for-stm32.12.3.rel1.win32_1.1.0.202410251130/tools/bin/../lib/gcc/arm-none-eabi/12.3.1/../../../../arm-none-eabi/lib/thumb/v7e-m+fp/hard\libc_nano.a(libc_a-stdio.o) (_close_r)
C:/ST/STM32CubeIDE_1.16.1/STM32CubeIDE/plugins/com.st.stm32cube.ide.mcu.externaltools.gnu-tools-for-stm32.12.3.rel1.win32_1.1.0.202410251130/tools/bin/../lib/gcc/arm-none-eabi/12.3.1/../../../../arm-none-eabi/lib/thumb/v7e-m+fp/hard\libc_nano.a(libc_a-reent.o)
                              C:/ST/STM32CubeIDE_1.16.1/STM32CubeIDE/plugins/com.st.stm32cube.ide.mcu.externaltools.gnu-tools-for-stm32.12.3.rel1.win32_1.1.0.202410251130/tools/bin/../lib/gcc/arm-none-eabi/12.3.1/../../../../arm-none-eabi/lib/thumb/v7e-m+fp/hard\libc_nano.a(libc_a-closer.o) (errno)
C:/ST/STM32CubeIDE_1.16.1/STM32CubeIDE/plugins/com.st.stm32cube.ide.mcu.externaltools.gnu-tools-for-stm32.12.3.rel1.win32_1.1.0.202410251130/tools/bin/../lib/gcc/arm-none-eabi/12.3.1/../../../../arm-none-eabi/lib/thumb/v7e-m+fp/hard\libc_nano.a(libc_a-impure.o)
                              C:/ST/STM32CubeIDE_1.16.1/STM32CubeIDE/plugins/com.st.stm32cube.ide.mcu.externaltools.gnu-tools-for-stm32.12.3.rel1.win32_1.1.0.202410251130/tools/bin/../lib/gcc/arm-none-eabi/12.3.1/../../../../arm-none-eabi/lib/thumb/v7e-m+fp/hard\libc_nano.a(libc_a-reent.o) (_impure_ptr)
C:/ST/STM32CubeIDE_1.16.1/STM32CubeIDE/plugins/com.st.stm32cube.ide.mcu.externaltools.gnu-tools-for-stm32.12.3.rel1.win32_1.1.0.202410251130/tools/bin/../lib/gcc/arm-none-eabi/12.3.1/../../../../arm-none-eabi/lib/thumb/v7e-m+fp/hard\libc_nano.a(libc_a-lseekr.o)
[...]
Memory Configuration

Name             Origin             Length             Attributes
RAM              0x20000000         0x00008000         xrw
FLASH            0x08000000         0x00020000         xr
*default*        0x00000000         0xffffffff

Linker script and memory map

LOAD C:/ST/STM32CubeIDE_1.16.1/STM32CubeIDE/plugins/com.st.stm32cube.ide.mcu.externaltools.gnu-tools-for-stm32.12.3.rel1.win32_1.1.0.202410251130/tools/bin/../lib/gcc/arm-none-eabi/12.3.1/thumb/v7e-m+fp/hard/crti.o
LOAD C:/ST/STM32CubeIDE_1.16.1/STM32CubeIDE/plugins/com.st.stm32cube.ide.mcu.externaltools.gnu-tools-for-stm32.12.3.rel1.win32_1.1.0.202410251130/tools/bin/../lib/gcc/arm-none-eabi/12.3.1/thumb/v7e-m+fp/hard/crtbegin.o
LOAD C:/ST/STM32CubeIDE_1.16.1/STM32CubeIDE/plugins/com.st.stm32cube.ide.mcu.externaltools.gnu-tools-for-stm32.12.3.rel1.win32_1.1.0.202410251130/tools/bin/../lib/gcc/arm-none-eabi/12.3.1/../../../../arm-none-eabi/lib/thumb/v7e-m+fp/hard/crt0.o
LOAD ./Application/Startup/startup_stm32g431rbtx.o
LOAD ./Application/User/aspep.o
LOAD ./Application/User/main.o
LOAD ./Application/User/mc_api.o
LOAD ./Application/User/mc_app_hooks.o
LOAD ./Application/User/mc_config.o
LOAD ./Application/User/mc_config_common.o
LOAD ./Application/User/mc_configuration_registers.o
LOAD ./Application/User/mc_interface.o
LOAD ./Application/User/mc_math.o
LOAD ./Application/User/mc_parameters.o
LOAD ./Application/User/mc_perf.o
LOAD ./Application/User/mc_tasks.o
LOAD ./Application/User/mc_tasks_foc.o
LOAD ./Application/User/mcp.o
LOAD ./Application/User/mcp_config.o
LOAD ./Application/User/motorcontrol.o
LOAD ./Application/User/pwm_common.o
LOAD ./Application/User/pwm_curr_fdbk.o
LOAD ./Application/User/register_interface.o
LOAD ./Application/User/regular_conversion_manager.o
LOAD ./Application/User/stm32_mc_common_it.o
LOAD ./Application/User/stm32g4xx_hal_msp.o
LOAD ./Application/User/stm32g4xx_it.o
LOAD ./Application/User/stm32g4xx_mc_it.o
LOAD ./Application/User/syscalls.o
LOAD ./Application/User/sysmem.o
LOAD ./Application/User/usart_aspep_driver.o
LOAD ./Drivers/CMSIS/system_stm32g4xx.o
LOAD ./Drivers/STM32G4xx_HAL_Driver/stm32g4xx_hal.o
LOAD ./Drivers/STM32G4xx_HAL_Driver/stm32g4xx_hal_adc.o
LOAD ./Drivers/STM32G4xx_HAL_Driver/stm32g4xx_hal_adc_ex.o
LOAD ./Drivers/STM32G4xx_HAL_Driver/stm32g4xx_hal_cordic.o
LOAD ./Drivers/STM32G4xx_HAL_Driver/stm32g4xx_hal_cortex.o
LOAD ./Drivers/STM32G4xx_HAL_Driver/stm32g4xx_hal_dma.o
LOAD ./Drivers/STM32G4xx_HAL_Driver/stm32g4xx_hal_dma_ex.o
LOAD ./Drivers/STM32G4xx_HAL_Driver/stm32g4xx_hal_exti.o
LOAD ./Drivers/STM32G4xx_HAL_Driver/stm32g4xx_hal_flash.o
LOAD ./Drivers/STM32G4xx_HAL_Driver/stm32g4xx_hal_flash_ex.o
LOAD ./Drivers/STM32G4xx_HAL_Driver/stm32g4xx_hal_flash_ramfunc.o
LOAD ./Drivers/STM32G4xx_HAL_Driver/stm32g4xx_hal_gpio.o
LOAD ./Drivers/STM32G4xx_HAL_Driver/stm32g4xx_hal_pwr.o
LOAD ./Drivers/STM32G4xx_HAL_Driver/stm32g4xx_hal_pwr_ex.o
LOAD ./Drivers/STM32G4xx_HAL_Driver/stm32g4xx_hal_rcc.o
LOAD ./Drivers/STM32G4xx_HAL_Driver/stm32g4xx_hal_rcc_ex.o
LOAD ./Drivers/STM32G4xx_HAL_Driver/stm32g4xx_hal_tim.o
LOAD ./Drivers/STM32G4xx_HAL_Driver/stm32g4xx_hal_tim_ex.o
LOAD ./Drivers/STM32G4xx_HAL_Driver/stm32g4xx_hal_uart.o
LOAD ./Drivers/STM32G4xx_HAL_Driver/stm32g4xx_hal_uart_ex.o
LOAD ./Drivers/STM32G4xx_HAL_Driver/stm32g4xx_ll_adc.o
LOAD ./Middlewares/MotorControl/bus_voltage_sensor.o
LOAD ./Middlewares/MotorControl/circle_limitation.o
LOAD ./Middlewares/MotorControl/digital_output.o
LOAD ./Middlewares/MotorControl/mcpa.o
LOAD ./Middlewares/MotorControl/ntc_temperature_sensor.o
LOAD ./Middlewares/MotorControl/open_loop.o
LOAD ./Middlewares/MotorControl/pid_regulator.o
LOAD ./Middlewares/MotorControl/pqd_motor_power_measurement.o
LOAD ./Middlewares/MotorControl/r3_1_g4xx_pwm_curr_fdbk.o
LOAD ./Middlewares/MotorControl/r_divider_bus_voltage_sensor.o
LOAD ./Middlewares/MotorControl/ramp_ext_mngr.o
LOAD ./Middlewares/MotorControl/revup_ctrl.o
LOAD ./Middlewares/MotorControl/speed_pos_fdbk.o
LOAD ./Middlewares/MotorControl/speed_torq_ctrl.o
LOAD ./Middlewares/MotorControl/sto_pll_speed_pos_fdbk.o
LOAD ./Middlewares/MotorControl/virtual_speed_sensor.o
START GROUP
LOAD C:/ST/STM32CubeIDE_1.16.1/STM32CubeIDE/plugins/com.st.stm32cube.ide.mcu.externaltools.gnu-tools-for-stm32.12.3.rel1.win32_1.1.0.202410251130/tools/bin/../lib/gcc/arm-none-eabi/12.3.1/../../../../arm-none-eabi/lib/thumb/v7e-m+fp/hard\libc_nano.a
LOAD C:/ST/STM32CubeIDE_1.16.1/STM32CubeIDE/plugins/com.st.stm32cube.ide.mcu.externaltools.gnu-tools-for-stm32.12.3.rel1.win32_1.1.0.202410251130/tools/bin/../lib/gcc/arm-none-eabi/12.3.1/../../../../arm-none-eabi/lib/thumb/v7e-m+fp/hard\libm.a
END GROUP
START GROUP
LOAD C:/ST/STM32CubeIDE_1.16.1/STM32CubeIDE/plugins/com.st.stm32cube.ide.mcu.externaltools.gnu-tools-for-stm32.12.3.rel1.win32_1.1.0.202410251130/tools/bin/../lib/gcc/arm-none-eabi/12.3.1/thumb/v7e-m+fp/hard\libgcc.a
LOAD C:/ST/STM32CubeIDE_1.16.1/STM32CubeIDE/plugins/com.st.stm32cube.ide.mcu.externaltools.gnu-tools-for-stm32.12.3.rel1.win32_1.1.0.202410251130/tools/bin/../lib/gcc/arm-none-eabi/12.3.1/../../../../arm-none-eabi/lib/thumb/v7e-m+fp/hard\libc_nano.a
END GROUP
START GROUP
LOAD C:/ST/STM32CubeIDE_1.16.1/STM32CubeIDE/plugins/com.st.stm32cube.ide.mcu.externaltools.gnu-tools-for-stm32.12.3.rel1.win32_1.1.0.202410251130/tools/bin/../lib/gcc/arm-none-eabi/12.3.1/thumb/v7e-m+fp/hard\libgcc.a
LOAD C:/ST/STM32CubeIDE_1.16.1/STM32CubeIDE/plugins/com.st.stm32cube.ide.mcu.externaltools.gnu-tools-for-stm32.12.3.rel1.win32_1.1.0.202410251130/tools/bin/../lib/gcc/arm-none-eabi/12.3.1/../../../../arm-none-eabi/lib/thumb/v7e-m+fp/hard\libc_nano.a
LOAD C:/ST/STM32CubeIDE_1.16.1/STM32CubeIDE/plugins/com.st.stm32cube.ide.mcu.externaltools.gnu-tools-for-stm32.12.3.rel1.win32_1.1.0.202410251130/tools/bin/../lib/gcc/arm-none-eabi/12.3.1/../../../../arm-none-eabi/lib/thumb/v7e-m+fp/hard\libnosys.a
END GROUP
START GROUP
LOAD C:/ST/STM32CubeIDE_1.16.1/STM32CubeIDE/plugins/com.st.stm32cube.ide.mcu.externaltools.gnu-tools-for-stm32.12.3.rel1.win32_1.1.0.202410251130/tools/bin/../lib/gcc/arm-none-eabi/12.3.1/thumb/v7e-m+fp/hard\libgcc.a
LOAD C:/ST/STM32CubeIDE_1.16.1/STM32CubeIDE/plugins/com.st.stm32cube.ide.mcu.externaltools.gnu-tools-for-stm32.12.3.rel1.win32_1.1.0.202410251130/tools/bin/../lib/gcc/arm-none-eabi/12.3.1/../../../../arm-none-eabi/lib/thumb/v7e-m+fp/hard\libc_nano.a
LOAD C:/ST/STM32CubeIDE_1.16.1/STM32CubeIDE/plugins/com.st.stm32cube.ide.mcu.externaltools.gnu-tools-for-stm32.12.3.rel1.win32_1.1.0.202410251130/tools/bin/../lib/gcc/arm-none-eabi/12.3.1/../../../../arm-none-eabi/lib/thumb/v7e-m+fp/hard\libnosys.a
END GROUP
LOAD C:/ST/STM32CubeIDE_1.16.1/STM32CubeIDE/plugins/com.st.stm32cube.ide.mcu.externaltools.gnu-tools-for-stm32.12.3.rel1.win32_1.1.0.202410251130/tools/bin/../lib/gcc/arm-none-eabi/12.3.1/thumb/v7e-m+fp/hard/crtend.o
LOAD C:/ST/STM32CubeIDE_1.16.1/STM32CubeIDE/plugins/com.st.stm32cube.ide.mcu.externaltools.gnu-tools-for-stm32.12.3.rel1.win32_1.1.0.202410251130/tools/bin/../lib/gcc/arm-none-eabi/12.3.1/thumb/v7e-m+fp/hard/crtn.o
                0x20008000                        _estack = (ORIGIN (RAM) + LENGTH (RAM))
                0x00000200                        _Min_Heap_Size = 0x200
                0x00000400                        _Min_Stack_Size = 0x400

.isr_vector     0x08000000      0x1d8
                0x08000000                        . = ALIGN (0x4)
 *(.isr_vector)
 .isr_vector    0x08000000      0x1d8 ./Application/Startup/startup_stm32g431rbtx.o
                0x08000000                g_pfnVectors
                0x080001d8                        . = ALIGN (0x4)

.text           0x080001d8     0x8cdc
                0x080001d8                        . = ALIGN (0x4)
 *(.text)
 .text          0x080001d8       0x40 C:/ST/STM32CubeIDE_1.16.1/STM32CubeIDE/plugins/com.st.stm32cube.ide.mcu.externaltools.gnu-tools-for-stm32.12.3.rel1.win32_1.1.0.202410251130/tools/bin/../lib/gcc/arm-none-eabi/12.3.1/thumb/v7e-m+fp/hard/crtbegin.o
 .text          0x08000218       0x30 C:/ST/STM32CubeIDE_1.16.1/STM32CubeIDE/plugins/com.st.stm32cube.ide.mcu.externaltools.gnu-tools-for-stm32.12.3.rel1.win32_1.1.0.202410251130/tools/bin/../lib/gcc/arm-none-eabi/12.3.1/thumb/v7e-m+fp/hard\libgcc.a(_aeabi_uldivmod.o)
                0x08000218                __aeabi_uldivmod
 .text          0x08000248      0x2bc C:/ST/STM32CubeIDE_1.16.1/STM32CubeIDE/plugins/com.st.stm32cube.ide.mcu.externaltools.gnu-tools-for-stm32.12.3.rel1.win32_1.1.0.202410251130/tools/bin/../lib/gcc/arm-none-eabi/12.3.1/thumb/v7e-m+fp/hard\libgcc.a(_udivmoddi4.o)
                0x08000248                __udivmoddi4
 .text          0x08000504        0x4 C:/ST/STM32CubeIDE_1.16.1/STM32CubeIDE/plugins/com.st.stm32cube.ide.mcu.externaltools.gnu-tools-for-stm32.12.3.rel1.win32_1.1.0.202410251130/tools/bin/../lib/gcc/arm-none-eabi/12.3.1/thumb/v7e-m+fp/hard\libgcc.a(_dvmd_tls.o)
                0x08000504                __aeabi_idiv0
                0x08000504                __aeabi_ldiv0
 *(.text*)
 .text.Reset_Handler
                0x08000508       0x50 ./Application/Startup/startup_stm32g431rbtx.o
                0x08000508                Reset_Handler
 .text.Default_Handler
                0x08000558        0x2 ./Application/Startup/startup_stm32g431rbtx.o
                0x08000558                RTC_Alarm_IRQHandler
                0x08000558                EXTI2_IRQHandler
                0x08000558                TIM8_TRG_COM_IRQHandler
                0x08000558                TIM8_CC_IRQHandler
                0x08000558                DebugMon_Handler
                0x08000558                TIM1_CC_IRQHandler
                0x08000558                USB_HP_IRQHandler
                0x08000558                CORDIC_IRQHandler
                0x08000558                PendSV_Handler
                0x08000558                NMI_Handler
                0x08000558                EXTI3_IRQHandler
                0x08000558                I2C3_ER_IRQHandler
                0x08000558                EXTI0_IRQHandler
                0x08000558                I2C2_EV_IRQHandler
                0x08000558                FPU_IRQHandler
                0x08000558                FDCAN1_IT1_IRQHandler
                0x08000558                UsageFault_Handler
                0x08000558                SPI1_IRQHandler
                0x08000558                TIM6_DAC_IRQHandler
                0x08000558                TIM8_UP_IRQHandler
                0x08000558                DMA2_Channel2_IRQHandler
                0x08000558                DMA1_Channel4_IRQHandler
                0x08000558                USART3_IRQHandler
                0x08000558                TIM4_IRQHandler
                0x08000558                DMA2_Channel1_IRQHandler
                0x08000558                I2C1_EV_IRQHandler
                0x08000558                DMA1_Channel6_IRQHandler
                0x08000558                UART4_IRQHandler
                0x08000558                DMA2_Channel4_IRQHandler
                0x08000558                TIM3_IRQHandler
                0x08000558                RCC_IRQHandler
                0x08000558                DMA1_Channel1_IRQHandler
                0x08000558                Default_Handler
                0x08000558                RTC_TAMP_LSECSS_IRQHandler
                0x08000558                FMAC_IRQHandler
                0x08000558                TIM7_IRQHandler
                0x08000558                UCPD1_IRQHandler
                0x08000558                I2C3_EV_IRQHandler
                0x08000558                EXTI9_5_IRQHandler
                0x08000558                RTC_WKUP_IRQHandler
                0x08000558                PVD_PVM_IRQHandler
                0x08000558                SPI2_IRQHandler
                0x08000558                MemManage_Handler
                0x08000558                SVC_Handler
                0x08000558                DMA2_Channel5_IRQHandler
                0x08000558                CRS_IRQHandler
                0x08000558                DMA1_Channel5_IRQHandler
                0x08000558                USB_LP_IRQHandler
                0x08000558                EXTI4_IRQHandler
                0x08000558                RNG_IRQHandler
                0x08000558                TIM1_TRG_COM_TIM17_IRQHandler
                0x08000558                DMA1_Channel3_IRQHandler
                0x08000558                WWDG_IRQHandler
                0x08000558                LPUART1_IRQHandler
                0x08000558                DMA2_Channel6_IRQHandler
                0x08000558                FDCAN1_IT0_IRQHandler
                0x08000558                TIM2_IRQHandler
                0x08000558                COMP1_2_3_IRQHandler
                0x08000558                EXTI1_IRQHandler
                0x08000558                I2C2_ER_IRQHandler
                0x08000558                DMA1_Channel2_IRQHandler
                0x08000558                TIM8_BRK_IRQHandler
                0x08000558                FLASH_IRQHandler
                0x08000558                BusFault_Handler
                0x08000558                USART1_IRQHandler
                0x08000558                SPI3_IRQHandler
                0x08000558                I2C1_ER_IRQHandler
                0x08000558                LPTIM1_IRQHandler
                0x08000558                DMAMUX_OVR_IRQHandler
                0x08000558                USBWakeUp_IRQHandler
                0x08000558                SAI1_IRQHandler
                0x08000558                DMA2_Channel3_IRQHandler
                0x08000558                COMP4_IRQHandler
 *fill*         0x0800055a        0x2 
 .text.ASPEP_start
                0x0800055c       0x28 ./Application/User/aspep.o
                0x0800055c                ASPEP_start
 .text.ASPEP_sendBeacon
                0x08000584       0x8c ./Application/User/aspep.o
                0x08000584                ASPEP_sendBeacon
 .text.ASPEP_sendPing
                0x08000610       0x8c ./Application/User/aspep.o
                0x08000610                ASPEP_sendPing
 .text.ASPEP_getBuffer
                0x0800069c       0x60 ./Application/User/aspep.o
                0x0800069c                ASPEP_getBuffer
 .text.ASPEP_sendPacket
                0x080006fc      0x118 ./Application/User/aspep.o
                0x080006fc                ASPEP_sendPacket
 .text.ASPEP_HWDataTransmittedIT
                0x08000814       0x98 ./Application/User/aspep.o
                0x08000814                ASPEP_HWDataTransmittedIT
 .text.ASPEP_RXframeProcess
                0x080008ac      0x2c0 ./Application/User/aspep.o
                0x080008ac                ASPEP_RXframeProcess
 .text.ASPEP_HWDataReceivedIT
                0x08000b6c       0x9c ./Application/User/aspep.o
                0x08000b6c                ASPEP_HWDataReceivedIT
 .text.ASPEP_HWReset
                0x08000c08       0x14 ./Application/User/aspep.o
                0x08000c08                ASPEP_HWReset
 .text.SystemClock_Config
                0x08000c1c       0x74 ./Application/User/main.o
                0x08000c1c                SystemClock_Config
 .text.startup.main
                0x08000c90      0x450 ./Application/User/main.o
                0x08000c90                main
 .text.Error_Handler
                0x080010e0        0x4 ./Application/User/main.o
                0x080010e0                Error_Handler
 .text.MC_StartMotor1
                0x080010e4        0xc ./Application/User/mc_api.o
                0x080010e4                MC_StartMotor1
 .text.MC_StopMotor1
                0x080010f0        0xc ./Application/User/mc_api.o
                0x080010f0                MC_StopMotor1
 .text.MC_GetSTMStateMotor1
                0x080010fc        0xc ./Application/User/mc_api.o
                0x080010fc                MC_GetSTMStateMotor1
 .text.MC_ProfilerCommand
                0x08001108        0x4 ./Application/User/mc_api.o
                0x08001108                MC_ProfilerCommand
 .text.MC_APP_BootHook
                0x0800110c        0x4 ./Application/User/mc_app_hooks.o
                0x0800110c                MC_APP_BootHook
 .text.MC_APP_PostMediumFrequencyHook_M1
                0x08001110        0x4 ./Application/User/mc_app_hooks.o
                0x08001110                MC_APP_PostMediumFrequencyHook_M1
 .text.MCI_ExecSpeedRamp
                0x08001114       0x14 ./Application/User/mc_interface.o
                0x08001114                MCI_ExecSpeedRamp
 .text.MCI_ExecTorqueRamp
                0x08001128       0x14 ./Application/User/mc_interface.o
                0x08001128                MCI_ExecTorqueRamp
 .text.MCI_SetCurrentReferences
                0x0800113c       0x14 ./Application/User/mc_interface.o
                0x0800113c                MCI_SetCurrentReferences
 .text.MCI_FaultProcessing
                0x08001150       0x18 ./Application/User/mc_interface.o
                0x08001150                MCI_FaultProcessing
 .text.MCI_ExecBufferedCommands
                0x08001168       0x78 ./Application/User/mc_interface.o
                0x08001168                MCI_ExecBufferedCommands
 .text.MCI_GetSTMState
                0x080011e0        0x4 ./Application/User/mc_interface.o
                0x080011e0                MCI_GetSTMState
 .text.MCI_GetOccurredFaults
                0x080011e4        0x4 ./Application/User/mc_interface.o
                0x080011e4                MCI_GetOccurredFaults
 .text.MCI_GetCurrentFaults
                0x080011e8        0x4 ./Application/User/mc_interface.o
                0x080011e8                MCI_GetCurrentFaults
 .text.MCI_StartMotor
                0x080011ec       0x2c ./Application/User/mc_interface.o
                0x080011ec                MCI_StartMotor
 .text.MCI_StopMotor
                0x08001218       0x38 ./Application/User/mc_interface.o
                0x08001218                MCI_StopMotor
 .text.MCI_FaultAcknowledged
                0x08001250       0x24 ./Application/User/mc_interface.o
                0x08001250                MCI_FaultAcknowledged
 .text.MCI_GetFaultState
                0x08001274        0xc ./Application/User/mc_interface.o
                0x08001274                MCI_GetFaultState
 .text.MCI_GetControlMode
                0x08001280        0x8 ./Application/User/mc_interface.o
                0x08001280                MCI_GetControlMode
 .text.MCI_GetImposedMotorDirection
                0x08001288       0x44 ./Application/User/mc_interface.o
                0x08001288                MCI_GetImposedMotorDirection
 .text.MCI_GetLastRampFinalSpeed
                0x080012cc        0x8 ./Application/User/mc_interface.o
                0x080012cc                MCI_GetLastRampFinalSpeed
 .text.MCI_GetLastRampFinalTorque
                0x080012d4        0x8 ./Application/User/mc_interface.o
                0x080012d4                MCI_GetLastRampFinalTorque
 .text.MCI_GetLastRampFinalDuration
                0x080012dc        0x4 ./Application/User/mc_interface.o
                0x080012dc                MCI_GetLastRampFinalDuration
 .text.MCI_StopRamp
                0x080012e0        0xc ./Application/User/mc_interface.o
                0x080012e0                MCI_StopRamp
 .text.MCI_GetAvrgMecSpeedUnit
                0x080012ec        0x8 ./Application/User/mc_interface.o
                0x080012ec                MCI_GetAvrgMecSpeedUnit
 .text.MCI_GetMecSpeedRefUnit
                0x080012f4        0x8 ./Application/User/mc_interface.o
                0x080012f4                MCI_GetMecSpeedRefUnit
 .text.MCI_GetIab
                0x080012fc       0x1c ./Application/User/mc_interface.o
                0x080012fc                MCI_GetIab
 .text.MCI_GetIalphabeta
                0x08001318       0x1c ./Application/User/mc_interface.o
                0x08001318                MCI_GetIalphabeta
 .text.MCI_GetIqd
                0x08001334       0x1c ./Application/User/mc_interface.o
                0x08001334                MCI_GetIqd
 .text.MCI_GetIqdref
                0x08001350       0x1c ./Application/User/mc_interface.o
                0x08001350                MCI_GetIqdref
 .text.MCI_GetVqd
                0x0800136c       0x1c ./Application/User/mc_interface.o
                0x0800136c                MCI_GetVqd
 .text.MCI_GetValphabeta
                0x08001388       0x1c ./Application/User/mc_interface.o
                0x08001388                MCI_GetValphabeta
 .text.MCI_GetTeref
                0x080013a4        0x8 ./Application/User/mc_interface.o
                0x080013a4                MCI_GetTeref
 .text.MCI_Clear_Iqdref
                0x080013ac       0x14 ./Application/User/mc_interface.o
                0x080013ac                MCI_Clear_Iqdref
 .text.MCM_Clarke
                0x080013c0       0x54 ./Application/User/mc_math.o
                0x080013c0                MCM_Clarke
 .text.MCM_Trig_Functions
                0x08001414       0x2c ./Application/User/mc_math.o
                0x08001414                MCM_Trig_Functions
 .text.MCM_Park
                0x08001440       0x84 ./Application/User/mc_math.o
                0x08001440                MCM_Park
 .text.MCM_Rev_Park
                0x080014c4       0x3c ./Application/User/mc_math.o
                0x080014c4                MCM_Rev_Park
 .text.MCM_Sqrt
                0x08001500       0x20 ./Application/User/mc_math.o
                0x08001500                MCM_Sqrt
 .text.MCboot   0x08001520       0x6c ./Application/User/mc_tasks.o
                0x08001520                MCboot
 .text.TSK_SetChargeBootCapDelayM1
                0x0800158c        0xc ./Application/User/mc_tasks.o
                0x0800158c                TSK_SetChargeBootCapDelayM1
 .text.TSK_ChargeBootCapDelayHasElapsedM1
                0x08001598       0x14 ./Application/User/mc_tasks.o
                0x08001598                TSK_ChargeBootCapDelayHasElapsedM1
 .text.TSK_SetStopPermanencyTimeM1
                0x080015ac        0xc ./Application/User/mc_tasks.o
                0x080015ac                TSK_SetStopPermanencyTimeM1
 .text.TSK_StopPermanencyTimeHasElapsedM1
                0x080015b8       0x14 ./Application/User/mc_tasks.o
                0x080015b8                TSK_StopPermanencyTimeHasElapsedM1
 .text.TSK_HighFrequencyTask
                0x080015cc       0x2c ./Application/User/mc_tasks.o
                0x080015cc                TSK_HighFrequencyTask
 .text.TSK_SafetyTask_PWMOFF
                0x080015f8       0xa8 ./Application/User/mc_tasks.o
                0x080015f8                TSK_SafetyTask_PWMOFF
 .text.TSK_SafetyTask
                0x080016a0       0x20 ./Application/User/mc_tasks.o
                0x080016a0                TSK_SafetyTask
 .text.MC_RunMotorControlTasks
                0x080016c0       0x90 ./Application/User/mc_tasks.o
                0x080016c0                MC_RunMotorControlTasks
 .text.TSK_HardwareFaultTask
                0x08001750       0x1c ./Application/User/mc_tasks.o
                0x08001750                TSK_HardwareFaultTask
 .text.UI_HandleStartStopButton_cb
                0x0800176c       0x18 ./Application/User/mc_tasks.o
                0x0800176c                UI_HandleStartStopButton_cb
 .text.mc_lock_pins
                0x08001784       0xfc ./Application/User/mc_tasks.o
                0x08001784                mc_lock_pins
 .text.FOC_Clear
                0x08001880       0x74 ./Application/User/mc_tasks_foc.o
                0x08001880                FOC_Clear
 .text.FOC_Init
                0x080018f4       0xe0 ./Application/User/mc_tasks_foc.o
                0x080018f4                FOC_Init
 .text.FOC_InitAdditionalMethods
                0x080019d4        0x4 ./Application/User/mc_tasks_foc.o
                0x080019d4                FOC_InitAdditionalMethods
 .text.FOC_CalcCurrRef
                0x080019d8       0x44 ./Application/User/mc_tasks_foc.o
                0x080019d8                FOC_CalcCurrRef
 .text.TSK_MediumFrequencyTaskM1
                0x08001a1c      0x30c ./Application/User/mc_tasks_foc.o
                0x08001a1c                TSK_MediumFrequencyTaskM1
 .text.FOC_HighFrequencyTask
                0x08001d28      0x168 ./Application/User/mc_tasks_foc.o
                0x08001d28                FOC_HighFrequencyTask
 .text.RI_SetRegCommandParser
                0x08001e90       0xd8 ./Application/User/mcp.o
                0x08001e90                RI_SetRegCommandParser
 .text.RI_GetRegCommandParser
                0x08001f68       0x90 ./Application/User/mcp.o
                0x08001f68                RI_GetRegCommandParser
 .text.MCP_ReceivedPacket
                0x08001ff8      0x184 ./Application/User/mcp.o
                0x08001ff8                MCP_ReceivedPacket
 .text.MX_MotorControl_Init
                0x0800217c       0x3c ./Application/User/motorcontrol.o
                0x0800217c                MX_MotorControl_Init
 .text.startTimers
                0x080021b8       0x9c ./Application/User/pwm_common.o
                0x080021b8                startTimers
 .text.waitForPolarizationEnd
                0x08002254       0x3c ./Application/User/pwm_common.o
                0x08002254                waitForPolarizationEnd
 .text.PWMC_SetPhaseVoltage
                0x08002290      0x290 ./Application/User/pwm_curr_fdbk.o
                0x08002290                PWMC_SetPhaseVoltage
 .text.PWMC_SwitchOffPWM
                0x08002520        0x4 ./Application/User/pwm_curr_fdbk.o
                0x08002520                PWMC_SwitchOffPWM
 .text.PWMC_SwitchOnPWM
                0x08002524        0x4 ./Application/User/pwm_curr_fdbk.o
                0x08002524                PWMC_SwitchOnPWM
 .text.PWMC_CurrentReadingCalibr
                0x08002528       0x34 ./Application/User/pwm_curr_fdbk.o
                0x08002528                PWMC_CurrentReadingCalibr
 .text.PWMC_DP_Handler
                0x0800255c       0x40 ./Application/User/pwm_curr_fdbk.o
                0x0800255c                PWMC_DP_Handler
 .text.PWMC_OVP_Handler
                0x0800259c       0x1c ./Application/User/pwm_curr_fdbk.o
                0x0800259c                PWMC_OVP_Handler
 .text.PWMC_IsFaultOccurred
                0x080025b8       0x38 ./Application/User/pwm_curr_fdbk.o
                0x080025b8                PWMC_IsFaultOccurred
 .text.RI_SetRegisterGlobal
                0x080025f0      0x104 ./Application/User/register_interface.o
                0x080025f0                RI_SetRegisterGlobal
 .text.RI_SetRegisterMotor1
                0x080026f4      0x5c4 ./Application/User/register_interface.o
                0x080026f4                RI_SetRegisterMotor1
 .text.RI_GetRegisterGlobal
                0x08002cb8      0x134 ./Application/User/register_interface.o
                0x08002cb8                RI_GetRegisterGlobal
 .text.RI_GetRegisterMotor1
                0x08002dec      0x7ac ./Application/User/register_interface.o
                0x08002dec                RI_GetRegisterMotor1
 .text.RI_GetIDSize
                0x08003598       0x18 ./Application/User/register_interface.o
                0x08003598                RI_GetIDSize
 .text.RI_GetPtrReg
                0x080035b0      0x130 ./Application/User/register_interface.o
                0x080035b0                RI_GetPtrReg
 .text.RCM_RegisterRegConv
                0x080036e0      0x1f8 ./Application/User/regular_conversion_manager.o
                0x080036e0                RCM_RegisterRegConv
 .text.RCM_ExecRegularConv
                0x080038d8      0x190 ./Application/User/regular_conversion_manager.o
                0x080038d8                RCM_ExecRegularConv
 .text.RCM_ExecUserConv
                0x08003a68       0x68 ./Application/User/regular_conversion_manager.o
                0x08003a68                RCM_ExecUserConv
 .text.RCM_ExecNextConv
                0x08003ad0       0x88 ./Application/User/regular_conversion_manager.o
                0x08003ad0                RCM_ExecNextConv
 .text.RCM_ReadOngoingConv
                0x08003b58       0x58 ./Application/User/regular_conversion_manager.o
                0x08003b58                RCM_ReadOngoingConv
 .text.USART2_IRQHandler
                0x08003bb0      0x11c ./Application/User/stm32_mc_common_it.o
                0x08003bb0                USART2_IRQHandler
 .text.HardFault_Handler
                0x08003ccc        0x8 ./Application/User/stm32_mc_common_it.o
                0x08003ccc                HardFault_Handler
 .text.SysTick_Handler
                0x08003cd4       0x44 ./Application/User/stm32_mc_common_it.o
                0x08003cd4                SysTick_Handler
 .text.EXTI15_10_IRQHandler
                0x08003d18       0x18 ./Application/User/stm32_mc_common_it.o
                0x08003d18                EXTI15_10_IRQHandler
 .text.HAL_MspInit
                0x08003d30       0x40 ./Application/User/stm32g4xx_hal_msp.o
                0x08003d30                HAL_MspInit
 .text.HAL_ADC_MspInit
                0x08003d70      0x130 ./Application/User/stm32g4xx_hal_msp.o
                0x08003d70                HAL_ADC_MspInit
 .text.HAL_CORDIC_MspInit
                0x08003ea0       0x30 ./Application/User/stm32g4xx_hal_msp.o
                0x08003ea0                HAL_CORDIC_MspInit
 .text.HAL_TIM_PWM_MspInit
                0x08003ed0       0x78 ./Application/User/stm32g4xx_hal_msp.o
                0x08003ed0                HAL_TIM_PWM_MspInit
 .text.HAL_TIM_MspPostInit
                0x08003f48       0x74 ./Application/User/stm32g4xx_hal_msp.o
                0x08003f48                HAL_TIM_MspPostInit
 .text.HAL_UART_MspInit
                0x08003fbc       0xfc ./Application/User/stm32g4xx_hal_msp.o
                0x08003fbc                HAL_UART_MspInit
 .text.ADC1_2_IRQHandler
                0x080040b8        0xc ./Application/User/stm32g4xx_mc_it.o
                0x080040b8                ADC1_2_IRQHandler
 .text.TIM1_UP_TIM16_IRQHandler
                0x080040c4       0x18 ./Application/User/stm32g4xx_mc_it.o
                0x080040c4                TIM1_UP_TIM16_IRQHandler
 .text.TIM1_BRK_TIM15_IRQHandler
                0x080040dc       0x3c ./Application/User/stm32g4xx_mc_it.o
                0x080040dc                TIM1_BRK_TIM15_IRQHandler
 .text.UASPEP_INIT
                0x08004118       0x84 ./Application/User/usart_aspep_driver.o
                0x08004118                UASPEP_INIT
 .text.UASPEP_CFG_TRANSMISSION
                0x0800419c       0x38 ./Application/User/usart_aspep_driver.o
                0x0800419c                UASPEP_CFG_TRANSMISSION
 .text.UASPEP_CFG_RECEPTION
                0x080041d4       0x38 ./Application/User/usart_aspep_driver.o
                0x080041d4                UASPEP_CFG_RECEPTION
 .text.UASPEP_IDLE_ENABLE
                0x0800420c       0x18 ./Application/User/usart_aspep_driver.o
                0x0800420c                UASPEP_IDLE_ENABLE
 .text.SystemInit
                0x08004224       0x14 ./Drivers/CMSIS/system_stm32g4xx.o
                0x08004224                SystemInit
 .text.HAL_InitTick
                0x08004238       0x4c ./Drivers/STM32G4xx_HAL_Driver/stm32g4xx_hal.o
                0x08004238                HAL_InitTick
 .text.HAL_Init
                0x08004284       0x30 ./Drivers/STM32G4xx_HAL_Driver/stm32g4xx_hal.o
                0x08004284                HAL_Init
 .text.HAL_IncTick
                0x080042b4       0x18 ./Drivers/STM32G4xx_HAL_Driver/stm32g4xx_hal.o
                0x080042b4                HAL_IncTick
 .text.HAL_GetTick
                0x080042cc        0xc ./Drivers/STM32G4xx_HAL_Driver/stm32g4xx_hal.o
                0x080042cc                HAL_GetTick
 .text.HAL_ADC_Init
                0x080042d8      0x1f4 ./Drivers/STM32G4xx_HAL_Driver/stm32g4xx_hal_adc.o
                0x080042d8                HAL_ADC_Init
 .text.HAL_ADC_ConfigChannel
                0x080044cc      0x4a4 ./Drivers/STM32G4xx_HAL_Driver/stm32g4xx_hal_adc.o
                0x080044cc                HAL_ADC_ConfigChannel
 .text.HAL_ADCEx_InjectedConfigChannel
                0x08004970      0x5c0 ./Drivers/STM32G4xx_HAL_Driver/stm32g4xx_hal_adc_ex.o
                0x08004970                HAL_ADCEx_InjectedConfigChannel
 .text.HAL_ADCEx_MultiModeConfigChannel
                0x08004f30       0xcc ./Drivers/STM32G4xx_HAL_Driver/stm32g4xx_hal_adc_ex.o
                0x08004f30                HAL_ADCEx_MultiModeConfigChannel
 .text.HAL_CORDIC_Init
                0x08004ffc       0x34 ./Drivers/STM32G4xx_HAL_Driver/stm32g4xx_hal_cordic.o
                0x08004ffc                HAL_CORDIC_Init
 .text.HAL_NVIC_SetPriorityGrouping
                0x08005030       0x24 ./Drivers/STM32G4xx_HAL_Driver/stm32g4xx_hal_cortex.o
                0x08005030                HAL_NVIC_SetPriorityGrouping
 .text.HAL_NVIC_SetPriority
                0x08005054       0x78 ./Drivers/STM32G4xx_HAL_Driver/stm32g4xx_hal_cortex.o
                0x08005054                HAL_NVIC_SetPriority
 .text.HAL_NVIC_EnableIRQ
                0x080050cc       0x1c ./Drivers/STM32G4xx_HAL_Driver/stm32g4xx_hal_cortex.o
                0x080050cc                HAL_NVIC_EnableIRQ
 .text.HAL_NVIC_SystemReset
                0x080050e8       0x24 ./Drivers/STM32G4xx_HAL_Driver/stm32g4xx_hal_cortex.o
                0x080050e8                HAL_NVIC_SystemReset
 .text.HAL_SYSTICK_Config
                0x0800510c       0x34 ./Drivers/STM32G4xx_HAL_Driver/stm32g4xx_hal_cortex.o
                0x0800510c                HAL_SYSTICK_Config
 .text.HAL_SYSTICK_Callback
                0x08005140        0x4 ./Drivers/STM32G4xx_HAL_Driver/stm32g4xx_hal_cortex.o
                0x08005140                HAL_SYSTICK_Callback
 .text.HAL_SYSTICK_IRQHandler
                0x08005144        0x8 ./Drivers/STM32G4xx_HAL_Driver/stm32g4xx_hal_cortex.o
                0x08005144                HAL_SYSTICK_IRQHandler
 .text.HAL_DMA_Init
                0x0800514c      0x124 ./Drivers/STM32G4xx_HAL_Driver/stm32g4xx_hal_dma.o
                0x0800514c                HAL_DMA_Init
 .text.HAL_GPIO_Init
                0x08005270      0x210 ./Drivers/STM32G4xx_HAL_Driver/stm32g4xx_hal_gpio.o
                0x08005270                HAL_GPIO_Init
 .text.HAL_GPIO_WritePin
                0x08005480        0xc ./Drivers/STM32G4xx_HAL_Driver/stm32g4xx_hal_gpio.o
                0x08005480                HAL_GPIO_WritePin
 .text.HAL_PWREx_ControlVoltageScaling
                0x0800548c       0xe4 ./Drivers/STM32G4xx_HAL_Driver/stm32g4xx_hal_pwr_ex.o
                0x0800548c                HAL_PWREx_ControlVoltageScaling
 .text.HAL_PWREx_DisableUCPDDeadBattery
                0x08005570       0x10 ./Drivers/STM32G4xx_HAL_Driver/stm32g4xx_hal_pwr_ex.o
                0x08005570                HAL_PWREx_DisableUCPDDeadBattery
 .text.HAL_RCC_OscConfig
                0x08005580      0x48c ./Drivers/STM32G4xx_HAL_Driver/stm32g4xx_hal_rcc.o
                0x08005580                HAL_RCC_OscConfig
 .text.HAL_RCC_GetSysClockFreq
                0x08005a0c       0x70 ./Drivers/STM32G4xx_HAL_Driver/stm32g4xx_hal_rcc.o
                0x08005a0c                HAL_RCC_GetSysClockFreq
 .text.HAL_RCC_ClockConfig
                0x08005a7c      0x208 ./Drivers/STM32G4xx_HAL_Driver/stm32g4xx_hal_rcc.o
                0x08005a7c                HAL_RCC_ClockConfig
 .text.HAL_RCC_GetHCLKFreq
                0x08005c84        0xc ./Drivers/STM32G4xx_HAL_Driver/stm32g4xx_hal_rcc.o
                0x08005c84                HAL_RCC_GetHCLKFreq
 .text.HAL_RCC_GetPCLK1Freq
                0x08005c90       0x24 ./Drivers/STM32G4xx_HAL_Driver/stm32g4xx_hal_rcc.o
                0x08005c90                HAL_RCC_GetPCLK1Freq
 .text.HAL_RCC_GetPCLK2Freq
                0x08005cb4       0x24 ./Drivers/STM32G4xx_HAL_Driver/stm32g4xx_hal_rcc.o
                0x08005cb4                HAL_RCC_GetPCLK2Freq
 .text.HAL_RCC_EnableCSS
                0x08005cd8       0x10 ./Drivers/STM32G4xx_HAL_Driver/stm32g4xx_hal_rcc.o
                0x08005cd8                HAL_RCC_EnableCSS
 .text.HAL_RCCEx_PeriphCLKConfig
                0x08005ce8      0x2a0 ./Drivers/STM32G4xx_HAL_Driver/stm32g4xx_hal_rcc_ex.o
                0x08005ce8                HAL_RCCEx_PeriphCLKConfig
 .text.TIM_OC1_SetConfig
                0x08005f88       0x78 ./Drivers/STM32G4xx_HAL_Driver/stm32g4xx_hal_tim.o
 .text.TIM_OC3_SetConfig
                0x08006000       0x80 ./Drivers/STM32G4xx_HAL_Driver/stm32g4xx_hal_tim.o
 .text.TIM_OC4_SetConfig
                0x08006080       0x84 ./Drivers/STM32G4xx_HAL_Driver/stm32g4xx_hal_tim.o
 .text.HAL_TIM_PWM_Init
                0x08006104       0xfc ./Drivers/STM32G4xx_HAL_Driver/stm32g4xx_hal_tim.o
                0x08006104                HAL_TIM_PWM_Init
 .text.TIM_OC2_SetConfig
                0x08006200       0x84 ./Drivers/STM32G4xx_HAL_Driver/stm32g4xx_hal_tim.o
                0x08006200                TIM_OC2_SetConfig
 .text.HAL_TIM_PWM_ConfigChannel
                0x08006284      0x1cc ./Drivers/STM32G4xx_HAL_Driver/stm32g4xx_hal_tim.o
                0x08006284                HAL_TIM_PWM_ConfigChannel
 .text.HAL_TIMEx_MasterConfigSynchronization
                0x08006450       0xa4 ./Drivers/STM32G4xx_HAL_Driver/stm32g4xx_hal_tim_ex.o
                0x08006450                HAL_TIMEx_MasterConfigSynchronization
 .text.HAL_TIMEx_ConfigBreakDeadTime
                0x080064f4       0x9c ./Drivers/STM32G4xx_HAL_Driver/stm32g4xx_hal_tim_ex.o
                0x080064f4                HAL_TIMEx_ConfigBreakDeadTime
 .text.HAL_TIMEx_ConfigBreakInput
                0x08006590       0xb0 ./Drivers/STM32G4xx_HAL_Driver/stm32g4xx_hal_tim_ex.o
                0x08006590                HAL_TIMEx_ConfigBreakInput
 .text.UART_SetConfig
                0x08006640      0x294 ./Drivers/STM32G4xx_HAL_Driver/stm32g4xx_hal_uart.o
                0x08006640                UART_SetConfig
 .text.UART_AdvFeatureConfig
                0x080068d4       0xb0 ./Drivers/STM32G4xx_HAL_Driver/stm32g4xx_hal_uart.o
                0x080068d4                UART_AdvFeatureConfig
 .text.UART_CheckIdleState
                0x08006984      0x258 ./Drivers/STM32G4xx_HAL_Driver/stm32g4xx_hal_uart.o
                0x08006984                UART_CheckIdleState
 .text.HAL_UART_Init
                0x08006bdc       0x68 ./Drivers/STM32G4xx_HAL_Driver/stm32g4xx_hal_uart.o
                0x08006bdc                HAL_UART_Init
 .text.HAL_UARTEx_DisableFifoMode
                0x08006c44       0x3c ./Drivers/STM32G4xx_HAL_Driver/stm32g4xx_hal_uart_ex.o
                0x08006c44                HAL_UARTEx_DisableFifoMode
 .text.HAL_UARTEx_SetTxFifoThreshold
                0x08006c80       0x84 ./Drivers/STM32G4xx_HAL_Driver/stm32g4xx_hal_uart_ex.o
                0x08006c80                HAL_UARTEx_SetTxFifoThreshold
 .text.HAL_UARTEx_SetRxFifoThreshold
                0x08006d04       0x84 ./Drivers/STM32G4xx_HAL_Driver/stm32g4xx_hal_uart_ex.o
                0x08006d04                HAL_UARTEx_SetRxFifoThreshold
 .text.VBS_GetAvBusVoltage_V
                0x08006d88        0xc ./Middlewares/MotorControl/bus_voltage_sensor.o
                0x08006d88                VBS_GetAvBusVoltage_V
 .text.Circle_Limitation
                0x08006d94       0x5c ./Middlewares/MotorControl/circle_limitation.o
                0x08006d94                Circle_Limitation
 .text.MCPA_dataLog
                0x08006df0      0x180 ./Middlewares/MotorControl/mcpa.o
                0x08006df0                MCPA_dataLog
 .text.MCPA_flushDataLog
                0x08006f70       0x5c ./Middlewares/MotorControl/mcpa.o
                0x08006f70                MCPA_flushDataLog
 .text.MCPA_cfgLog
                0x08006fcc       0xf4 ./Middlewares/MotorControl/mcpa.o
                0x08006fcc                MCPA_cfgLog
 .text.NTC_SetFaultState
                0x080070c0       0x2c ./Middlewares/MotorControl/ntc_temperature_sensor.o
                0x080070c0                NTC_SetFaultState
 .text.NTC_Init
                0x080070ec       0x24 ./Middlewares/MotorControl/ntc_temperature_sensor.o
                0x080070ec                NTC_Init
 .text.NTC_CalcAvTemp
                0x08007110       0x30 ./Middlewares/MotorControl/ntc_temperature_sensor.o
                0x08007110                NTC_CalcAvTemp
 .text.NTC_GetAvTemp_C
                0x08007140       0x24 ./Middlewares/MotorControl/ntc_temperature_sensor.o
                0x08007140                NTC_GetAvTemp_C
 .text.PID_HandleInit
                0x08007164       0x10 ./Middlewares/MotorControl/pid_regulator.o
                0x08007164                PID_HandleInit
 .text.PID_SetKP
                0x08007174        0x4 ./Middlewares/MotorControl/pid_regulator.o
                0x08007174                PID_SetKP
 .text.PID_SetKI
                0x08007178        0x4 ./Middlewares/MotorControl/pid_regulator.o
                0x08007178                PID_SetKI
 .text.PID_GetKP
                0x0800717c        0x8 ./Middlewares/MotorControl/pid_regulator.o
                0x0800717c                PID_GetKP
 .text.PID_GetKI
                0x08007184        0x8 ./Middlewares/MotorControl/pid_regulator.o
                0x08007184                PID_GetKI
 .text.PID_SetIntegralTerm
                0x0800718c        0x4 ./Middlewares/MotorControl/pid_regulator.o
                0x0800718c                PID_SetIntegralTerm
 .text.PID_GetKPDivisorPOW2
                0x08007190        0x4 ./Middlewares/MotorControl/pid_regulator.o
                0x08007190                PID_GetKPDivisorPOW2
 .text.PID_SetKPDivisorPOW2
                0x08007194        0xc ./Middlewares/MotorControl/pid_regulator.o
                0x08007194                PID_SetKPDivisorPOW2
 .text.PID_GetKIDivisor
                0x080071a0        0x4 ./Middlewares/MotorControl/pid_regulator.o
                0x080071a0                PID_GetKIDivisor
 .text.PID_GetKIDivisorPOW2
                0x080071a4        0x4 ./Middlewares/MotorControl/pid_regulator.o
                0x080071a4                PID_GetKIDivisorPOW2
 .text.PID_SetLowerIntegralTermLimit
                0x080071a8        0x4 ./Middlewares/MotorControl/pid_regulator.o
                0x080071a8                PID_SetLowerIntegralTermLimit
 .text.PID_SetUpperIntegralTermLimit
                0x080071ac        0x4 ./Middlewares/MotorControl/pid_regulator.o
                0x080071ac                PID_SetUpperIntegralTermLimit
 .text.PID_SetKIDivisorPOW2
                0x080071b0       0x28 ./Middlewares/MotorControl/pid_regulator.o
                0x080071b0                PID_SetKIDivisorPOW2
 .text.PID_SetKD
                0x080071d8        0x4 ./Middlewares/MotorControl/pid_regulator.o
                0x080071d8                PID_SetKD
 .text.PID_GetKD
                0x080071dc        0x8 ./Middlewares/MotorControl/pid_regulator.o
                0x080071dc                PID_GetKD
 .text.PID_GetKDDivisorPOW2
                0x080071e4        0x4 ./Middlewares/MotorControl/pid_regulator.o
                0x080071e4                PID_GetKDDivisorPOW2
 .text.PID_SetKDDivisorPOW2
                0x080071e8        0xc ./Middlewares/MotorControl/pid_regulator.o
                0x080071e8                PID_SetKDDivisorPOW2
 .text.PI_Controller
                0x080071f4       0x80 ./Middlewares/MotorControl/pid_regulator.o
                0x080071f4                PI_Controller
 .text.PQD_CalcElMotorPower
                0x08007274       0x38 ./Middlewares/MotorControl/pqd_motor_power_measurement.o
                0x08007274                PQD_CalcElMotorPower
 .text.PQD_GetAvrgElMotorPowerW
                0x080072ac       0x34 ./Middlewares/MotorControl/pqd_motor_power_measurement.o
                0x080072ac                PQD_GetAvrgElMotorPowerW
 .text.R3_1_GetPhaseCurrents
                0x080072e0      0x178 ./Middlewares/MotorControl/r3_1_g4xx_pwm_curr_fdbk.o
                0x080072e0                R3_1_GetPhaseCurrents
 .text.R3_1_SetADCSampPointPolarization
                0x08007458       0x44 ./Middlewares/MotorControl/r3_1_g4xx_pwm_curr_fdbk.o
                0x08007458                R3_1_SetADCSampPointPolarization
 .text.R3_1_HFCurrentsPolarizationAB
                0x0800749c       0x50 ./Middlewares/MotorControl/r3_1_g4xx_pwm_curr_fdbk.o
 .text.R3_1_HFCurrentsPolarizationC
                0x080074ec       0x48 ./Middlewares/MotorControl/r3_1_g4xx_pwm_curr_fdbk.o
 .text.R3_1_SwitchOnPWM
                0x08007534       0x94 ./Middlewares/MotorControl/r3_1_g4xx_pwm_curr_fdbk.o
                0x08007534                R3_1_SwitchOnPWM
 .text.R3_1_SwitchOffPWM
                0x080075c8       0x7c ./Middlewares/MotorControl/r3_1_g4xx_pwm_curr_fdbk.o
                0x080075c8                R3_1_SwitchOffPWM
 .text.R3_1_RLGetPhaseCurrents
                0x08007644       0x4c ./Middlewares/MotorControl/r3_1_g4xx_pwm_curr_fdbk.o
 .text.R3_1_RLSwitchOnPWM
                0x08007690       0x98 ./Middlewares/MotorControl/r3_1_g4xx_pwm_curr_fdbk.o
 .text.R3_1_TurnOnLowSides
                0x08007728       0x54 ./Middlewares/MotorControl/r3_1_g4xx_pwm_curr_fdbk.o
                0x08007728                R3_1_TurnOnLowSides
 .text.R3_1_SetAOReferenceVoltage
                0x0800777c       0x98 ./Middlewares/MotorControl/r3_1_g4xx_pwm_curr_fdbk.o
 .text.R3_1_RLTurnOnLowSides
                0x08007814       0x50 ./Middlewares/MotorControl/r3_1_g4xx_pwm_curr_fdbk.o
 .text.R3_1_Init
                0x08007864      0x30c ./Middlewares/MotorControl/r3_1_g4xx_pwm_curr_fdbk.o
                0x08007864                R3_1_Init
 .text.R3_1_SetOffsetCalib
                0x08007b70       0x1c ./Middlewares/MotorControl/r3_1_g4xx_pwm_curr_fdbk.o
                0x08007b70                R3_1_SetOffsetCalib
 .text.R3_1_GetOffsetCalib
                0x08007b8c       0x10 ./Middlewares/MotorControl/r3_1_g4xx_pwm_curr_fdbk.o
                0x08007b8c                R3_1_GetOffsetCalib
 .text.R3_1_CurrentReadingPolarization
                0x08007b9c      0x13c ./Middlewares/MotorControl/r3_1_g4xx_pwm_curr_fdbk.o
                0x08007b9c                R3_1_CurrentReadingPolarization
 .text.R3_1_SetADCSampPointSectX
                0x08007cd8       0x8c ./Middlewares/MotorControl/r3_1_g4xx_pwm_curr_fdbk.o
                0x08007cd8                R3_1_SetADCSampPointSectX
 .text.R3_1_TIMx_UP_IRQHandler
                0x08007d64       0x74 ./Middlewares/MotorControl/r3_1_g4xx_pwm_curr_fdbk.o
                0x08007d64                R3_1_TIMx_UP_IRQHandler
 .text.R3_1_RLDetectionModeEnable
                0x08007dd8       0xd8 ./Middlewares/MotorControl/r3_1_g4xx_pwm_curr_fdbk.o
                0x08007dd8                R3_1_RLDetectionModeEnable
 .text.R3_1_RLDetectionModeDisable
                0x08007eb0      0x12c ./Middlewares/MotorControl/r3_1_g4xx_pwm_curr_fdbk.o
                0x08007eb0                R3_1_RLDetectionModeDisable
 .text.R3_1_RLDetectionModeSetDuty
                0x08007fdc       0x84 ./Middlewares/MotorControl/r3_1_g4xx_pwm_curr_fdbk.o
                0x08007fdc                R3_1_RLDetectionModeSetDuty
 .text.R3_1_RLTurnOnLowSidesAndStart
                0x08008060       0x80 ./Middlewares/MotorControl/r3_1_g4xx_pwm_curr_fdbk.o
                0x08008060                R3_1_RLTurnOnLowSidesAndStart
 .text.RVBS_Clear
                0x080080e0       0x3c ./Middlewares/MotorControl/r_divider_bus_voltage_sensor.o
                0x080080e0                RVBS_Clear
 .text.RVBS_Init
                0x0800811c        0x8 ./Middlewares/MotorControl/r_divider_bus_voltage_sensor.o
                0x0800811c                RVBS_Init
 .text.RVBS_CheckFaultState
                0x08008124       0x50 ./Middlewares/MotorControl/r_divider_bus_voltage_sensor.o
                0x08008124                RVBS_CheckFaultState
 .text.RVBS_CalcAvVbus
                0x08008174       0x5c ./Middlewares/MotorControl/r_divider_bus_voltage_sensor.o
                0x08008174                RVBS_CalcAvVbus
 .text.REMNG_Init
                0x080081d0       0x10 ./Middlewares/MotorControl/ramp_ext_mngr.o
                0x080081d0                REMNG_Init
 .text.REMNG_Calc
                0x080081e0       0x44 ./Middlewares/MotorControl/ramp_ext_mngr.o
                0x080081e0                REMNG_Calc
 .text.REMNG_RampCompleted
                0x08008224        0xc ./Middlewares/MotorControl/ramp_ext_mngr.o
                0x08008224                REMNG_RampCompleted
 .text.getScalingFactor
                0x08008230       0x38 ./Middlewares/MotorControl/ramp_ext_mngr.o
                0x08008230                getScalingFactor
 .text.REMNG_ExecRamp
                0x08008268       0x8c ./Middlewares/MotorControl/ramp_ext_mngr.o
                0x08008268                REMNG_ExecRamp
 .text.RUC_Init
                0x080082f4       0x7c ./Middlewares/MotorControl/revup_ctrl.o
                0x080082f4                RUC_Init
 .text.RUC_Clear
                0x08008370       0x98 ./Middlewares/MotorControl/revup_ctrl.o
                0x08008370                RUC_Clear
 .text.RUC_Exec
                0x08008408       0x6c ./Middlewares/MotorControl/revup_ctrl.o
                0x08008408                RUC_Exec
 .text.RUC_FirstAccelerationStageReached
                0x08008474       0x14 ./Middlewares/MotorControl/revup_ctrl.o
                0x08008474                RUC_FirstAccelerationStageReached
 .text.SPD_GetAvrgMecSpeedUnit
                0x08008488        0x8 ./Middlewares/MotorControl/speed_pos_fdbk.o
                0x08008488                SPD_GetAvrgMecSpeedUnit
 .text.SPD_IsMecSpeedReliable
                0x08008490       0x6c ./Middlewares/MotorControl/speed_pos_fdbk.o
                0x08008490                SPD_IsMecSpeedReliable
 .text.SPD_GetS16Speed
                0x080084fc       0x14 ./Middlewares/MotorControl/speed_pos_fdbk.o
                0x080084fc                SPD_GetS16Speed
 .text.STC_Init
                0x08008510       0x2c ./Middlewares/MotorControl/speed_torq_ctrl.o
                0x08008510                STC_Init
 .text.STC_SetSpeedSensor
                0x0800853c        0x4 ./Middlewares/MotorControl/speed_torq_ctrl.o
                0x0800853c                STC_SetSpeedSensor
 .text.STC_Clear
                0x08008540       0x10 ./Middlewares/MotorControl/speed_torq_ctrl.o
                0x08008540                STC_Clear
 .text.STC_GetMecSpeedRefUnit
                0x08008550        0x8 ./Middlewares/MotorControl/speed_torq_ctrl.o
                0x08008550                STC_GetMecSpeedRefUnit
 .text.STC_SetControlMode
                0x08008558        0x8 ./Middlewares/MotorControl/speed_torq_ctrl.o
                0x08008558                STC_SetControlMode
 .text.STC_ExecRamp
                0x08008560       0x90 ./Middlewares/MotorControl/speed_torq_ctrl.o
                0x08008560                STC_ExecRamp
 .text.STC_CalcTorqueReference
                0x080085f0       0x6c ./Middlewares/MotorControl/speed_torq_ctrl.o
                0x080085f0                STC_CalcTorqueReference
 .text.STC_GetMecSpeedRefUnitDefault
                0x0800865c        0x8 ./Middlewares/MotorControl/speed_torq_ctrl.o
                0x0800865c                STC_GetMecSpeedRefUnitDefault
 .text.STC_GetDefaultIqdref
                0x08008664       0x1c ./Middlewares/MotorControl/speed_torq_ctrl.o
                0x08008664                STC_GetDefaultIqdref
 .text.STC_ForceSpeedReferenceToCurrentSpeed
                0x08008680       0x10 ./Middlewares/MotorControl/speed_torq_ctrl.o
                0x08008680                STC_ForceSpeedReferenceToCurrentSpeed
 .text.STO_PLL_CalcElAngle
                0x08008690      0x1e4 ./Middlewares/MotorControl/sto_pll_speed_pos_fdbk.o
                0x08008690                STO_PLL_CalcElAngle
 .text.STO_PLL_CalcAvrgMecSpeedUnit
                0x08008874      0x140 ./Middlewares/MotorControl/sto_pll_speed_pos_fdbk.o
                0x08008874                STO_PLL_CalcAvrgMecSpeedUnit
 .text.STO_PLL_CalcAvrgElSpeedDpp
                0x080089b4       0x58 ./Middlewares/MotorControl/sto_pll_speed_pos_fdbk.o
                0x080089b4                STO_PLL_CalcAvrgElSpeedDpp
 .text.STO_PLL_Clear
                0x08008a0c       0x4c ./Middlewares/MotorControl/sto_pll_speed_pos_fdbk.o
                0x08008a0c                STO_PLL_Clear
 .text.STO_PLL_Init
                0x08008a58       0x74 ./Middlewares/MotorControl/sto_pll_speed_pos_fdbk.o
                0x08008a58                STO_PLL_Init
 .text.STO_PLL_IsObserverConverged
                0x08008acc       0xcc ./Middlewares/MotorControl/sto_pll_speed_pos_fdbk.o
                0x08008acc                STO_PLL_IsObserverConverged
 .text.STO_PLL_GetEstimatedBemf
                0x08008b98       0x18 ./Middlewares/MotorControl/sto_pll_speed_pos_fdbk.o
                0x08008b98                STO_PLL_GetEstimatedBemf
 .text.STO_PLL_GetEstimatedCurrent
                0x08008bb0       0x24 ./Middlewares/MotorControl/sto_pll_speed_pos_fdbk.o
                0x08008bb0                STO_PLL_GetEstimatedCurrent
 .text.STO_PLL_GetObserverGains
                0x08008bd4       0x10 ./Middlewares/MotorControl/sto_pll_speed_pos_fdbk.o
                0x08008bd4                STO_PLL_GetObserverGains
 .text.STO_PLL_SetObserverGains
                0x08008be4        0x8 ./Middlewares/MotorControl/sto_pll_speed_pos_fdbk.o
                0x08008be4                STO_PLL_SetObserverGains
 .text.STO_OTF_ResetPLL
                0x08008bec        0xc ./Middlewares/MotorControl/sto_pll_speed_pos_fdbk.o
                0x08008bec                STO_OTF_ResetPLL
 .text.STO_PLL_IsVarianceTight
                0x08008bf8        0x8 ./Middlewares/MotorControl/sto_pll_speed_pos_fdbk.o
                0x08008bf8                STO_PLL_IsVarianceTight
 .text.STO_PLL_ForceConvergency1
                0x08008c00        0xc ./Middlewares/MotorControl/sto_pll_speed_pos_fdbk.o
                0x08008c00                STO_PLL_ForceConvergency1
 .text.STO_PLL_ForceConvergency2
                0x08008c0c        0xc ./Middlewares/MotorControl/sto_pll_speed_pos_fdbk.o
                0x08008c0c                STO_PLL_ForceConvergency2
 .text.STO_SetDirection
                0x08008c18        0x8 ./Middlewares/MotorControl/sto_pll_speed_pos_fdbk.o
                0x08008c18                STO_SetDirection
 .text.VSS_Clear
                0x08008c20       0x1c ./Middlewares/MotorControl/virtual_speed_sensor.o
                0x08008c20                VSS_Clear
 .text.VSS_Init
                0x08008c3c        0x8 ./Middlewares/MotorControl/virtual_speed_sensor.o
                0x08008c3c                VSS_Init
 .text.VSS_CalcElAngle
                0x08008c44       0xa4 ./Middlewares/MotorControl/virtual_speed_sensor.o
                0x08008c44                VSS_CalcElAngle
 .text.VSS_CalcAvrgMecSpeedUnit
                0x08008ce8       0xa4 ./Middlewares/MotorControl/virtual_speed_sensor.o
                0x08008ce8                VSS_CalcAvrgMecSpeedUnit
 .text.VSS_SetMecAcceleration
                0x08008d8c       0x78 ./Middlewares/MotorControl/virtual_speed_sensor.o
                0x08008d8c                VSS_SetMecAcceleration
 .text.VSS_SetStartTransition
                0x08008e04       0x1c ./Middlewares/MotorControl/virtual_speed_sensor.o
                0x08008e04                VSS_SetStartTransition
 .text.VSS_TransitionEnded
                0x08008e20        0x8 ./Middlewares/MotorControl/virtual_speed_sensor.o
                0x08008e20                VSS_TransitionEnded
 .text.memset   0x08008e28       0x10 C:/ST/STM32CubeIDE_1.16.1/STM32CubeIDE/plugins/com.st.stm32cube.ide.mcu.externaltools.gnu-tools-for-stm32.12.3.rel1.win32_1.1.0.202410251130/tools/bin/../lib/gcc/arm-none-eabi/12.3.1/../../../../arm-none-eabi/lib/thumb/v7e-m+fp/hard\libc_nano.a(libc_a-memset.o)
                0x08008e28                memset
 .text.__libc_init_array
                0x08008e38       0x48 C:/ST/STM32CubeIDE_1.16.1/STM32CubeIDE/plugins/com.st.stm32cube.ide.mcu.externaltools.gnu-tools-for-stm32.12.3.rel1.win32_1.1.0.202410251130/tools/bin/../lib/gcc/arm-none-eabi/12.3.1/../../../../arm-none-eabi/lib/thumb/v7e-m+fp/hard\libc_nano.a(libc_a-init.o)
                0x08008e38                __libc_init_array
 .text.memcpy   0x08008e80       0x1c C:/ST/STM32CubeIDE_1.16.1/STM32CubeIDE/plugins/com.st.stm32cube.ide.mcu.externaltools.gnu-tools-for-stm32.12.3.rel1.win32_1.1.0.202410251130/tools/bin/../lib/gcc/arm-none-eabi/12.3.1/../../../../arm-none-eabi/lib/thumb/v7e-m+fp/hard\libc_nano.a(libc_a-memcpy-stub.o)
                0x08008e80                memcpy
 *(.glue_7)
 .glue_7        0x08008e9c        0x0 linker stubs
 *(.glue_7t)
 .glue_7t       0x08008e9c        0x0 linker stubs
 *(.eh_frame)
 .eh_frame      0x08008e9c        0x0 C:/ST/STM32CubeIDE_1.16.1/STM32CubeIDE/plugins/com.st.stm32cube.ide.mcu.externaltools.gnu-tools-for-stm32.12.3.rel1.win32_1.1.0.202410251130/tools/bin/../lib/gcc/arm-none-eabi/12.3.1/thumb/v7e-m+fp/hard/crtbegin.o
 *(.init)
 .init          0x08008e9c        0x4 C:/ST/STM32CubeIDE_1.16.1/STM32CubeIDE/plugins/com.st.stm32cube.ide.mcu.externaltools.gnu-tools-for-stm32.12.3.rel1.win32_1.1.0.202410251130/tools/bin/../lib/gcc/arm-none-eabi/12.3.1/thumb/v7e-m+fp/hard/crti.o
                0x08008e9c                _init
 .init          0x08008ea0        0x8 C:/ST/STM32CubeIDE_1.16.1/STM32CubeIDE/plugins/com.st.stm32cube.ide.mcu.externaltools.gnu-tools-for-stm32.12.3.rel1.win32_1.1.0.202410251130/tools/bin/../lib/gcc/arm-none-eabi/12.3.1/thumb/v7e-m+fp/hard/crtn.o
 *(.fini)
 .fini          0x08008ea8        0x4 C:/ST/STM32CubeIDE_1.16.1/STM32CubeIDE/plugins/com.st.stm32cube.ide.mcu.externaltools.gnu-tools-for-stm32.12.3.rel1.win32_1.1.0.202410251130/tools/bin/../lib/gcc/arm-none-eabi/12.3.1/thumb/v7e-m+fp/hard/crti.o
                0x08008ea8                _fini
 .fini          0x08008eac        0x8 C:/ST/STM32CubeIDE_1.16.1/STM32CubeIDE/plugins/com.st.stm32cube.ide.mcu.externaltools.gnu-tools-for-stm32.12.3.rel1.win32_1.1.0.202410251130/tools/bin/../lib/gcc/arm-none-eabi/12.3.1/thumb/v7e-m+fp/hard/crtn.o
                0x08008eb4                        . = ALIGN (0x4)
                0x08008eb4                        _etext = .

.vfp11_veneer   0x08008eb4        0x0
 .vfp11_veneer  0x08008eb4        0x0 linker stubs

.v4_bx          0x08008eb4        0x0
 .v4_bx         0x08008eb4        0x0 linker stubs

.iplt           0x08008eb4        0x0
 .iplt          0x08008eb4        0x0 C:/ST/STM32CubeIDE_1.16.1/STM32CubeIDE/plugins/com.st.stm32cube.ide.mcu.externaltools.gnu-tools-for-stm32.12.3.rel1.win32_1.1.0.202410251130/tools/bin/../lib/gcc/arm-none-eabi/12.3.1/thumb/v7e-m+fp/hard/crtbegin.o

.rodata         0x08008eb4      0x378
                0x08008eb4                        . = ALIGN (0x4)
 *(.rodata)
 *(.rodata*)
 .rodata.CRC4_Lookup4
                0x08008eb4       0x10 ./Application/User/aspep.o
 .rodata.CRC4_Lookup8
                0x08008ec4      0x100 ./Application/User/aspep.o
 .rodata.M1_FOCConfig_reg
                0x08008fc4        0xe ./Application/User/mc_configuration_registers.o
 *fill*         0x08008fd2        0x2 
 .rodata.M1_MotorConfig_reg
                0x08008fd4       0x3c ./Application/User/mc_configuration_registers.o
 .rodata.M1_ApplicationConfig_reg
                0x08009010       0x10 ./Application/User/mc_configuration_registers.o
 .rodata.globalConfig_reg
                0x08009020        0xa ./Application/User/mc_configuration_registers.o
                0x08009020                globalConfig_reg
 *fill*         0x0800902a        0x2 
 .rodata.FIRMWARE_NAME
                0x0800902c       0x14 ./Application/User/mc_configuration_registers.o
                0x0800902c                FIRMWARE_NAME
 .rodata.M1_PWR_BOARD
                0x08009040       0x11 ./Application/User/mc_configuration_registers.o
 *fill*         0x08009051        0x3 
 .rodata.CTL_BOARD
                0x08009054        0xe ./Application/User/mc_configuration_registers.o
                0x08009054                CTL_BOARD
 *fill*         0x08009062        0x2 
 .rodata.R3_1_ParamsM1
                0x08009064       0x6c ./Application/User/mc_parameters.o
                0x08009064                R3_1_ParamsM1
 .rodata.CSWTCH.49
                0x080090d0       0x11 ./Application/User/register_interface.o
 *fill*         0x080090e1        0x3 
 .rodata.CHANNEL_OFFSET_TAB
                0x080090e4        0x6 ./Application/User/usart_aspep_driver.o
 *fill*         0x080090ea        0x2 
 .rodata.APBPrescTable
                0x080090ec        0x8 ./Drivers/CMSIS/system_stm32g4xx.o
                0x080090ec                APBPrescTable
 .rodata.AHBPrescTable
                0x080090f4       0x10 ./Drivers/CMSIS/system_stm32g4xx.o
                0x080090f4                AHBPrescTable
 .rodata.CSWTCH.115
                0x08009104       0x40 ./Drivers/STM32G4xx_HAL_Driver/stm32g4xx_hal_tim_ex.o
 .rodata.CSWTCH.114
                0x08009144       0x40 ./Drivers/STM32G4xx_HAL_Driver/stm32g4xx_hal_tim_ex.o
 .rodata.CSWTCH.113
                0x08009184       0x40 ./Drivers/STM32G4xx_HAL_Driver/stm32g4xx_hal_tim_ex.o
 .rodata.CSWTCH.112
                0x080091c4       0x40 ./Drivers/STM32G4xx_HAL_Driver/stm32g4xx_hal_tim_ex.o
 .rodata.UARTPrescTable
                0x08009204       0x18 ./Drivers/STM32G4xx_HAL_Driver/stm32g4xx_hal_uart.o
                0x08009204                UARTPrescTable
 .rodata.denominator.0
                0x0800921c        0x8 ./Drivers/STM32G4xx_HAL_Driver/stm32g4xx_hal_uart_ex.o
 .rodata.numerator.1
                0x08009224        0x8 ./Drivers/STM32G4xx_HAL_Driver/stm32g4xx_hal_uart_ex.o
                0x0800922c                        . = ALIGN (0x4)

.ARM.extab      0x0800922c        0x0
                0x0800922c                        . = ALIGN (0x4)
 *(.ARM.extab* .gnu.linkonce.armextab.*)
                0x0800922c                        . = ALIGN (0x4)

.ARM            0x0800922c        0x8
                0x0800922c                        . = ALIGN (0x4)
                0x0800922c                        __exidx_start = .
 *(.ARM.exidx*)
 .ARM.exidx     0x0800922c        0x8 C:/ST/STM32CubeIDE_1.16.1/STM32CubeIDE/plugins/com.st.stm32cube.ide.mcu.externaltools.gnu-tools-for-stm32.12.3.rel1.win32_1.1.0.202410251130/tools/bin/../lib/gcc/arm-none-eabi/12.3.1/thumb/v7e-m+fp/hard\libgcc.a(_udivmoddi4.o)
                0x08009234                        __exidx_end = .
                0x08009234                        . = ALIGN (0x4)

.preinit_array  0x08009234        0x0
                0x08009234                        . = ALIGN (0x4)
                0x08009234                        PROVIDE (__preinit_array_start = .)
 *(.preinit_array*)
                0x08009234                        PROVIDE (__preinit_array_end = .)
                0x08009234                        . = ALIGN (0x4)

.init_array     0x08009234        0x4
                0x08009234                        . = ALIGN (0x4)
                0x08009234                        PROVIDE (__init_array_start = .)
 *(SORT_BY_NAME(.init_array.*))
 *(.init_array*)
 .init_array    0x08009234        0x4 C:/ST/STM32CubeIDE_1.16.1/STM32CubeIDE/plugins/com.st.stm32cube.ide.mcu.externaltools.gnu-tools-for-stm32.12.3.rel1.win32_1.1.0.202410251130/tools/bin/../lib/gcc/arm-none-eabi/12.3.1/thumb/v7e-m+fp/hard/crtbegin.o
                0x08009238                        PROVIDE (__init_array_end = .)
                0x08009238                        . = ALIGN (0x4)

.fini_array     0x08009238        0x4
                0x08009238                        . = ALIGN (0x4)
                [!provide]                        PROVIDE (__fini_array_start = .)
 *(SORT_BY_NAME(.fini_array.*))
 *(.fini_array*)
 .fini_array    0x08009238        0x4 C:/ST/STM32CubeIDE_1.16.1/STM32CubeIDE/plugins/com.st.stm32cube.ide.mcu.externaltools.gnu-tools-for-stm32.12.3.rel1.win32_1.1.0.202410251130/tools/bin/../lib/gcc/arm-none-eabi/12.3.1/thumb/v7e-m+fp/hard/crtbegin.o
                [!provide]                        PROVIDE (__fini_array_end = .)
                0x0800923c                        . = ALIGN (0x4)
                0x0800923c                        _sidata = LOADADDR (.data)

.rel.dyn        0x0800923c        0x0
 .rel.iplt      0x0800923c        0x0 C:/ST/STM32CubeIDE_1.16.1/STM32CubeIDE/plugins/com.st.stm32cube.ide.mcu.externaltools.gnu-tools-for-stm32.12.3.rel1.win32_1.1.0.202410251130/tools/bin/../lib/gcc/arm-none-eabi/12.3.1/thumb/v7e-m+fp/hard/crtbegin.o

.data           0x20000000      0x4f8 load address 0x0800923c
                0x20000000                        . = ALIGN (0x4)
                0x20000000                        _sdata = .
 *(.data)
 *(.data*)
 .data.Mci      0x20000000       0x28 ./Application/User/mc_config.o
                0x20000000                Mci
 .data.pMPM     0x20000028        0x4 ./Application/User/mc_config.o
                0x20000028                pMPM
 .data.pPIDId   0x2000002c        0x4 ./Application/User/mc_config.o
                0x2000002c                pPIDId
 .data.pPIDIq   0x20000030        0x4 ./Application/User/mc_config.o
                0x20000030                pPIDIq
 .data.pSTC     0x20000034        0x4 ./Application/User/mc_config.o
                0x20000034                pSTC
 .data.CircleLimitationM1
                0x20000038        0x4 ./Application/User/mc_config.o
                0x20000038                CircleLimitationM1
 .data.RampExtMngrHFParamsM1
                0x2000003c       0x18 ./Application/User/mc_config.o
                0x2000003c                RampExtMngrHFParamsM1
 .data.STO_M1   0x20000054       0x14 ./Application/User/mc_config.o
                0x20000054                STO_M1
 .data.STO_PLL_M1
                0x20000068      0x128 ./Application/User/mc_config.o
                0x20000068                STO_PLL_M1
 .data.PWM_Handle_M1
                0x20000190       0xa4 ./Application/User/mc_config.o
                0x20000190                PWM_Handle_M1
 .data.RevUpControlM1
                0x20000234       0x78 ./Application/User/mc_config.o
                0x20000234                RevUpControlM1
 .data.SpeednTorqCtrlM1
                0x200002ac       0x34 ./Application/User/mc_config.o
                0x200002ac                SpeednTorqCtrlM1
 .data.PIDIdHandle_M1
                0x200002e0       0x2c ./Application/User/mc_config.o
                0x200002e0                PIDIdHandle_M1
 .data.PIDIqHandle_M1
                0x2000030c       0x2c ./Application/User/mc_config.o
                0x2000030c                PIDIqHandle_M1
 .data.PIDSpeedHandle_M1
                0x20000338       0x2c ./Application/User/mc_config.o
                0x20000338                PIDSpeedHandle_M1
 .data.PQD_MotorPowMeasM1
                0x20000364       0x10 ./Application/User/mc_config.o
                0x20000364                PQD_MotorPowMeasM1
 .data.BusVoltageSensor_M1
                0x20000374       0x1c ./Application/User/mc_config_common.o
                0x20000374                BusVoltageSensor_M1
 .data.VbusRegConv_M1
                0x20000390       0x10 ./Application/User/mc_config_common.o
                0x20000390                VbusRegConv_M1
 .data.TempSensor_M1
                0x200003a0       0x1c ./Application/User/mc_config_common.o
                0x200003a0                TempSensor_M1
 .data.TempRegConv_M1
                0x200003bc       0x10 ./Application/User/mc_config_common.o
                0x200003bc                TempRegConv_M1
 .data.VirtualSpeedSensorM1
                0x200003cc       0x38 ./Application/User/mc_config_common.o
                0x200003cc                VirtualSpeedSensorM1
 .data.ApplicationConfig_reg
                0x20000404        0x4 ./Application/User/mc_configuration_registers.o
                0x20000404                ApplicationConfig_reg
 .data.MotorConfig_reg
                0x20000408        0x4 ./Application/User/mc_configuration_registers.o
                0x20000408                MotorConfig_reg
 .data.FOCConfig_reg
                0x2000040c        0x4 ./Application/User/mc_configuration_registers.o
                0x2000040c                FOCConfig_reg
 .data.PWR_BOARD_NAME
                0x20000410        0x4 ./Application/User/mc_configuration_registers.o
                0x20000410                PWR_BOARD_NAME
 .data.scaleParams_M1
                0x20000414       0x10 ./Application/User/mc_parameters.o
                0x20000414                scaleParams_M1
 .data.MCPA_UART_A
                0x20000424       0x2c ./Application/User/mcp_config.o
                0x20000424                MCPA_UART_A
 .data.MCP_Over_UartA
                0x20000450       0x10 ./Application/User/mcp_config.o
                0x20000450                MCP_Over_UartA
 .data.aspepOverUartA
                0x20000460       0x74 ./Application/User/mcp_config.o
                0x20000460                aspepOverUartA
 .data.UASPEP_A
                0x200004d4       0x14 ./Application/User/mcp_config.o
 .data.SystickDividerCounter.0
                0x200004e8        0x1 ./Application/User/stm32_mc_common_it.o
 *fill*         0x200004e9        0x3 
 .data.SystemCoreClock
                0x200004ec        0x4 ./Drivers/CMSIS/system_stm32g4xx.o
                0x200004ec                SystemCoreClock
 .data.uwTickFreq
                0x200004f0        0x4 ./Drivers/STM32G4xx_HAL_Driver/stm32g4xx_hal.o
                0x200004f0                uwTickFreq
 .data.uwTickPrio
                0x200004f4        0x4 ./Drivers/STM32G4xx_HAL_Driver/stm32g4xx_hal.o
                0x200004f4                uwTickPrio
 *(.RamFunc)
 *(.RamFunc*)
                0x200004f8                        . = ALIGN (0x4)
                0x200004f8                        _edata = .

.igot.plt       0x200004f8        0x0 load address 0x08009734
 .igot.plt      0x200004f8        0x0 C:/ST/STM32CubeIDE_1.16.1/STM32CubeIDE/plugins/com.st.stm32cube.ide.mcu.externaltools.gnu-tools-for-stm32.12.3.rel1.win32_1.1.0.202410251130/tools/bin/../lib/gcc/arm-none-eabi/12.3.1/thumb/v7e-m+fp/hard/crtbegin.o
                0x200004f8                        . = ALIGN (0x4)

.bss            0x200004f8     0x15f4 load address 0x08009734
                0x200004f8                        _sbss = .
                0x200004f8                        __bss_start__ = _sbss
 *(.bss)
 .bss           0x200004f8       0x1c C:/ST/STM32CubeIDE_1.16.1/STM32CubeIDE/plugins/com.st.stm32cube.ide.mcu.externaltools.gnu-tools-for-stm32.12.3.rel1.win32_1.1.0.202410251130/tools/bin/../lib/gcc/arm-none-eabi/12.3.1/thumb/v7e-m+fp/hard/crtbegin.o
 *(.bss*)
 .bss.hdma_usart2_tx
                0x20000514       0x60 ./Application/User/main.o
                0x20000514                hdma_usart2_tx
 .bss.hdma_usart2_rx
                0x20000574       0x60 ./Application/User/main.o
                0x20000574                hdma_usart2_rx
 .bss.huart2    0x200005d4       0x94 ./Application/User/main.o
                0x200005d4                huart2
 .bss.htim1     0x20000668       0x4c ./Application/User/main.o
                0x20000668                htim1
 .bss.hcordic   0x200006b4       0x28 ./Application/User/main.o
                0x200006b4                hcordic
 .bss.hadc2     0x200006dc       0x6c ./Application/User/main.o
                0x200006dc                hadc2
 .bss.hadc1     0x20000748       0x6c ./Application/User/main.o
                0x20000748                hadc1
 .bss.pREMNG    0x200007b4        0x4 ./Application/User/mc_config.o
                0x200007b4                pREMNG
 .bss.FOCVars   0x200007b8       0x26 ./Application/User/mc_config.o
                0x200007b8                FOCVars
 *fill*         0x200007de        0x2 
 .bss.pwmcHandle
                0x200007e0        0x4 ./Application/User/mc_config_common.o
                0x200007e0                pwmcHandle
 .bss.RealBusVoltageSensorFilterBufferM1
                0x200007e4        0xc ./Application/User/mc_config_common.o
 .bss.bMCBootCompleted
                0x200007f0        0x1 ./Application/User/mc_tasks.o
 *fill*         0x200007f1        0x1 
 .bss.hStopPermanencyCounterM1
                0x200007f2        0x2 ./Application/User/mc_tasks.o
 .bss.hBootCapDelayCounterM1
                0x200007f4        0x2 ./Application/User/mc_tasks.o
 .bss.hMFTaskCounterM1
                0x200007f6        0x2 ./Application/User/mc_tasks.o
 .bss.MCP_UserCallBack
                0x200007f8        0x8 ./Application/User/mcp_config.o
                0x200007f8                MCP_UserCallBack
 .bss.dataSizeTableBuffA
                0x20000800        0xa ./Application/User/mcp_config.o
 *fill*         0x2000080a        0x2 
 .bss.dataSizeTableA
                0x2000080c        0xa ./Application/User/mcp_config.o
 *fill*         0x20000816        0x2 
 .bss.dataPtrTableBuffA
                0x20000818       0x28 ./Application/User/mcp_config.o
 .bss.dataPtrTableA
                0x20000840       0x28 ./Application/User/mcp_config.o
 .bss.MCPAsyncBuffUARTA_B
                0x20000868      0x806 ./Application/User/mcp_config.o
 *fill*         0x2000106e        0x2 
 .bss.MCPAsyncBuffUARTA_A
                0x20001070      0x806 ./Application/User/mcp_config.o
 *fill*         0x20001876        0x2 
 .bss.MCPSyncRXBuff
                0x20001878      0x102 ./Application/User/mcp_config.o
 *fill*         0x2000197a        0x2 
 .bss.MCPSyncTxBuff
                0x2000197c      0x106 ./Application/User/mcp_config.o
 *fill*         0x20001a82        0x2 
 .bss.pMCI      0x20001a84        0x4 ./Application/User/motorcontrol.o
                0x20001a84                pMCI
 .bss.nullData16.0
                0x20001a88        0x2 ./Application/User/register_interface.o
 *fill*         0x20001a8a        0x2 
 .bss.RCM_UserConvHandle
                0x20001a8c        0x4 ./Application/User/regular_conversion_manager.o
 .bss.RCM_UserConvState
                0x20001a90        0x1 ./Application/User/regular_conversion_manager.o
 *fill*         0x20001a91        0x1 
 .bss.RCM_UserConvValue
                0x20001a92        0x2 ./Application/User/regular_conversion_manager.o
 .bss.RCM_currentHandle
                0x20001a94        0x1 ./Application/User/regular_conversion_manager.o
 *fill*         0x20001a95        0x3 
 .bss.RCM_NoInj_array
                0x20001a98       0x18 ./Application/User/regular_conversion_manager.o
 .bss.RCM_CB_array
                0x20001ab0       0x20 ./Application/User/regular_conversion_manager.o
 .bss.RCM_handle_array
                0x20001ad0       0x10 ./Application/User/regular_conversion_manager.o
 .bss.HAL_RCC_ADC12_CLK_ENABLED
                0x20001ae0        0x4 ./Application/User/stm32g4xx_hal_msp.o
 .bss.uwTick    0x20001ae4        0x4 ./Drivers/STM32G4xx_HAL_Driver/stm32g4xx_hal.o
                0x20001ae4                uwTick
 .bss.GLOBAL_TIMESTAMP
                0x20001ae8        0x4 ./Middlewares/MotorControl/mcpa.o
                0x20001ae8                GLOBAL_TIMESTAMP
 *(COMMON)
                0x20001aec                        . = ALIGN (0x4)
                0x20001aec                        _ebss = .
                0x20001aec                        __bss_end__ = _ebss

._user_heap_stack
                0x20001aec      0x604 load address 0x08009734
                0x20001af0                        . = ALIGN (0x8)
 *fill*         0x20001aec        0x4 
                [!provide]                        PROVIDE (end = .)
                0x20001af0                        PROVIDE (_end = .)
                0x20001cf0                        . = (. + _Min_Heap_Size)
 *fill*         0x20001af0      0x200 
                0x200020f0                        . = (. + _Min_Stack_Size)
 *fill*         0x20001cf0      0x400 
                0x200020f0                        . = ALIGN (0x8)

/DISCARD/
 libc.a(*)
 libm.a(*)
 libgcc.a(*)

.ARM.attributes
                0x00000000       0x30
 *(.ARM.attributes)
 .ARM.attributes
                0x00000000       0x22 C:/ST/STM32CubeIDE_1.16.1/STM32CubeIDE/plugins/com.st.stm32cube.ide.mcu.externaltools.gnu-tools-for-stm32.12.3.rel1.win32_1.1.0.202410251130/tools/bin/../lib/gcc/arm-none-eabi/12.3.1/thumb/v7e-m+fp/hard/crti.o
 .ARM.attributes
                0x00000022       0x34 C:/ST/STM32CubeIDE_1.16.1/STM32CubeIDE/plugins/com.st.stm32cube.ide.mcu.externaltools.gnu-tools-for-stm32.12.3.rel1.win32_1.1.0.202410251130/tools/bin/../lib/gcc/arm-none-eabi/12.3.1/thumb/v7e-m+fp/hard/crtbegin.o
 .ARM.attributes
                0x00000056       0x21 ./Application/Startup/startup_stm32g431rbtx.o
 .ARM.attributes
                0x00000077       0x30 ./Application/User/aspep.o
 .ARM.attributes
                0x000000a7       0x30 ./Application/User/main.o
 .ARM.attributes
                0x000000d7       0x30 ./Application/User/mc_api.o
 .ARM.attributes
                0x00000107       0x30 ./Application/User/mc_app_hooks.o
 .ARM.attributes
                0x00000137       0x30 ./Application/User/mc_config.o
 .ARM.attributes
                0x00000167       0x30 ./Application/User/mc_config_common.o
 .ARM.attributes
                0x00000197       0x30 ./Application/User/mc_configuration_registers.o
 .ARM.attributes
                0x000001c7       0x30 ./Application/User/mc_interface.o
 .ARM.attributes
                0x000001f7       0x30 ./Application/User/mc_math.o
 .ARM.attributes
                0x00000227       0x30 ./Application/User/mc_parameters.o
 .ARM.attributes
                0x00000257       0x30 ./Application/User/mc_tasks.o
 .ARM.attributes
                0x00000287       0x30 ./Application/User/mc_tasks_foc.o
 .ARM.attributes
                0x000002b7       0x30 ./Application/User/mcp.o
 .ARM.attributes
                0x000002e7       0x30 ./Application/User/mcp_config.o
 .ARM.attributes
                0x00000317       0x30 ./Application/User/motorcontrol.o
 .ARM.attributes
                0x00000347       0x30 ./Application/User/pwm_common.o
 .ARM.attributes
                0x00000377       0x30 ./Application/User/pwm_curr_fdbk.o
 .ARM.attributes
                0x000003a7       0x30 ./Application/User/register_interface.o
 .ARM.attributes
                0x000003d7       0x30 ./Application/User/regular_conversion_manager.o
 .ARM.attributes
                0x00000407       0x30 ./Application/User/stm32_mc_common_it.o
 .ARM.attributes
                0x00000437       0x30 ./Application/User/stm32g4xx_hal_msp.o
 .ARM.attributes
                0x00000467       0x30 ./Application/User/stm32g4xx_mc_it.o
 .ARM.attributes
                0x00000497       0x30 ./Application/User/usart_aspep_driver.o
 .ARM.attributes
                0x000004c7       0x30 ./Drivers/CMSIS/system_stm32g4xx.o
 .ARM.attributes
                0x000004f7       0x30 ./Drivers/STM32G4xx_HAL_Driver/stm32g4xx_hal.o
 .ARM.attributes
                0x00000527       0x30 ./Drivers/STM32G4xx_HAL_Driver/stm32g4xx_hal_adc.o
 .ARM.attributes
                0x00000557       0x30 ./Drivers/STM32G4xx_HAL_Driver/stm32g4xx_hal_adc_ex.o
 .ARM.attributes
                0x00000587       0x30 ./Drivers/STM32G4xx_HAL_Driver/stm32g4xx_hal_cordic.o
 .ARM.attributes
                0x000005b7       0x30 ./Drivers/STM32G4xx_HAL_Driver/stm32g4xx_hal_cortex.o
 .ARM.attributes
                0x000005e7       0x30 ./Drivers/STM32G4xx_HAL_Driver/stm32g4xx_hal_dma.o
 .ARM.attributes
                0x00000617       0x30 ./Drivers/STM32G4xx_HAL_Driver/stm32g4xx_hal_gpio.o
 .ARM.attributes
                0x00000647       0x30 ./Drivers/STM32G4xx_HAL_Driver/stm32g4xx_hal_pwr_ex.o
 .ARM.attributes
                0x00000677       0x30 ./Drivers/STM32G4xx_HAL_Driver/stm32g4xx_hal_rcc.o
 .ARM.attributes
                0x000006a7       0x30 ./Drivers/STM32G4xx_HAL_Driver/stm32g4xx_hal_rcc_ex.o
 .ARM.attributes
                0x000006d7       0x30 ./Drivers/STM32G4xx_HAL_Driver/stm32g4xx_hal_tim.o
 .ARM.attributes
                0x00000707       0x30 ./Drivers/STM32G4xx_HAL_Driver/stm32g4xx_hal_tim_ex.o
 .ARM.attributes
                0x00000737       0x30 ./Drivers/STM32G4xx_HAL_Driver/stm32g4xx_hal_uart.o
 .ARM.attributes
                0x00000767       0x30 ./Drivers/STM32G4xx_HAL_Driver/stm32g4xx_hal_uart_ex.o
 .ARM.attributes
                0x00000797       0x30 ./Middlewares/MotorControl/bus_voltage_sensor.o
 .ARM.attributes
                0x000007c7       0x30 ./Middlewares/MotorControl/circle_limitation.o
 .ARM.attributes
                0x000007f7       0x30 ./Middlewares/MotorControl/mcpa.o
 .ARM.attributes
                0x00000827       0x30 ./Middlewares/MotorControl/ntc_temperature_sensor.o
 .ARM.attributes
                0x00000857       0x30 ./Middlewares/MotorControl/pid_regulator.o
 .ARM.attributes
                0x00000887       0x30 ./Middlewares/MotorControl/pqd_motor_power_measurement.o
 .ARM.attributes
                0x000008b7       0x30 ./Middlewares/MotorControl/r3_1_g4xx_pwm_curr_fdbk.o
 .ARM.attributes
                0x000008e7       0x30 ./Middlewares/MotorControl/r_divider_bus_voltage_sensor.o
 .ARM.attributes
                0x00000917       0x30 ./Middlewares/MotorControl/ramp_ext_mngr.o
 .ARM.attributes
                0x00000947       0x30 ./Middlewares/MotorControl/revup_ctrl.o
 .ARM.attributes
                0x00000977       0x30 ./Middlewares/MotorControl/speed_pos_fdbk.o
 .ARM.attributes
                0x000009a7       0x30 ./Middlewares/MotorControl/speed_torq_ctrl.o
 .ARM.attributes
                0x000009d7       0x30 ./Middlewares/MotorControl/sto_pll_speed_pos_fdbk.o
 .ARM.attributes
                0x00000a07       0x30 ./Middlewares/MotorControl/virtual_speed_sensor.o
 .ARM.attributes
                0x00000a37       0x34 C:/ST/STM32CubeIDE_1.16.1/STM32CubeIDE/plugins/com.st.stm32cube.ide.mcu.externaltools.gnu-tools-for-stm32.12.3.rel1.win32_1.1.0.202410251130/tools/bin/../lib/gcc/arm-none-eabi/12.3.1/../../../../arm-none-eabi/lib/thumb/v7e-m+fp/hard\libc_nano.a(libc_a-memset.o)
 .ARM.attributes
                0x00000a6b       0x34 C:/ST/STM32CubeIDE_1.16.1/STM32CubeIDE/plugins/com.st.stm32cube.ide.mcu.externaltools.gnu-tools-for-stm32.12.3.rel1.win32_1.1.0.202410251130/tools/bin/../lib/gcc/arm-none-eabi/12.3.1/../../../../arm-none-eabi/lib/thumb/v7e-m+fp/hard\libc_nano.a(libc_a-init.o)
 .ARM.attributes
                0x00000a9f       0x34 C:/ST/STM32CubeIDE_1.16.1/STM32CubeIDE/plugins/com.st.stm32cube.ide.mcu.externaltools.gnu-tools-for-stm32.12.3.rel1.win32_1.1.0.202410251130/tools/bin/../lib/gcc/arm-none-eabi/12.3.1/../../../../arm-none-eabi/lib/thumb/v7e-m+fp/hard\libc_nano.a(libc_a-memcpy-stub.o)
 .ARM.attributes
                0x00000ad3       0x22 C:/ST/STM32CubeIDE_1.16.1/STM32CubeIDE/plugins/com.st.stm32cube.ide.mcu.externaltools.gnu-tools-for-stm32.12.3.rel1.win32_1.1.0.202410251130/tools/bin/../lib/gcc/arm-none-eabi/12.3.1/thumb/v7e-m+fp/hard\libgcc.a(_aeabi_uldivmod.o)
 .ARM.attributes
                0x00000af5       0x34 C:/ST/STM32CubeIDE_1.16.1/STM32CubeIDE/plugins/com.st.stm32cube.ide.mcu.externaltools.gnu-tools-for-stm32.12.3.rel1.win32_1.1.0.202410251130/tools/bin/../lib/gcc/arm-none-eabi/12.3.1/thumb/v7e-m+fp/hard\libgcc.a(_udivmoddi4.o)
 .ARM.attributes
                0x00000b29       0x22 C:/ST/STM32CubeIDE_1.16.1/STM32CubeIDE/plugins/com.st.stm32cube.ide.mcu.externaltools.gnu-tools-for-stm32.12.3.rel1.win32_1.1.0.202410251130/tools/bin/../lib/gcc/arm-none-eabi/12.3.1/thumb/v7e-m+fp/hard\libgcc.a(_dvmd_tls.o)
 .ARM.attributes
                0x00000b4b       0x22 C:/ST/STM32CubeIDE_1.16.1/STM32CubeIDE/plugins/com.st.stm32cube.ide.mcu.externaltools.gnu-tools-for-stm32.12.3.rel1.win32_1.1.0.202410251130/tools/bin/../lib/gcc/arm-none-eabi/12.3.1/thumb/v7e-m+fp/hard/crtn.o
OUTPUT(ihm03_example.elf elf32-littlearm)
LOAD linker stubs
LOAD C:/ST/STM32CubeIDE_1.16.1/STM32CubeIDE/plugins/com.st.stm32cube.ide.mcu.externaltools.gnu-tools-for-stm32.12.3.rel1.win32_1.1.0.202410251130/tools/bin/../lib/gcc/arm-none-eabi/12.3.1/../../../../arm-none-eabi/lib/thumb/v7e-m+fp/hard\libc.a
LOAD C:/ST/STM32CubeIDE_1.16.1/STM32CubeIDE/plugins/com.st.stm32cube.ide.mcu.externaltools.gnu-tools-for-stm32.12.3.rel1.win32_1.1.0.202410251130/tools/bin/../lib/gcc/arm-none-eabi/12.3.1/../../../../arm-none-eabi/lib/thumb/v7e-m+fp/hard\libm.a
LOAD C:/ST/STM32CubeIDE_1.16.1/STM32CubeIDE/plugins/com.st.stm32cube.ide.mcu.externaltools.gnu-tools-for-stm32.12.3.rel1.win32_1.1.0.202410251130/tools/bin/../lib/gcc/arm-none-eabi/12.3.1/thumb/v7e-m+fp/hard\libgcc.a

.debug_line     0x00000000    0x46246
 .debug_line    0x00000000       0x7b ./Application/Startup/startup_stm32g431rbtx.o
 .debug_line    0x0000007b     0x162a ./Application/User/aspep.o
 .debug_line    0x000016a5     0x160f ./Application/User/main.o
 .debug_line    0x00002cb4     0x10ce ./Application/User/mc_api.o
 .debug_line    0x00003d82      0x963 ./Application/User/mc_app_hooks.o
 .debug_line    0x000046e5      0xc6d ./Application/User/mc_config.o
 .debug_line    0x00005352      0xc74 ./Application/User/mc_config_common.o
 .debug_line    0x00005fc6      0xb1e ./Application/User/mc_configuration_registers.o
 .debug_line    0x00006ae4     0x1882 ./Application/User/mc_interface.o
 .debug_line    0x00008366      0xb88 ./Application/User/mc_math.o
 .debug_line    0x00008eee      0xc5e ./Application/User/mc_parameters.o
 .debug_line    0x00009b4c     0x1219 ./Application/User/mc_tasks.o
 .debug_line    0x0000ad65     0x1401 ./Application/User/mc_tasks_foc.o
 .debug_line    0x0000c166     0x1180 ./Application/User/mcp.o
 .debug_line    0x0000d2e6      0xa48 ./Application/User/mcp_config.o
 .debug_line    0x0000dd2e      0xca9 ./Application/User/motorcontrol.o
 .debug_line    0x0000e9d7      0xb87 ./Application/User/pwm_common.o
 .debug_line    0x0000f55e     0x1265 ./Application/User/pwm_curr_fdbk.o
 .debug_line    0x000107c3     0x2357 ./Application/User/register_interface.o
 .debug_line    0x00012b1a     0x15cd ./Application/User/regular_conversion_manager.o
 .debug_line    0x000140e7     0x115b ./Application/User/stm32_mc_common_it.o
 .debug_line    0x00015242     0x120a ./Application/User/stm32g4xx_hal_msp.o
 .debug_line    0x0001644c      0xd96 ./Application/User/stm32g4xx_mc_it.o
 .debug_line    0x000171e2     0x100f ./Application/User/usart_aspep_driver.o
 .debug_line    0x000181f1      0x8bc ./Drivers/CMSIS/system_stm32g4xx.o
 .debug_line    0x00018aad      0xd3c ./Drivers/STM32G4xx_HAL_Driver/stm32g4xx_hal.o
 .debug_line    0x000197e9     0x2ec3 ./Drivers/STM32G4xx_HAL_Driver/stm32g4xx_hal_adc.o
 .debug_line    0x0001c6ac     0x2884 ./Drivers/STM32G4xx_HAL_Driver/stm32g4xx_hal_adc_ex.o
 .debug_line    0x0001ef30     0x127e ./Drivers/STM32G4xx_HAL_Driver/stm32g4xx_hal_cordic.o
 .debug_line    0x000201ae      0xe65 ./Drivers/STM32G4xx_HAL_Driver/stm32g4xx_hal_cortex.o
 .debug_line    0x00021013     0x143b ./Drivers/STM32G4xx_HAL_Driver/stm32g4xx_hal_dma.o
 .debug_line    0x0002244e      0xde5 ./Drivers/STM32G4xx_HAL_Driver/stm32g4xx_hal_gpio.o
 .debug_line    0x00023233      0xf75 ./Drivers/STM32G4xx_HAL_Driver/stm32g4xx_hal_pwr_ex.o
 .debug_line    0x000241a8     0x14ad ./Drivers/STM32G4xx_HAL_Driver/stm32g4xx_hal_rcc.o
 .debug_line    0x00025655     0x159a ./Drivers/STM32G4xx_HAL_Driver/stm32g4xx_hal_rcc_ex.o
 .debug_line    0x00026bef     0x66b9 ./Drivers/STM32G4xx_HAL_Driver/stm32g4xx_hal_tim.o
 .debug_line    0x0002d2a8     0x28ce ./Drivers/STM32G4xx_HAL_Driver/stm32g4xx_hal_tim_ex.o
 .debug_line    0x0002fb76     0x6ea4 ./Drivers/STM32G4xx_HAL_Driver/stm32g4xx_hal_uart.o
 .debug_line    0x00036a1a     0x14e9 ./Drivers/STM32G4xx_HAL_Driver/stm32g4xx_hal_uart_ex.o
 .debug_line    0x00037f03      0xa01 ./Middlewares/MotorControl/bus_voltage_sensor.o
 .debug_line    0x00038904      0xa97 ./Middlewares/MotorControl/circle_limitation.o
 .debug_line    0x0003939b     0x11d2 ./Middlewares/MotorControl/mcpa.o
 .debug_line    0x0003a56d      0xb94 ./Middlewares/MotorControl/ntc_temperature_sensor.o
 .debug_line    0x0003b101      0xe30 ./Middlewares/MotorControl/pid_regulator.o
 .debug_line    0x0003bf31      0xa8e ./Middlewares/MotorControl/pqd_motor_power_measurement.o
 .debug_line    0x0003c9bf     0x3112 ./Middlewares/MotorControl/r3_1_g4xx_pwm_curr_fdbk.o
 .debug_line    0x0003fad1      0xc11 ./Middlewares/MotorControl/r_divider_bus_voltage_sensor.o
 .debug_line    0x000406e2      0xc5d ./Middlewares/MotorControl/ramp_ext_mngr.o
 .debug_line    0x0004133f     0x11b5 ./Middlewares/MotorControl/revup_ctrl.o
 .debug_line    0x000424f4      0xb57 ./Middlewares/MotorControl/speed_pos_fdbk.o
 .debug_line    0x0004304b      0xdfd ./Middlewares/MotorControl/speed_torq_ctrl.o
 .debug_line    0x00043e48     0x1506 ./Middlewares/MotorControl/sto_pll_speed_pos_fdbk.o
 .debug_line    0x0004534e      0xef8 ./Middlewares/MotorControl/virtual_speed_sensor.o

.debug_line_str
                0x00000000       0x8d
 .debug_line_str
                0x00000000       0x8d ./Application/Startup/startup_stm32g431rbtx.o

.debug_info     0x00000000    0x48322
 .debug_info    0x00000000       0x30 ./Application/Startup/startup_stm32g431rbtx.o
 .debug_info    0x00000030     0x10f6 ./Application/User/aspep.o
 .debug_info    0x00001126     0x2c07 ./Application/User/main.o
 .debug_info    0x00003d2d     0x1b5a ./Application/User/mc_api.o
 .debug_info    0x00005887      0x1db ./Application/User/mc_app_hooks.o
 .debug_info    0x00005a62     0x2289 ./Application/User/mc_config.o
 .debug_info    0x00007ceb      0xdf2 ./Application/User/mc_config_common.o
 .debug_info    0x00008add      0x582 ./Application/User/mc_configuration_registers.o
 .debug_info    0x0000905f     0x2176 ./Application/User/mc_interface.o
 .debug_info    0x0000b1d5      0x748 ./Application/User/mc_math.o
 .debug_info    0x0000b91d      0x9e9 ./Application/User/mc_parameters.o
 .debug_info    0x0000c306     0x226a ./Application/User/mc_tasks.o
 .debug_info    0x0000e570     0x304a ./Application/User/mc_tasks_foc.o
 .debug_info    0x000115ba     0x15ba ./Application/User/mcp.o
 .debug_info    0x00012b74      0xaf2 ./Application/User/mcp_config.o
 .debug_info    0x00013666     0x1115 ./Application/User/motorcontrol.o
 .debug_info    0x0001477b      0x94f ./Application/User/pwm_common.o
 .debug_info    0x000150ca     0x1421 ./Application/User/pwm_curr_fdbk.o
 .debug_info    0x000164eb     0x32da ./Application/User/register_interface.o
 .debug_info    0x000197c5     0x1a41 ./Application/User/regular_conversion_manager.o
 .debug_info    0x0001b206     0x12ad ./Application/User/stm32_mc_common_it.o
 .debug_info    0x0001c4b3     0x1f0a ./Application/User/stm32g4xx_hal_msp.o
 .debug_info    0x0001e3bd     0x1231 ./Application/User/stm32g4xx_mc_it.o
 .debug_info    0x0001f5ee     0x1234 ./Application/User/usart_aspep_driver.o
 .debug_info    0x00020822      0x5a7 ./Drivers/CMSIS/system_stm32g4xx.o
 .debug_info    0x00020dc9      0xcd7 ./Drivers/STM32G4xx_HAL_Driver/stm32g4xx_hal.o
 .debug_info    0x00021aa0     0x34fc ./Drivers/STM32G4xx_HAL_Driver/stm32g4xx_hal_adc.o
 .debug_info    0x00024f9c     0x2d24 ./Drivers/STM32G4xx_HAL_Driver/stm32g4xx_hal_adc_ex.o
 .debug_info    0x00027cc0      0xdc4 ./Drivers/STM32G4xx_HAL_Driver/stm32g4xx_hal_cordic.o
 .debug_info    0x00028a84      0xfd6 ./Drivers/STM32G4xx_HAL_Driver/stm32g4xx_hal_cortex.o
 .debug_info    0x00029a5a      0xa4e ./Drivers/STM32G4xx_HAL_Driver/stm32g4xx_hal_dma.o
 .debug_info    0x0002a4a8      0x799 ./Drivers/STM32G4xx_HAL_Driver/stm32g4xx_hal_gpio.o
 .debug_info    0x0002ac41      0x993 ./Drivers/STM32G4xx_HAL_Driver/stm32g4xx_hal_pwr_ex.o
 .debug_info    0x0002b5d4      0xe7b ./Drivers/STM32G4xx_HAL_Driver/stm32g4xx_hal_rcc.o
 .debug_info    0x0002c44f      0xd46 ./Drivers/STM32G4xx_HAL_Driver/stm32g4xx_hal_rcc_ex.o
 .debug_info    0x0002d195     0x4fd2 ./Drivers/STM32G4xx_HAL_Driver/stm32g4xx_hal_tim.o
 .debug_info    0x00032167     0x2593 ./Drivers/STM32G4xx_HAL_Driver/stm32g4xx_hal_tim_ex.o
 .debug_info    0x000346fa     0x784f ./Drivers/STM32G4xx_HAL_Driver/stm32g4xx_hal_uart.o
 .debug_info    0x0003bf49     0x13d2 ./Drivers/STM32G4xx_HAL_Driver/stm32g4xx_hal_uart_ex.o
 .debug_info    0x0003d31b      0x2c3 ./Middlewares/MotorControl/bus_voltage_sensor.o
 .debug_info    0x0003d5de      0x387 ./Middlewares/MotorControl/circle_limitation.o
 .debug_info    0x0003d965      0x715 ./Middlewares/MotorControl/mcpa.o
 .debug_info    0x0003e07a      0x505 ./Middlewares/MotorControl/ntc_temperature_sensor.o
 .debug_info    0x0003e57f      0x8d8 ./Middlewares/MotorControl/pid_regulator.o
 .debug_info    0x0003ee57      0x529 ./Middlewares/MotorControl/pqd_motor_power_measurement.o
 .debug_info    0x0003f380     0x47b2 ./Middlewares/MotorControl/r3_1_g4xx_pwm_curr_fdbk.o
 .debug_info    0x00043b32      0x452 ./Middlewares/MotorControl/r_divider_bus_voltage_sensor.o
 .debug_info    0x00043f84      0x502 ./Middlewares/MotorControl/ramp_ext_mngr.o
 .debug_info    0x00044486     0x1511 ./Middlewares/MotorControl/revup_ctrl.o
 .debug_info    0x00045997      0x4fe ./Middlewares/MotorControl/speed_pos_fdbk.o
 .debug_info    0x00045e95      0x9a4 ./Middlewares/MotorControl/speed_torq_ctrl.o
 .debug_info    0x00046839     0x136b ./Middlewares/MotorControl/sto_pll_speed_pos_fdbk.o
 .debug_info    0x00047ba4      0x77e ./Middlewares/MotorControl/virtual_speed_sensor.o

.debug_abbrev   0x00000000     0x8de4
 .debug_abbrev  0x00000000       0x24 ./Application/Startup/startup_stm32g431rbtx.o
 .debug_abbrev  0x00000024      0x3a4 ./Application/User/aspep.o
 .debug_abbrev  0x000003c8      0x3cf ./Application/User/main.o
 .debug_abbrev  0x00000797      0x283 ./Application/User/mc_api.o
 .debug_abbrev  0x00000a1a       0x98 ./Application/User/mc_app_hooks.o
 .debug_abbrev  0x00000ab2      0x244 ./Application/User/mc_config.o
 .debug_abbrev  0x00000cf6      0x177 ./Application/User/mc_config_common.o
 .debug_abbrev  0x00000e6d       0xee ./Application/User/mc_configuration_registers.o
 .debug_abbrev  0x00000f5b      0x3f5 ./Application/User/mc_interface.o
 .debug_abbrev  0x00001350      0x270 ./Application/User/mc_math.o
 .debug_abbrev  0x000015c0      0x132 ./Application/User/mc_parameters.o