2025-05-08 15:38:57,302 [INFO] Activator:176 - 


2025-05-08 15:38:57,306 [INFO] Activator:177 - !SESSION log4j initialized
2025-05-08 15:39:02,778 [INFO] LogOutputStream:77 - [STDOUT_REDIRECT] 
2025-05-08 15:39:04,597 [INFO] ApplicationProperties:184 - Using Application install path: C:\ST\STM32CubeIDE_1.16.1\STM32CubeIDE\plugins\com.st.stm32cube.common.mx_6.13.0.202411220809
2025-05-08 15:39:04,612 [INFO] DbMcusXml:78 - Set database path to: C:\ST\STM32CubeIDE_1.16.1\STM32CubeIDE\plugins\com.st.stm32cube.common.mx_6.13.0.202411220809\\db\/mcu/
2025-05-08 15:39:04,612 [INFO] ApiDb:274 - Set plugin database path to: C:\ST\STM32CubeIDE_1.16.1\STM32CubeIDE\plugins\com.st.stm32cube.common.mx_6.13.0.202411220809\\db\/plugins/boardmanager/
2025-05-08 15:39:04,615 [WARN] ApiDb:259 - Overriding images path with different value:  => C:\ST\STM32CubeIDE_1.16.1\STM32CubeIDE\plugins\com.st.stm32cube.common.mx_6.13.0.202411220809\\db\/plugins/mcufinder/images/
2025-05-08 15:39:04,626 [INFO] ApiDb:250 - Set database path to: C:\Users\Miloush\.stmcufinder\plugins\mcufinder//mcu/
2025-05-08 15:39:04,627 [INFO] DbMcusAds:125 - Set database path to: C:\Users\Miloush\.stmcufinder\plugins\mcufinder//mcu/
2025-05-08 15:39:04,629 [INFO] CrossReferenceDbSqlite:203 - Set database path to: C:\Users\Miloush\.stmcufinder\plugins\mcufinder//mcu/cs/
2025-05-08 15:39:04,736 [INFO] RulesReader:64 - Compatibility file has been processed (297 Rules)
2025-05-08 15:39:04,808 [INFO] DbMcusXml:78 - Set database path to: C:\ST\STM32CubeIDE_1.16.1\STM32CubeIDE\plugins\com.st.stm32cube.common.mx_6.13.0.202411220809\\db\/mcu/
2025-05-08 15:39:04,808 [INFO] ApiDb:274 - Set plugin database path to: C:\ST\STM32CubeIDE_1.16.1\STM32CubeIDE\plugins\com.st.stm32cube.common.mx_6.13.0.202411220809\\db\/plugins/boardmanager/
2025-05-08 15:39:04,808 [INFO] ApiDb:261 - Set plugin images path to: C:\ST\STM32CubeIDE_1.16.1\STM32CubeIDE\plugins\com.st.stm32cube.common.mx_6.13.0.202411220809\\db\/plugins/mcufinder/images/
2025-05-08 15:39:04,809 [WARN] DbFile:41 - Overriding database path with different value: C:\Users\Miloush\.stmcufinder\plugins\mcufinder/ => C:\Users\Miloush\.stmcufinder\plugins\mcufinder
2025-05-08 15:39:04,809 [INFO] ApiDb:250 - Set database path to: C:\Users\Miloush\.stmcufinder\plugins\mcufinder//mcu/
2025-05-08 15:39:04,809 [WARN] DbFile:41 - Overriding database path with different value: C:\Users\Miloush\.stmcufinder\plugins\mcufinder/ => C:\Users\Miloush\.stmcufinder\plugins\mcufinder
2025-05-08 15:39:04,809 [INFO] DbMcusAds:125 - Set database path to: C:\Users\Miloush\.stmcufinder\plugins\mcufinder//mcu/
2025-05-08 15:39:04,809 [WARN] DbFile:41 - Overriding database path with different value: C:\Users\Miloush\.stmcufinder\plugins\mcufinder/ => C:\Users\Miloush\.stmcufinder\plugins\mcufinder
2025-05-08 15:39:04,809 [WARN] DbFile:41 - Overriding database path with different value: C:\Users\Miloush\.stmcufinder\plugins\mcufinder/ => C:\Users\Miloush\.stmcufinder\plugins\mcufinder
2025-05-08 15:39:04,809 [INFO] CrossReferenceDbSqlite:203 - Set database path to: C:\Users\Miloush\.stmcufinder\plugins\mcufinder//mcu/cs/
2025-05-08 15:39:04,868 [INFO] MainPanel:272 - HeapMemory: 268435456
2025-05-08 15:39:04,960 [INFO] DbMcusXml:78 - Set database path to: C:\ST\STM32CubeIDE_1.16.1\STM32CubeIDE\plugins\com.st.stm32cube.common.mx_6.13.0.202411220809\\db\/mcu/
2025-05-08 15:39:04,960 [INFO] ApiDb:274 - Set plugin database path to: C:\ST\STM32CubeIDE_1.16.1\STM32CubeIDE\plugins\com.st.stm32cube.common.mx_6.13.0.202411220809\\db\/plugins/boardmanager/
2025-05-08 15:39:04,960 [INFO] ApiDb:261 - Set plugin images path to: C:\ST\STM32CubeIDE_1.16.1\STM32CubeIDE\plugins\com.st.stm32cube.common.mx_6.13.0.202411220809\\db\/plugins/mcufinder/images/
2025-05-08 15:39:04,960 [WARN] DbFile:41 - Overriding database path with different value: C:\Users\Miloush\.stmcufinder\plugins\mcufinder/ => C:\Users\Miloush\.stmcufinder\plugins\mcufinder
2025-05-08 15:39:04,960 [INFO] ApiDb:250 - Set database path to: C:\Users\Miloush\.stmcufinder\plugins\mcufinder//mcu/
2025-05-08 15:39:04,960 [WARN] DbFile:41 - Overriding database path with different value: C:\Users\Miloush\.stmcufinder\plugins\mcufinder/ => C:\Users\Miloush\.stmcufinder\plugins\mcufinder
2025-05-08 15:39:04,960 [INFO] DbMcusAds:125 - Set database path to: C:\Users\Miloush\.stmcufinder\plugins\mcufinder//mcu/
2025-05-08 15:39:04,961 [WARN] DbFile:41 - Overriding database path with different value: C:\Users\Miloush\.stmcufinder\plugins\mcufinder/ => C:\Users\Miloush\.stmcufinder\plugins\mcufinder
2025-05-08 15:39:04,961 [WARN] DbFile:41 - Overriding database path with different value: C:\Users\Miloush\.stmcufinder\plugins\mcufinder/ => C:\Users\Miloush\.stmcufinder\plugins\mcufinder
2025-05-08 15:39:04,961 [INFO] CrossReferenceDbSqlite:203 - Set database path to: C:\Users\Miloush\.stmcufinder\plugins\mcufinder//mcu/cs/
2025-05-08 15:39:04,975 [INFO] ApplicationProperties:184 - Using Application install path: C:\ST\STM32CubeIDE_1.16.1\STM32CubeIDE\plugins\com.st.stm32cube.common.mx_6.13.0.202411220809
2025-05-08 15:39:04,976 [INFO] PluginManage:196 - Search for loadable plugins [exclusion list=, ]
2025-05-08 15:39:04,977 [INFO] PluginManage:310 - Check plugin analytics
2025-05-08 15:39:05,137 [INFO] AnalyticsPlugin:253 - Accepted Software Licenses: 
2025-05-08 15:39:05,137 [INFO] AnalyticsPlugin:255 - Accepted CMSIS Pack Licenses: 
2025-05-08 15:39:05,138 [INFO] AnalyticsPlugin:257 - Accepted Firmware Licenses: FW.G4.1.6.0
2025-05-08 15:39:05,141 [INFO] PluginManage:359 - Loaded plugin analytics (category:tool,tabindex:-1)
2025-05-08 15:39:05,142 [INFO] PluginManage:310 - Check plugin cadmodel
2025-05-08 15:39:05,160 [INFO] CADModel:105 - Init CAD model plugin
2025-05-08 15:39:05,160 [INFO] PluginManage:359 - Loaded plugin cadmodel (category:power,tabindex:5)
2025-05-08 15:39:05,160 [INFO] PluginManage:310 - Check plugin clock
2025-05-08 15:39:05,183 [INFO] PluginManage:359 - Loaded plugin clock (category:base,tabindex:2)
2025-05-08 15:39:05,183 [INFO] PluginManage:310 - Check plugin ddr
2025-05-08 15:39:05,185 [INFO] PluginManage:359 - Loaded plugin ddr (category:tool,tabindex:6)
2025-05-08 15:39:05,185 [INFO] PluginManage:310 - Check plugin filemanager
2025-05-08 15:39:05,309 [INFO] PluginManage:359 - Loaded plugin filemanager (category:base,tabindex:10)
2025-05-08 15:39:05,309 [INFO] PluginManage:310 - Check plugin ipmanager
2025-05-08 15:39:05,314 [INFO] PluginManage:359 - Loaded plugin ipmanager (category:base,tabindex:5)
2025-05-08 15:39:05,314 [INFO] PluginManage:310 - Check plugin lpbam
2025-05-08 15:39:05,329 [INFO] PluginManage:359 - Loaded plugin lpbam (category:base,tabindex:0)
2025-05-08 15:39:05,329 [INFO] PluginManage:310 - Check plugin memorymap
2025-05-08 15:39:05,348 [INFO] PluginManage:359 - Loaded plugin memorymap (category:base,tabindex:4)
2025-05-08 15:39:05,348 [INFO] PluginManage:310 - Check plugin pinoutandconfiguration
2025-05-08 15:39:05,363 [INFO] PluginManage:359 - Loaded plugin pinoutandconfiguration (category:base,tabindex:1)
2025-05-08 15:39:05,365 [INFO] PluginManage:310 - Check plugin pinoutconfig
2025-05-08 15:39:05,440 [WARN] SupportedApi:132 - Cannot load RTOS API schema: s4s-elt-must-match.1: The content of 'definitions' must match (annotation?, (simpleType | complexType)?, (unique | key | keyref)*)). A problem was found starting at: attribute.
2025-05-08 15:39:05,577 [INFO] PluginManage:359 - Loaded plugin pinoutconfig (category:base,tabindex:0)
2025-05-08 15:39:05,577 [INFO] PluginManage:310 - Check plugin power
2025-05-08 15:39:05,599 [INFO] PluginManage:359 - Loaded plugin power (category:power,tabindex:4)
2025-05-08 15:39:05,600 [INFO] PluginManage:310 - Check plugin projectmanager
2025-05-08 15:39:05,612 [INFO] PluginManage:359 - Loaded plugin projectmanager (category:projectmanager,tabindex:4)
2025-05-08 15:39:05,612 [INFO] PluginManage:310 - Check plugin rif
2025-05-08 15:39:05,629 [INFO] PluginManage:359 - Loaded plugin rif (category:base,tabindex:3)
2025-05-08 15:39:05,630 [INFO] PluginManage:310 - Check plugin thirdparty
2025-05-08 15:39:05,884 [INFO] PluginManage:359 - Loaded plugin thirdparty (category:base,tabindex:-1)
2025-05-08 15:39:05,884 [WARN] IntegrityCheckThread:84 - waiting for thirdparty lock release [integrity check]
2025-05-08 15:39:05,884 [INFO] IntegrityCheckThread:86 - entering critical section [integrity check]
2025-05-08 15:39:05,884 [INFO] PluginManage:310 - Check plugin tools
2025-05-08 15:39:05,884 [INFO] ThirdPartyUpdaterWithRetryManager:70 - Updater plugin not ready yet. [1/15]
2025-05-08 15:39:05,916 [INFO] PluginManage:359 - Loaded plugin tools (category:base,tabindex:7)
2025-05-08 15:39:05,916 [INFO] PluginManage:310 - Check plugin tutovideos
2025-05-08 15:39:06,069 [INFO] PluginManage:359 - Loaded plugin tutovideos (category:base,tabindex:-1)
2025-05-08 15:39:06,069 [INFO] PluginManage:310 - Check plugin updater
2025-05-08 15:39:06,088 [INFO] PluginManage:359 - Loaded plugin updater (category:base,tabindex:12)
2025-05-08 15:39:06,088 [INFO] PluginManage:310 - Check plugin userauth
2025-05-08 15:39:06,091 [INFO] UserAuth:118 - Init User Auth plugin
2025-05-08 15:39:06,092 [INFO] PluginManage:359 - Loaded plugin userauth (category:base,tabindex:14)
2025-05-08 15:39:06,092 [INFO] PluginManage:283 - PluginManage : Loaded plugins [18]
2025-05-08 15:39:06,254 [INFO] PinOutPanel:1589 - setPackage(No Configuration,No Configuration)
2025-05-08 15:39:06,321 [INFO] CADModel:165 - CPN selected for project level
2025-05-08 15:39:06,321 [INFO] CADModel:114 - Register for checkConnection events
2025-05-08 15:39:06,350 [INFO] IPUIPlugin:80 - create IPUIPlugin
2025-05-08 15:39:06,351 [INFO] PluginManager:220 - loadIPPluginJar : add adc
2025-05-08 15:39:06,398 [INFO] IPUIPlugin:80 - create IPUIPlugin
2025-05-08 15:39:06,398 [INFO] PluginManager:220 - loadIPPluginJar : add aes
2025-05-08 15:39:06,443 [INFO] IPUIPlugin:80 - create IPUIPlugin
2025-05-08 15:39:06,443 [INFO] PluginManager:220 - loadIPPluginJar : add can
2025-05-08 15:39:06,473 [INFO] IPUIPlugin:80 - create IPUIPlugin
2025-05-08 15:39:06,473 [INFO] PluginManager:220 - loadIPPluginJar : add comp
2025-05-08 15:39:06,504 [INFO] IPUIPlugin:80 - create IPUIPlugin
2025-05-08 15:39:06,504 [INFO] PluginManager:220 - loadIPPluginJar : add cryp
2025-05-08 15:39:06,515 [INFO] IPUIPlugin:80 - create IPUIPlugin
2025-05-08 15:39:06,515 [INFO] PluginManager:220 - loadIPPluginJar : add ddr_ctrl_phy
2025-05-08 15:39:06,544 [INFO] IPUIPlugin:80 - create IPUIPlugin
2025-05-08 15:39:06,544 [INFO] PluginManager:220 - loadIPPluginJar : add dfsdm
2025-05-08 15:39:06,558 [INFO] IPUIPlugin:80 - create IPUIPlugin
2025-05-08 15:39:06,558 [INFO] PluginManager:220 - loadIPPluginJar : add dma
2025-05-08 15:39:06,604 [INFO] IPUIPlugin:80 - create IPUIPlugin
2025-05-08 15:39:06,604 [INFO] PluginManager:220 - loadIPPluginJar : add dma3
2025-05-08 15:39:06,655 [INFO] IPUIPlugin:80 - create IPUIPlugin
2025-05-08 15:39:06,655 [INFO] PluginManager:220 - loadIPPluginJar : add extmemmanager
2025-05-08 15:39:06,678 [INFO] IPUIPlugin:80 - create IPUIPlugin
2025-05-08 15:39:06,678 [INFO] PluginManager:220 - loadIPPluginJar : add fatfs
2025-05-08 15:39:06,731 [INFO] IPUIPlugin:80 - create IPUIPlugin
2025-05-08 15:39:06,731 [INFO] PluginManager:220 - loadIPPluginJar : add fmc
2025-05-08 15:39:06,745 [INFO] IPUIPlugin:80 - create IPUIPlugin
2025-05-08 15:39:06,745 [INFO] PluginManager:220 - loadIPPluginJar : add freertos
2025-05-08 15:39:06,768 [INFO] IPUIPlugin:80 - create IPUIPlugin
2025-05-08 15:39:06,768 [INFO] PluginManager:220 - loadIPPluginJar : add genericplugin
2025-05-08 15:39:06,861 [INFO] IPUIPlugin:80 - create IPUIPlugin
2025-05-08 15:39:06,861 [INFO] PluginManager:220 - loadIPPluginJar : add gfxmmu
2025-05-08 15:39:06,975 [INFO] IPUIPlugin:80 - create IPUIPlugin
2025-05-08 15:39:06,975 [INFO] PluginManager:220 - loadIPPluginJar : add gic
2025-05-08 15:39:06,986 [INFO] IPUIPlugin:80 - create IPUIPlugin
2025-05-08 15:39:06,987 [INFO] PluginManager:220 - loadIPPluginJar : add gpio
2025-05-08 15:39:07,075 [INFO] IPUIPlugin:80 - create IPUIPlugin
2025-05-08 15:39:07,075 [INFO] PluginManager:220 - loadIPPluginJar : add gtzc
2025-05-08 15:39:07,105 [INFO] IPUIPlugin:80 - create IPUIPlugin
2025-05-08 15:39:07,106 [INFO] PluginManager:220 - loadIPPluginJar : add hash
2025-05-08 15:39:07,152 [INFO] IPUIPlugin:80 - create IPUIPlugin
2025-05-08 15:39:07,152 [INFO] PluginManager:220 - loadIPPluginJar : add i2c
2025-05-08 15:39:07,188 [INFO] IPUIPlugin:80 - create IPUIPlugin
2025-05-08 15:39:07,188 [INFO] PluginManager:220 - loadIPPluginJar : add i2s
2025-05-08 15:39:07,224 [INFO] IPUIPlugin:80 - create IPUIPlugin
2025-05-08 15:39:07,225 [INFO] PluginManager:220 - loadIPPluginJar : add i3c
2025-05-08 15:39:07,321 [INFO] IPUIPlugin:80 - create IPUIPlugin
2025-05-08 15:39:07,321 [INFO] PluginManager:220 - loadIPPluginJar : add ipddr
2025-05-08 15:39:07,396 [INFO] IPUIPlugin:80 - create IPUIPlugin
2025-05-08 15:39:07,396 [INFO] PluginManager:220 - loadIPPluginJar : add linkedlist
2025-05-08 15:39:07,426 [INFO] IPUIPlugin:80 - create IPUIPlugin
2025-05-08 15:39:07,426 [INFO] PluginManager:220 - loadIPPluginJar : add lorawan
2025-05-08 15:39:07,459 [INFO] IPUIPlugin:80 - create IPUIPlugin
2025-05-08 15:39:07,459 [INFO] PluginManager:220 - loadIPPluginJar : add ltdc
2025-05-08 15:39:07,471 [INFO] IPUIPlugin:80 - create IPUIPlugin
2025-05-08 15:39:07,471 [INFO] PluginManager:220 - loadIPPluginJar : add mdma
2025-05-08 15:39:07,480 [INFO] IPUIPlugin:80 - create IPUIPlugin
2025-05-08 15:39:07,481 [INFO] PluginManager:220 - loadIPPluginJar : add nvic
2025-05-08 15:39:07,512 [INFO] IPUIPlugin:80 - create IPUIPlugin
2025-05-08 15:39:07,512 [INFO] PluginManager:220 - loadIPPluginJar : add opamp
2025-05-08 15:39:07,562 [INFO] IPUIPlugin:80 - create IPUIPlugin
2025-05-08 15:39:07,562 [INFO] PluginManager:220 - loadIPPluginJar : add openamp
2025-05-08 15:39:07,597 [INFO] IPUIPlugin:80 - create IPUIPlugin
2025-05-08 15:39:07,597 [INFO] PluginManager:220 - loadIPPluginJar : add pdm2pcm
2025-05-08 15:39:07,609 [INFO] IPUIPlugin:80 - create IPUIPlugin
2025-05-08 15:39:07,610 [INFO] PluginManager:220 - loadIPPluginJar : add plateformsettings
2025-05-08 15:39:07,633 [INFO] IPUIPlugin:80 - create IPUIPlugin
2025-05-08 15:39:07,633 [INFO] PluginManager:220 - loadIPPluginJar : add quadspi
2025-05-08 15:39:07,656 [INFO] IPUIPlugin:80 - create IPUIPlugin
2025-05-08 15:39:07,657 [INFO] PluginManager:220 - loadIPPluginJar : add radio
2025-05-08 15:39:07,668 [INFO] IPUIPlugin:80 - create IPUIPlugin
2025-05-08 15:39:07,669 [INFO] PluginManager:220 - loadIPPluginJar : add resmgrutility
2025-05-08 15:39:07,710 [INFO] IPUIPlugin:80 - create IPUIPlugin
2025-05-08 15:39:07,710 [INFO] PluginManager:220 - loadIPPluginJar : add sai
2025-05-08 15:39:07,742 [INFO] IPUIPlugin:80 - create IPUIPlugin
2025-05-08 15:39:07,742 [INFO] PluginManager:220 - loadIPPluginJar : add spi
2025-05-08 15:39:07,803 [INFO] IPUIPlugin:80 - create IPUIPlugin
2025-05-08 15:39:07,804 [INFO] PluginManager:220 - loadIPPluginJar : add stm32_wpan
2025-05-08 15:39:07,824 [INFO] IPUIPlugin:80 - create IPUIPlugin
2025-05-08 15:39:07,824 [INFO] PluginManager:220 - loadIPPluginJar : add tim
2025-05-08 15:39:07,879 [INFO] IPUIPlugin:80 - create IPUIPlugin
2025-05-08 15:39:07,879 [INFO] PluginManager:220 - loadIPPluginJar : add touchsensing
2025-05-08 15:39:07,901 [INFO] IPUIPlugin:80 - create IPUIPlugin
2025-05-08 15:39:07,901 [INFO] PluginManager:220 - loadIPPluginJar : add tracer_emb
2025-05-08 15:39:07,920 [INFO] IPUIPlugin:80 - create IPUIPlugin
2025-05-08 15:39:07,920 [INFO] PluginManager:220 - loadIPPluginJar : add ts
2025-05-08 15:39:07,938 [INFO] IPUIPlugin:80 - create IPUIPlugin
2025-05-08 15:39:07,938 [INFO] PluginManager:220 - loadIPPluginJar : add tsc
2025-05-08 15:39:07,957 [INFO] IPUIPlugin:80 - create IPUIPlugin
2025-05-08 15:39:07,958 [INFO] PluginManager:220 - loadIPPluginJar : add ucpd
2025-05-08 15:39:07,994 [INFO] IPUIPlugin:80 - create IPUIPlugin
2025-05-08 15:39:07,994 [INFO] PluginManager:220 - loadIPPluginJar : add usart
2025-05-08 15:39:08,031 [INFO] IPUIPlugin:80 - create IPUIPlugin
2025-05-08 15:39:08,031 [INFO] PluginManager:220 - loadIPPluginJar : add usbx
2025-05-08 15:39:08,140 [FATAL] Updater:351 - Updater called before beeing initialized
2025-05-08 15:39:08,160 [INFO] RulesReader:64 - Compatibility file has been processed (297 Rules)
2025-05-08 15:39:08,173 [INFO] RulesReader:64 - Compatibility file has been processed (297 Rules)
2025-05-08 15:39:08,180 [INFO] CADModel:165 - CPN selected for project level
2025-05-08 15:39:08,180 [INFO] CADModel:114 - Register for checkConnection events
2025-05-08 15:39:08,181 [FATAL] Updater:351 - Updater called before beeing initialized
2025-05-08 15:39:08,181 [ERROR] CADModel:125 - Updater not yet initialized, retry later 
2025-05-08 15:39:08,351 [FATAL] Updater:351 - Updater called before beeing initialized
2025-05-08 15:39:08,352 [INFO] CADModel:165 - CPN selected for project level
2025-05-08 15:39:08,353 [INFO] CADModel:114 - Register for checkConnection events
2025-05-08 15:39:08,353 [FATAL] Updater:351 - Updater called before beeing initialized
2025-05-08 15:39:08,353 [ERROR] CADModel:125 - Updater not yet initialized, retry later 
2025-05-08 15:39:08,355 [FATAL] Updater:351 - Updater called before beeing initialized
2025-05-08 15:39:08,429 [FATAL] Updater:351 - Updater called before beeing initialized
2025-05-08 15:39:08,439 [INFO] DbMcusAds:53 - JSON generation date=Thu Mar 06 15:54:22 CET 2025 (1741272862078)
2025-05-08 15:39:08,440 [FATAL] Updater:351 - Updater called before beeing initialized
2025-05-08 15:39:08,468 [WARN] DetailPanel:346 - Failed to get advertising image, set to default
2025-05-08 15:39:08,629 [FATAL] Updater:351 - Updater called before beeing initialized
2025-05-08 15:39:08,630 [FATAL] Updater:351 - Updater called before beeing initialized
2025-05-08 15:39:08,630 [FATAL] Updater:351 - Updater called before beeing initialized
2025-05-08 15:39:08,630 [WARN] DetailPanel:346 - Failed to get advertising image, set to default
2025-05-08 15:39:08,631 [FATAL] Updater:351 - Updater called before beeing initialized
2025-05-08 15:39:08,674 [ERROR] Updater:1198 - MainUpdater not yet initialized. External WinMGr cannot be set.
2025-05-08 15:39:08,682 [INFO] Updater:1134 - Updater Version found : 6.13.0
2025-05-08 15:39:08,696 [INFO] ApplicationProperties:184 - Using Application install path: C:\ST\STM32CubeIDE_1.16.1\STM32CubeIDE\plugins\com.st.stm32cube.common.mx_6.13.0.202411220809
2025-05-08 15:39:08,887 [INFO] ThirdPartyUpdaterWithRetryManager:70 - Updater plugin not ready yet. [2/15]
2025-05-08 15:39:09,212 [INFO] MainUpdater:2872 - connection check result : 10
2025-05-08 15:39:09,212 [INFO] MainUpdater:3566 - Updater definition file requires update
2025-05-08 15:39:09,212 [INFO] MainUpdater:289 - Updater Check For Update Now.
2025-05-08 15:39:09,212 [INFO] MicroXplorer:498 - Change Database Version : DB.6.0.130
2025-05-08 15:39:09,229 [INFO] McuFinderGlobals:63 - Set McuFinder mode to 2 (CubeIDE integrated)
2025-05-08 15:39:09,233 [INFO] UserAuth:486 - Internet connection configuration mode: 1
2025-05-08 15:39:09,262 [INFO] JxBrowserEngine:152 - Initiate JxBrowser Engine with user profile folder
2025-05-08 15:39:09,296 [INFO] ServerAccessManage:473 - Download File updaters.zip
2025-05-08 15:39:09,368 [INFO] FileExtend:240 - Unzip File : updaters.zip
2025-05-08 15:39:09,369 [INFO] FileExtend:255 - Standard Zip Deflate
2025-05-08 15:39:09,778 [INFO] ServerAccessManage:473 - Download File PacksControlFlags.xml
2025-05-08 15:39:09,831 [INFO] ServerAccessManage:473 - Download File cubemx.pidx
2025-05-08 15:39:10,446 [INFO] ServerAccessManage:473 - Download File STMicroelectronics.X-CUBE-FREERTOS.pdsc
2025-05-08 15:39:10,611 [INFO] WebApp:168 - Instantiating new browser for Auth
2025-05-08 15:39:11,584 [INFO] WebApp:449 - Apply proxy settings
2025-05-08 15:39:11,585 [INFO] WebApp:534 - Chromium requires no authentication
2025-05-08 15:39:11,641 [INFO] WebApp:477 - Direct internet connection detected
2025-05-08 15:39:11,746 [WARN] PackLoader:240 - Cannot read IP mode file for STMicroelectronics.X-CUBE-FREERTOS.1.3.1
2025-05-08 15:39:11,747 [INFO] PopulateThirdPartyThread:66 - Ending populate Thread
2025-05-08 15:39:11,749 [INFO] ThirdParty:1030 - CMSIS Pack Vendor :STMicroelectronics X-CUBE-FREERTOS 1.3.1
2025-05-08 15:39:11,749 [INFO] LoadServerUpdatesThread:375 - End of LoadServerUpdate Thread
2025-05-08 15:39:11,778 [INFO] WebApp:880 - Register for checkConnection events
2025-05-08 15:39:11,778 [INFO] WebApp:449 - Apply proxy settings
2025-05-08 15:39:11,778 [INFO] WebApp:534 - Chromium requires no authentication
2025-05-08 15:39:11,778 [INFO] WebApp:477 - Direct internet connection detected
2025-05-08 15:39:11,802 [INFO] CheckServerUpdateThread:120 - End of CheckServer Thread
2025-05-08 15:39:11,841 [INFO] WebApp:187 - Connection restablished
2025-05-08 15:39:11,977 [INFO] WebApp:221 - Starting web application
2025-05-08 15:39:11,978 [INFO] WebApp:579 - Web application path used C:\ST\STM32CubeIDE_1.16.1\STM32CubeIDE\plugins\com.st.stm32cube.common.mx_6.13.0.202411220809\db\plugins\mcufinder\reactClient1\index.html
2025-05-08 15:39:12,078 [WARN] PackLoader:240 - Cannot read IP mode file for STMicroelectronics.FP-SNS-MOTENVWB1.1.4.0
2025-05-08 15:39:12,083 [WARN] PackLoader:240 - Cannot read IP mode file for STMicroelectronics.FP-ATR-ASTRA1.2.0.2
2025-05-08 15:39:12,094 [WARN] PackLoader:240 - Cannot read IP mode file for STMicroelectronics.FP-ATR-ASTRA1.2.0.1
2025-05-08 15:39:12,109 [INFO] UserAuth:486 - Internet connection configuration mode: 1
2025-05-08 15:39:12,109 [WARN] PackLoader:240 - Cannot read IP mode file for STMicroelectronics.X-CUBE-SMBUS.2.1.0
2025-05-08 15:39:12,125 [WARN] PackLoader:240 - Cannot read IP mode file for STMicroelectronics.X-CUBE-WB05N.1.1.0
2025-05-08 15:39:12,160 [WARN] PackLoader:240 - Cannot read IP mode file for STMicroelectronics.X-CUBE-AZRTOS-F7.1.1.0
2025-05-08 15:39:12,349 [WARN] PackLoader:240 - Cannot read IP mode file for STMicroelectronics.X-CUBE-MEMS1.11.0.0
2025-05-08 15:39:12,483 [WARN] PackLoader:240 - Cannot read IP mode file for STMicroelectronics.FP-SNS-FLIGHT1.5.0.2
2025-05-08 15:39:12,500 [WARN] PackLoader:240 - Cannot read IP mode file for STMicroelectronics.X-CUBE-DISPLAY.3.0.0
2025-05-08 15:39:12,519 [WARN] PackLoader:240 - Cannot read IP mode file for STMicroelectronics.X-CUBE-BLE1.7.0.0
2025-05-08 15:39:12,537 [WARN] PackLoader:240 - Cannot read IP mode file for STMicroelectronics.X-CUBE-NFC10.1.0.0
2025-05-08 15:39:12,556 [WARN] PackLoader:240 - Cannot read IP mode file for STMicroelectronics.X-CUBE-BLEMGR.4.0.0
2025-05-08 15:39:12,574 [WARN] PackLoader:240 - Cannot read IP mode file for emotas.I-CUBE-CANOPEN.1.3.0
2025-05-08 15:39:12,591 [WARN] PackLoader:240 - Cannot read IP mode file for STMicroelectronics.X-CUBE-BLEMGR.3.1.0
2025-05-08 15:39:12,605 [WARN] PackLoader:240 - Cannot read IP mode file for STMicroelectronics.X-CUBE-AI.10.0.0
2025-05-08 15:39:12,619 [WARN] PackLoader:240 - Cannot read IP mode file for STMicroelectronics.FP-SNS-SMARTAG2.1.2.0
2025-05-08 15:39:12,622 [WARN] PackLoader:240 - Cannot read IP mode file for STMicroelectronics.FP-SNS-FLIGHT1.5.1.0
2025-05-08 15:39:12,666 [WARN] PackLoader:240 - Cannot read IP mode file for STMicroelectronics.X-CUBE-MEMS1.11.1.0
2025-05-08 15:39:12,784 [INFO] LogOutputStream:77 - [STDOUT_REDIRECT] 1 : Invalid condition id : UX_CORESTACK_Condition cause : null
2025-05-08 15:39:12,785 [INFO] LogOutputStream:77 - [STDOUT_REDIRECT] 1 : Invalid condition id : UX_CORESTACK_Condition cause : null
2025-05-08 15:39:12,787 [INFO] LogOutputStream:77 - [STDOUT_REDIRECT] 1 : Invalid condition id : UX_CORESTACK_Condition cause : null
2025-05-08 15:39:12,788 [INFO] LogOutputStream:77 - [STDOUT_REDIRECT] 1 : Invalid condition id : UX_CORESTACK_Condition cause : null
2025-05-08 15:39:12,789 [INFO] LogOutputStream:77 - [STDOUT_REDIRECT] 1 : Invalid condition id : UX_CORESTACK_Condition cause : null
2025-05-08 15:39:12,792 [WARN] PackLoader:240 - Cannot read IP mode file for STMicroelectronics.X-CUBE-AZRTOS-WL.2.0.0
2025-05-08 15:39:12,817 [WARN] PackLoader:240 - Cannot read IP mode file for STMicroelectronics.FP-SNS-MOTENV1.5.0.0
2025-05-08 15:39:12,824 [WARN] PackLoader:240 - Cannot read IP mode file for wolfSSL.I-CUBE-wolfMQTT.1.19.0
2025-05-08 15:39:12,841 [WARN] PackLoader:240 - Cannot read IP mode file for WES.I-CUBE-Cesium.1.3.0
2025-05-08 15:39:12,857 [WARN] PackLoader:240 - Cannot read IP mode file for STMicroelectronics.X-CUBE-BLE2.3.3.0
2025-05-08 15:39:12,874 [WARN] PackLoader:240 - Cannot read IP mode file for STMicroelectronics.X-CUBE-NFC9.1.0.0
2025-05-08 15:39:12,890 [WARN] PackLoader:240 - Cannot read IP mode file for STMicroelectronics.X-CUBE-BLE1.7.1.0
2025-05-08 15:39:12,903 [WARN] PackLoader:240 - Cannot read IP mode file for STMicroelectronics.X-CUBE-TCPP.4.1.0
2025-05-08 15:39:12,948 [WARN] PackLoader:240 - Cannot read IP mode file for STMicroelectronics.X-CUBE-MEMS1.11.2.0
2025-05-08 15:39:13,034 [WARN] PackLoader:240 - Cannot read IP mode file for STMicroelectronics.X-CUBE-AZRTOS-G0.1.1.0
2025-05-08 15:39:13,051 [WARN] PackLoader:240 - Cannot read IP mode file for STMicroelectronics.X-CUBE-SAFEA1.1.2.2
2025-05-08 15:39:13,063 [WARN] PackLoader:240 - Cannot read IP mode file for STMicroelectronics.X-CUBE-NFC4.3.0.0
2025-05-08 15:39:13,082 [WARN] PackLoader:240 - Cannot read IP mode file for EmbeddedOffice.I-CUBE-FS-RTOS.1.0.1
2025-05-08 15:39:13,096 [WARN] PackLoader:240 - Cannot read IP mode file for STMicroelectronics.X-CUBE-WB05N.2.0.0
2025-05-08 15:39:13,108 [WARN] PackLoader:240 - Cannot read IP mode file for STMicroelectronics.X-CUBE-TCPP.4.2.0
2025-05-08 15:39:13,122 [WARN] PackLoader:240 - Cannot read IP mode file for RealThread.X-CUBE-RT-Thread_Nano.4.1.1
2025-05-08 15:39:13,127 [WARN] PackLoader:240 - Cannot read IP mode file for STMicroelectronics.FP-ATR-SIGFOX1.3.2.0
2025-05-08 15:39:13,138 [WARN] PackLoader:240 - Cannot read IP mode file for wolfSSL.I-CUBE-wolfSSL.5.7.2
2025-05-08 15:39:13,142 [WARN] ConditionMgr:438 - getConditionDescription Invalid condition id : Cortex-A Device cause : null
2025-05-08 15:39:13,161 [WARN] ConditionMgr:1044 - genDependencies : Invalid condition id : Cortex-A Device cause : null
2025-05-08 15:39:13,161 [WARN] ConditionMgr:1044 - genDependencies : Invalid condition id : Cortex-A Device cause : null
2025-05-08 15:39:13,161 [WARN] ConditionMgr:1044 - genDependencies : Invalid condition id : Cortex-A Device cause : null
2025-05-08 15:39:13,175 [WARN] PackLoader:240 - Cannot read IP mode file for STMicroelectronics.X-CUBE-EEPRMA1.5.1.0
2025-05-08 15:39:13,187 [WARN] PackLoader:240 - Cannot read IP mode file for ITTIA_DB.I-CUBE-ITTIADB.8.9.0
2025-05-08 15:39:13,216 [WARN] PackLoader:240 - Cannot read IP mode file for SEGGER.I-CUBE-embOS.1.3.1
2025-05-08 15:39:13,247 [WARN] PackLoader:240 - Cannot read IP mode file for STMicroelectronics.X-CUBE-ALGOBUILD.1.4.0
2025-05-08 15:39:13,259 [WARN] PackLoader:240 - Cannot read IP mode file for STMicroelectronics.X-CUBE-AI.9.1.0
2025-05-08 15:39:13,285 [WARN] PackLoader:240 - Cannot read IP mode file for STMicroelectronics.X-CUBE-AZRTOS-F4.1.1.0
2025-05-08 15:39:13,290 [WARN] PackLoader:240 - Cannot read IP mode file for Avnet-IotConnect.X-CUBE-IoTC-DA16k-PMOD.1.0.0
2025-05-08 15:39:13,301 [WARN] PackLoader:240 - Cannot read IP mode file for STMicroelectronics.X-CUBE-ISPU.2.1.0
2025-05-08 15:39:13,313 [WARN] PackLoader:240 - Cannot read IP mode file for STMicroelectronics.X-CUBE-FREERTOS.1.2.0
2025-05-08 15:39:13,336 [WARN] PackLoader:240 - Cannot read IP mode file for STMicroelectronics.X-CUBE-AZRTOS-L5.2.0.0
2025-05-08 15:39:13,350 [WARN] PackLoader:240 - Cannot read IP mode file for STMicroelectronics.X-CUBE-NFC6.3.1.0
2025-05-08 15:39:13,363 [WARN] PackLoader:240 - Cannot read IP mode file for STMicroelectronics.X-CUBE-DPower.1.2.0
2025-05-08 15:39:13,365 [WARN] PackLoader:240 - Cannot read IP mode file for STMicroelectronics.X-CUBE-FREERTOS.1.3.1
2025-05-08 15:39:13,376 [WARN] PackLoader:240 - Cannot read IP mode file for STMicroelectronics.X-CUBE-FREERTOS.1.3.0
2025-05-08 15:39:13,388 [WARN] PackLoader:240 - Cannot read IP mode file for STMicroelectronics.X-CUBE-NFC7.1.0.1
2025-05-08 15:39:13,400 [WARN] PackLoader:240 - Cannot read IP mode file for STMicroelectronics.X-CUBE-DPower.1.3.0
2025-05-08 15:39:13,420 [WARN] ConditionMgr:438 - getConditionDescription Invalid condition id : LAN8742 Phy interface Condition cause : null
2025-05-08 15:39:13,420 [WARN] PackLoader:240 - Cannot read IP mode file for STMicroelectronics.X-CUBE-AZRTOS-L4.2.0.0
2025-05-08 15:39:13,421 [WARN] ConditionMgr:1044 - genDependencies : Invalid condition id : LAN8742 Phy interface Condition cause : null
2025-05-08 15:39:13,421 [WARN] ConditionMgr:1044 - genDependencies : Invalid condition id : LAN8742 Phy interface Condition cause : null
2025-05-08 15:39:13,421 [WARN] ConditionMgr:1044 - genDependencies : Invalid condition id : LAN8742 Phy interface Condition cause : null
2025-05-08 15:39:13,435 [WARN] PackLoader:240 - Cannot read IP mode file for STMicroelectronics.X-CUBE-SFXS2LP1.4.0.0
2025-05-08 15:39:13,461 [WARN] PackLoader:240 - Cannot read IP mode file for STMicroelectronics.X-CUBE-AZRTOS-H7.3.3.0
2025-05-08 15:39:13,485 [WARN] PackLoader:240 - Cannot read IP mode file for STMicroelectronics.X-CUBE-IPS.3.0.0
2025-05-08 15:39:13,505 [WARN] ConditionMgr:438 - getConditionDescription Invalid condition id : UX DEVICE CLASS RTOS Condition cause : null
2025-05-08 15:39:13,505 [WARN] ConditionMgr:438 - getConditionDescription Invalid condition id : UX DEVICE CLASS RTOS Condition cause : null
2025-05-08 15:39:13,506 [WARN] PackLoader:240 - Cannot read IP mode file for STMicroelectronics.X-CUBE-AZRTOS-WB.2.0.0
2025-05-08 15:39:13,507 [WARN] ConditionMgr:1044 - genDependencies : Invalid condition id : UX DEVICE CLASS RTOS Condition cause : null
2025-05-08 15:39:13,507 [WARN] ConditionMgr:1044 - genDependencies : Invalid condition id : UX DEVICE CLASS RTOS Condition cause : null
2025-05-08 15:39:13,507 [WARN] ConditionMgr:1044 - genDependencies : Invalid condition id : UX DEVICE CLASS RTOS Condition cause : null
2025-05-08 15:39:13,507 [WARN] ConditionMgr:1044 - genDependencies : Invalid condition id : UX DEVICE CLASS RTOS Condition cause : null
2025-05-08 15:39:13,507 [WARN] ConditionMgr:1044 - genDependencies : Invalid condition id : UX DEVICE CLASS RTOS Condition cause : null
2025-05-08 15:39:13,520 [WARN] PackLoader:240 - Cannot read IP mode file for STMicroelectronics.X-CUBE-GNSS1.7.0.0
2025-05-08 15:39:13,532 [WARN] PackLoader:240 - Cannot read IP mode file for STMicroelectronics.X-CUBE-GNSS1.7.0.1
2025-05-08 15:39:13,545 [WARN] PackLoader:240 - Cannot read IP mode file for STMicroelectronics.X-CUBE-TOUCHGFX.4.25.0
2025-05-08 15:39:13,558 [WARN] PackLoader:240 - Cannot read IP mode file for STMicroelectronics.FP-SNS-STBOX1.2.0.0
2025-05-08 15:39:13,575 [WARN] PackLoader:240 - Cannot read IP mode file for STMicroelectronics.X-CUBE-SUBG2.5.0.0
2025-05-08 15:39:13,599 [WARN] PackLoader:240 - Cannot read IP mode file for STMicroelectronics.X-CUBE-AZRTOS-H7RS.1.1.0
2025-05-08 15:39:13,603 [WARN] PackLoader:240 - Cannot read IP mode file for Cesanta.I-CUBE-Mongoose.7.13.0
2025-05-08 15:39:13,622 [WARN] PackLoader:240 - Cannot read IP mode file for STMicroelectronics.X-CUBE-AZRTOS-G4.2.0.0
2025-05-08 15:39:13,635 [WARN] PackLoader:240 - Cannot read IP mode file for STMicroelectronics.X-CUBE-NFC7.2.0.0
2025-05-08 15:39:13,655 [WARN] PackLoader:240 - Cannot read IP mode file for STMicroelectronics.X-CUBE-IPS.3.1.0
2025-05-08 15:39:13,670 [WARN] PackLoader:240 - Cannot read IP mode file for STMicroelectronics.X-CUBE-ALS.1.0.2
2025-05-08 15:39:13,683 [WARN] PackLoader:240 - Cannot read IP mode file for STMicroelectronics.X-CUBE-TOUCHGFX.4.24.2
2025-05-08 15:39:13,693 [WARN] PackLoader:240 - Cannot read IP mode file for STMicroelectronics.X-CUBE-TOUCHGFX.4.24.1
2025-05-08 15:39:13,695 [WARN] PackLoader:240 - Cannot read IP mode file for wolfSSL.I-CUBE-wolfTPM.3.4.0
2025-05-08 15:39:13,708 [WARN] PackLoader:240 - Cannot read IP mode file for portGmbH.I-Cube-SoM-uGOAL.1.1.0
2025-05-08 15:39:13,727 [WARN] PackLoader:240 - Cannot read IP mode file for STMicroelectronics.X-CUBE-AZRTOS-H7RS.1.0.0
2025-05-08 15:39:13,738 [WARN] PackLoader:240 - Cannot read IP mode file for STMicroelectronics.FP-ATR-ASTRA1.2.0.0
2025-05-08 15:39:13,752 [WARN] PackLoader:240 - Cannot read IP mode file for STMicroelectronics.X-CUBE-TOF1.3.4.2
2025-05-08 15:39:13,771 [WARN] PackLoader:240 - Cannot read IP mode file for STMicroelectronics.X-CUBE-TOF1.3.4.3
2025-05-08 15:39:13,794 [WARN] PackLoader:240 - Cannot read IP mode file for Infineon.AIROC-Wi-Fi-Bluetooth-STM32.1.6.1
2025-05-08 15:39:13,798 [WARN] PackLoader:240 - Cannot read IP mode file for wolfSSL.I-CUBE-wolfSSH.1.4.17
2025-05-08 15:39:13,798 [INFO] ThirdParty:978 - Integrity check success = true
2025-05-08 15:39:13,798 [INFO] IntegrityCheckThread:100 - exiting critical section [integrity check]
2025-05-08 15:39:13,798 [INFO] IntegrityCheckThread:103 - End integrity checks thread
2025-05-08 15:39:16,325 [ERROR] LogOutputStream:75 - [STDERR_REDIRECT] 
