2025-10-16 14:31:22,614 [INFO] Activator:176 - 


2025-10-16 14:31:22,617 [INFO] Activator:177 - !SESSION log4j initialized
2025-10-16 14:31:28,104 [INFO] LogOutputStream:77 - [STDOUT_REDIRECT] 
2025-10-16 14:31:29,241 [INFO] ApplicationProperties:184 - Using Application install path: C:\ST\STM32CubeIDE_1.16.1\STM32CubeIDE\plugins\com.st.stm32cube.common.mx_6.15.0.202507011659
2025-10-16 14:31:29,272 [INFO] DbMcusXml:78 - Set database path to: C:\ST\STM32CubeIDE_1.16.1\STM32CubeIDE\plugins\com.st.stm32cube.common.mx_6.15.0.202507011659\\db\/mcu/
2025-10-16 14:31:29,272 [INFO] ApiDb:274 - Set plugin database path to: C:\ST\STM32CubeIDE_1.16.1\STM32CubeIDE\plugins\com.st.stm32cube.common.mx_6.15.0.202507011659\\db\/plugins/boardmanager/
2025-10-16 14:31:29,272 [WARN] ApiDb:259 - Overriding images path with different value:  => C:\ST\STM32CubeIDE_1.16.1\STM32CubeIDE\plugins\com.st.stm32cube.common.mx_6.15.0.202507011659\\db\/plugins/mcufinder/images/
2025-10-16 14:31:29,282 [INFO] ApiDb:250 - Set database path to: C:\Users\Miloush\.stmcufinder\plugins\mcufinder//mcu/
2025-10-16 14:31:29,283 [INFO] DbMcusAds:125 - Set database path to: C:\Users\Miloush\.stmcufinder\plugins\mcufinder//mcu/
2025-10-16 14:31:29,288 [INFO] CrossReferenceDbSqlite:203 - Set database path to: C:\Users\Miloush\.stmcufinder\plugins\mcufinder//mcu/cs/
2025-10-16 14:31:29,452 [INFO] RulesReader:64 - Compatibility file has been processed (317 Rules)
2025-10-16 14:31:29,576 [INFO] DbMcusXml:78 - Set database path to: C:\ST\STM32CubeIDE_1.16.1\STM32CubeIDE\plugins\com.st.stm32cube.common.mx_6.15.0.202507011659\\db\/mcu/
2025-10-16 14:31:29,576 [INFO] ApiDb:274 - Set plugin database path to: C:\ST\STM32CubeIDE_1.16.1\STM32CubeIDE\plugins\com.st.stm32cube.common.mx_6.15.0.202507011659\\db\/plugins/boardmanager/
2025-10-16 14:31:29,576 [INFO] ApiDb:261 - Set plugin images path to: C:\ST\STM32CubeIDE_1.16.1\STM32CubeIDE\plugins\com.st.stm32cube.common.mx_6.15.0.202507011659\\db\/plugins/mcufinder/images/
2025-10-16 14:31:29,577 [WARN] DbFile:41 - Overriding database path with different value: C:\Users\Miloush\.stmcufinder\plugins\mcufinder/ => C:\Users\Miloush\.stmcufinder\plugins\mcufinder
2025-10-16 14:31:29,577 [INFO] ApiDb:250 - Set database path to: C:\Users\Miloush\.stmcufinder\plugins\mcufinder//mcu/
2025-10-16 14:31:29,577 [WARN] DbFile:41 - Overriding database path with different value: C:\Users\Miloush\.stmcufinder\plugins\mcufinder/ => C:\Users\Miloush\.stmcufinder\plugins\mcufinder
2025-10-16 14:31:29,577 [INFO] DbMcusAds:125 - Set database path to: C:\Users\Miloush\.stmcufinder\plugins\mcufinder//mcu/
2025-10-16 14:31:29,577 [WARN] DbFile:41 - Overriding database path with different value: C:\Users\Miloush\.stmcufinder\plugins\mcufinder/ => C:\Users\Miloush\.stmcufinder\plugins\mcufinder
2025-10-16 14:31:29,577 [WARN] DbFile:41 - Overriding database path with different value: C:\Users\Miloush\.stmcufinder\plugins\mcufinder/ => C:\Users\Miloush\.stmcufinder\plugins\mcufinder
2025-10-16 14:31:29,577 [INFO] CrossReferenceDbSqlite:203 - Set database path to: C:\Users\Miloush\.stmcufinder\plugins\mcufinder//mcu/cs/
2025-10-16 14:31:29,669 [INFO] MainPanel:274 - HeapMemory: 337641472
2025-10-16 14:31:29,847 [INFO] DbMcusXml:78 - Set database path to: C:\ST\STM32CubeIDE_1.16.1\STM32CubeIDE\plugins\com.st.stm32cube.common.mx_6.15.0.202507011659\\db\/mcu/
2025-10-16 14:31:29,847 [INFO] ApiDb:274 - Set plugin database path to: C:\ST\STM32CubeIDE_1.16.1\STM32CubeIDE\plugins\com.st.stm32cube.common.mx_6.15.0.202507011659\\db\/plugins/boardmanager/
2025-10-16 14:31:29,847 [INFO] ApiDb:261 - Set plugin images path to: C:\ST\STM32CubeIDE_1.16.1\STM32CubeIDE\plugins\com.st.stm32cube.common.mx_6.15.0.202507011659\\db\/plugins/mcufinder/images/
2025-10-16 14:31:29,849 [WARN] DbFile:41 - Overriding database path with different value: C:\Users\Miloush\.stmcufinder\plugins\mcufinder/ => C:\Users\Miloush\.stmcufinder\plugins\mcufinder
2025-10-16 14:31:29,849 [INFO] ApiDb:250 - Set database path to: C:\Users\Miloush\.stmcufinder\plugins\mcufinder//mcu/
2025-10-16 14:31:29,849 [WARN] DbFile:41 - Overriding database path with different value: C:\Users\Miloush\.stmcufinder\plugins\mcufinder/ => C:\Users\Miloush\.stmcufinder\plugins\mcufinder
2025-10-16 14:31:29,849 [INFO] DbMcusAds:125 - Set database path to: C:\Users\Miloush\.stmcufinder\plugins\mcufinder//mcu/
2025-10-16 14:31:29,849 [WARN] DbFile:41 - Overriding database path with different value: C:\Users\Miloush\.stmcufinder\plugins\mcufinder/ => C:\Users\Miloush\.stmcufinder\plugins\mcufinder
2025-10-16 14:31:29,849 [WARN] DbFile:41 - Overriding database path with different value: C:\Users\Miloush\.stmcufinder\plugins\mcufinder/ => C:\Users\Miloush\.stmcufinder\plugins\mcufinder
2025-10-16 14:31:29,849 [INFO] CrossReferenceDbSqlite:203 - Set database path to: C:\Users\Miloush\.stmcufinder\plugins\mcufinder//mcu/cs/
2025-10-16 14:31:29,871 [INFO] ApplicationProperties:184 - Using Application install path: C:\ST\STM32CubeIDE_1.16.1\STM32CubeIDE\plugins\com.st.stm32cube.common.mx_6.15.0.202507011659
2025-10-16 14:31:29,872 [INFO] PluginManage:196 - Search for loadable plugins [exclusion list=, ]
2025-10-16 14:31:29,875 [INFO] PluginManage:310 - Check plugin analytics
2025-10-16 14:31:30,172 [INFO] AnalyticsPlugin:253 - Accepted Software Licenses: STM32CubeMX.6.15.0
2025-10-16 14:31:30,172 [INFO] AnalyticsPlugin:255 - Accepted CMSIS Pack Licenses: 
2025-10-16 14:31:30,172 [INFO] AnalyticsPlugin:257 - Accepted Firmware Licenses: FW.G4.1.6.0,FW.F4.1.28.0
2025-10-16 14:31:30,175 [INFO] PluginManage:359 - Loaded plugin analytics (category:tool,tabindex:-1)
2025-10-16 14:31:30,176 [INFO] PluginManage:310 - Check plugin cadmodel
2025-10-16 14:31:30,182 [INFO] CADModel:105 - Init CAD model plugin
2025-10-16 14:31:30,182 [INFO] PluginManage:359 - Loaded plugin cadmodel (category:power,tabindex:5)
2025-10-16 14:31:30,182 [INFO] PluginManage:310 - Check plugin clock
2025-10-16 14:31:30,194 [INFO] PluginManage:359 - Loaded plugin clock (category:base,tabindex:2)
2025-10-16 14:31:30,194 [INFO] PluginManage:310 - Check plugin ddr
2025-10-16 14:31:30,196 [INFO] PluginManage:359 - Loaded plugin ddr (category:tool,tabindex:6)
2025-10-16 14:31:30,197 [INFO] PluginManage:310 - Check plugin filemanager
2025-10-16 14:31:30,303 [INFO] PluginManage:359 - Loaded plugin filemanager (category:base,tabindex:10)
2025-10-16 14:31:30,303 [INFO] PluginManage:310 - Check plugin ipmanager
2025-10-16 14:31:30,307 [INFO] PluginManage:359 - Loaded plugin ipmanager (category:base,tabindex:5)
2025-10-16 14:31:30,307 [INFO] PluginManage:310 - Check plugin lpbam
2025-10-16 14:31:30,312 [INFO] PluginManage:359 - Loaded plugin lpbam (category:base,tabindex:0)
2025-10-16 14:31:30,312 [INFO] PluginManage:310 - Check plugin memorymap
2025-10-16 14:31:30,321 [INFO] PluginManage:359 - Loaded plugin memorymap (category:base,tabindex:4)
2025-10-16 14:31:30,321 [INFO] PluginManage:310 - Check plugin pinoutandconfiguration
2025-10-16 14:31:30,328 [INFO] PluginManage:359 - Loaded plugin pinoutandconfiguration (category:base,tabindex:1)
2025-10-16 14:31:30,328 [INFO] PluginManage:310 - Check plugin pinoutconfig
2025-10-16 14:31:30,385 [WARN] SupportedApi:132 - Cannot load RTOS API schema: s4s-elt-must-match.1: The content of 'definitions' must match (annotation?, (simpleType | complexType)?, (unique | key | keyref)*)). A problem was found starting at: attribute.
2025-10-16 14:31:30,489 [INFO] PluginManage:359 - Loaded plugin pinoutconfig (category:base,tabindex:0)
2025-10-16 14:31:30,489 [INFO] PluginManage:310 - Check plugin power
2025-10-16 14:31:30,496 [INFO] PluginManage:359 - Loaded plugin power (category:power,tabindex:4)
2025-10-16 14:31:30,496 [INFO] PluginManage:310 - Check plugin projectmanager
2025-10-16 14:31:30,509 [INFO] PluginManage:359 - Loaded plugin projectmanager (category:projectmanager,tabindex:4)
2025-10-16 14:31:30,509 [INFO] PluginManage:310 - Check plugin rif
2025-10-16 14:31:30,515 [INFO] PluginManage:359 - Loaded plugin rif (category:base,tabindex:3)
2025-10-16 14:31:30,515 [INFO] PluginManage:310 - Check plugin thirdparty
2025-10-16 14:31:30,621 [INFO] PluginManage:359 - Loaded plugin thirdparty (category:base,tabindex:-1)
2025-10-16 14:31:30,621 [WARN] IntegrityCheckThread:84 - waiting for thirdparty lock release [integrity check]
2025-10-16 14:31:30,621 [INFO] PluginManage:310 - Check plugin tools
2025-10-16 14:31:30,621 [INFO] IntegrityCheckThread:86 - entering critical section [integrity check]
2025-10-16 14:31:30,621 [INFO] ThirdPartyUpdaterWithRetryManager:70 - Updater plugin not ready yet. [1/15]
2025-10-16 14:31:30,624 [INFO] PluginManage:359 - Loaded plugin tools (category:base,tabindex:7)
2025-10-16 14:31:30,624 [INFO] PluginManage:310 - Check plugin tutovideos
2025-10-16 14:31:30,760 [INFO] PluginManage:359 - Loaded plugin tutovideos (category:base,tabindex:-1)
2025-10-16 14:31:30,761 [INFO] PluginManage:310 - Check plugin updater
2025-10-16 14:31:30,775 [INFO] PluginManage:359 - Loaded plugin updater (category:base,tabindex:12)
2025-10-16 14:31:30,775 [INFO] PluginManage:310 - Check plugin userauth
2025-10-16 14:31:30,778 [INFO] UserAuth:118 - Init User Auth plugin
2025-10-16 14:31:30,778 [INFO] PluginManage:359 - Loaded plugin userauth (category:base,tabindex:14)
2025-10-16 14:31:30,778 [INFO] PluginManage:283 - PluginManage : Loaded plugins [18]
2025-10-16 14:31:30,917 [INFO] PinOutPanel:1589 - setPackage(No Configuration,No Configuration)
2025-10-16 14:31:30,986 [INFO] CADModel:165 - CPN selected for project level
2025-10-16 14:31:30,987 [INFO] CADModel:114 - Register for checkConnection events
2025-10-16 14:31:30,999 [INFO] IPUIPlugin:80 - create IPUIPlugin
2025-10-16 14:31:30,999 [INFO] PluginManager:220 - loadIPPluginJar : add adc
2025-10-16 14:31:31,001 [INFO] IPUIPlugin:80 - create IPUIPlugin
2025-10-16 14:31:31,001 [INFO] PluginManager:220 - loadIPPluginJar : add aes
2025-10-16 14:31:31,004 [INFO] IPUIPlugin:80 - create IPUIPlugin
2025-10-16 14:31:31,004 [INFO] PluginManager:220 - loadIPPluginJar : add can
2025-10-16 14:31:31,005 [INFO] IPUIPlugin:80 - create IPUIPlugin
2025-10-16 14:31:31,005 [INFO] PluginManager:220 - loadIPPluginJar : add comp
2025-10-16 14:31:31,008 [INFO] IPUIPlugin:80 - create IPUIPlugin
2025-10-16 14:31:31,008 [INFO] PluginManager:220 - loadIPPluginJar : add cryp
2025-10-16 14:31:31,011 [INFO] IPUIPlugin:80 - create IPUIPlugin
2025-10-16 14:31:31,011 [INFO] PluginManager:220 - loadIPPluginJar : add ddr_ctrl_phy
2025-10-16 14:31:31,013 [INFO] IPUIPlugin:80 - create IPUIPlugin
2025-10-16 14:31:31,013 [INFO] PluginManager:220 - loadIPPluginJar : add dfsdm
2025-10-16 14:31:31,018 [INFO] IPUIPlugin:80 - create IPUIPlugin
2025-10-16 14:31:31,018 [INFO] PluginManager:220 - loadIPPluginJar : add dma
2025-10-16 14:31:31,020 [INFO] IPUIPlugin:80 - create IPUIPlugin
2025-10-16 14:31:31,021 [INFO] PluginManager:220 - loadIPPluginJar : add dma3
2025-10-16 14:31:31,023 [INFO] IPUIPlugin:80 - create IPUIPlugin
2025-10-16 14:31:31,023 [INFO] PluginManager:220 - loadIPPluginJar : add extmemmanager
2025-10-16 14:31:31,024 [INFO] IPUIPlugin:80 - create IPUIPlugin
2025-10-16 14:31:31,024 [INFO] PluginManager:220 - loadIPPluginJar : add fatfs
2025-10-16 14:31:31,026 [INFO] IPUIPlugin:80 - create IPUIPlugin
2025-10-16 14:31:31,027 [INFO] PluginManager:220 - loadIPPluginJar : add fmc
2025-10-16 14:31:31,031 [INFO] IPUIPlugin:80 - create IPUIPlugin
2025-10-16 14:31:31,031 [INFO] PluginManager:220 - loadIPPluginJar : add freertos
2025-10-16 14:31:31,032 [INFO] IPUIPlugin:80 - create IPUIPlugin
2025-10-16 14:31:31,032 [INFO] PluginManager:220 - loadIPPluginJar : add genericplugin
2025-10-16 14:31:31,033 [INFO] IPUIPlugin:80 - create IPUIPlugin
2025-10-16 14:31:31,033 [INFO] PluginManager:220 - loadIPPluginJar : add gfxmmu
2025-10-16 14:31:31,036 [INFO] IPUIPlugin:80 - create IPUIPlugin
2025-10-16 14:31:31,036 [INFO] PluginManager:220 - loadIPPluginJar : add gic
2025-10-16 14:31:31,039 [INFO] IPUIPlugin:80 - create IPUIPlugin
2025-10-16 14:31:31,039 [INFO] PluginManager:220 - loadIPPluginJar : add gpio
2025-10-16 14:31:31,041 [INFO] IPUIPlugin:80 - create IPUIPlugin
2025-10-16 14:31:31,041 [INFO] PluginManager:220 - loadIPPluginJar : add gtzc
2025-10-16 14:31:31,042 [INFO] IPUIPlugin:80 - create IPUIPlugin
2025-10-16 14:31:31,042 [INFO] PluginManager:220 - loadIPPluginJar : add hash
2025-10-16 14:31:31,044 [INFO] IPUIPlugin:80 - create IPUIPlugin
2025-10-16 14:31:31,044 [INFO] PluginManager:220 - loadIPPluginJar : add i2c
2025-10-16 14:31:31,045 [INFO] IPUIPlugin:80 - create IPUIPlugin
2025-10-16 14:31:31,045 [INFO] PluginManager:220 - loadIPPluginJar : add i2s
2025-10-16 14:31:31,047 [INFO] IPUIPlugin:80 - create IPUIPlugin
2025-10-16 14:31:31,047 [INFO] PluginManager:220 - loadIPPluginJar : add i3c
2025-10-16 14:31:31,049 [INFO] IPUIPlugin:80 - create IPUIPlugin
2025-10-16 14:31:31,049 [INFO] PluginManager:220 - loadIPPluginJar : add ipddr
2025-10-16 14:31:31,054 [INFO] IPUIPlugin:80 - create IPUIPlugin
2025-10-16 14:31:31,055 [INFO] PluginManager:220 - loadIPPluginJar : add linkedlist
2025-10-16 14:31:31,057 [INFO] IPUIPlugin:80 - create IPUIPlugin
2025-10-16 14:31:31,057 [INFO] PluginManager:220 - loadIPPluginJar : add lorawan
2025-10-16 14:31:31,058 [INFO] IPUIPlugin:80 - create IPUIPlugin
2025-10-16 14:31:31,058 [INFO] PluginManager:220 - loadIPPluginJar : add ltdc
2025-10-16 14:31:31,061 [INFO] IPUIPlugin:80 - create IPUIPlugin
2025-10-16 14:31:31,061 [INFO] PluginManager:220 - loadIPPluginJar : add mdma
2025-10-16 14:31:31,064 [INFO] IPUIPlugin:80 - create IPUIPlugin
2025-10-16 14:31:31,064 [INFO] PluginManager:220 - loadIPPluginJar : add nvic
2025-10-16 14:31:31,066 [INFO] IPUIPlugin:80 - create IPUIPlugin
2025-10-16 14:31:31,066 [INFO] PluginManager:220 - loadIPPluginJar : add opamp
2025-10-16 14:31:31,068 [INFO] IPUIPlugin:80 - create IPUIPlugin
2025-10-16 14:31:31,068 [INFO] PluginManager:220 - loadIPPluginJar : add openamp
2025-10-16 14:31:31,069 [INFO] IPUIPlugin:80 - create IPUIPlugin
2025-10-16 14:31:31,069 [INFO] PluginManager:220 - loadIPPluginJar : add pdm2pcm
2025-10-16 14:31:31,074 [INFO] IPUIPlugin:80 - create IPUIPlugin
2025-10-16 14:31:31,076 [INFO] PluginManager:220 - loadIPPluginJar : add plateformsettings
2025-10-16 14:31:31,077 [INFO] IPUIPlugin:80 - create IPUIPlugin
2025-10-16 14:31:31,077 [INFO] PluginManager:220 - loadIPPluginJar : add quadspi
2025-10-16 14:31:31,078 [INFO] IPUIPlugin:80 - create IPUIPlugin
2025-10-16 14:31:31,078 [INFO] PluginManager:220 - loadIPPluginJar : add radio
2025-10-16 14:31:31,081 [INFO] IPUIPlugin:80 - create IPUIPlugin
2025-10-16 14:31:31,081 [INFO] PluginManager:220 - loadIPPluginJar : add resmgrutility
2025-10-16 14:31:31,083 [INFO] IPUIPlugin:80 - create IPUIPlugin
2025-10-16 14:31:31,083 [INFO] PluginManager:220 - loadIPPluginJar : add sai
2025-10-16 14:31:31,085 [INFO] IPUIPlugin:80 - create IPUIPlugin
2025-10-16 14:31:31,085 [INFO] PluginManager:220 - loadIPPluginJar : add spi
2025-10-16 14:31:31,088 [INFO] IPUIPlugin:80 - create IPUIPlugin
2025-10-16 14:31:31,089 [INFO] PluginManager:220 - loadIPPluginJar : add stm32_wpan
2025-10-16 14:31:31,090 [INFO] IPUIPlugin:80 - create IPUIPlugin
2025-10-16 14:31:31,090 [INFO] PluginManager:220 - loadIPPluginJar : add tim
2025-10-16 14:31:31,093 [INFO] IPUIPlugin:80 - create IPUIPlugin
2025-10-16 14:31:31,093 [INFO] PluginManager:220 - loadIPPluginJar : add touchsensing
2025-10-16 14:31:31,094 [INFO] IPUIPlugin:80 - create IPUIPlugin
2025-10-16 14:31:31,094 [INFO] PluginManager:220 - loadIPPluginJar : add tracer_emb
2025-10-16 14:31:31,096 [INFO] IPUIPlugin:80 - create IPUIPlugin
2025-10-16 14:31:31,096 [INFO] PluginManager:220 - loadIPPluginJar : add ts
2025-10-16 14:31:31,097 [INFO] IPUIPlugin:80 - create IPUIPlugin
2025-10-16 14:31:31,098 [INFO] PluginManager:220 - loadIPPluginJar : add tsc
2025-10-16 14:31:31,099 [INFO] IPUIPlugin:80 - create IPUIPlugin
2025-10-16 14:31:31,099 [INFO] PluginManager:220 - loadIPPluginJar : add ucpd
2025-10-16 14:31:31,102 [INFO] IPUIPlugin:80 - create IPUIPlugin
2025-10-16 14:31:31,102 [INFO] PluginManager:220 - loadIPPluginJar : add usart
2025-10-16 14:31:31,104 [INFO] IPUIPlugin:80 - create IPUIPlugin
2025-10-16 14:31:31,104 [INFO] PluginManager:220 - loadIPPluginJar : add usbx
2025-10-16 14:31:31,212 [FATAL] Updater:351 - Updater called before beeing initialized
2025-10-16 14:31:31,230 [INFO] RulesReader:64 - Compatibility file has been processed (317 Rules)
2025-10-16 14:31:31,240 [INFO] RulesReader:64 - Compatibility file has been processed (317 Rules)
2025-10-16 14:31:31,247 [INFO] CADModel:165 - CPN selected for project level
2025-10-16 14:31:31,247 [INFO] CADModel:114 - Register for checkConnection events
2025-10-16 14:31:31,247 [FATAL] Updater:351 - Updater called before beeing initialized
2025-10-16 14:31:31,247 [ERROR] CADModel:125 - Updater not yet initialized, retry later 
2025-10-16 14:31:31,377 [FATAL] Updater:351 - Updater called before beeing initialized
2025-10-16 14:31:31,379 [INFO] CADModel:165 - CPN selected for project level
2025-10-16 14:31:31,379 [INFO] CADModel:114 - Register for checkConnection events
2025-10-16 14:31:31,379 [FATAL] Updater:351 - Updater called before beeing initialized
2025-10-16 14:31:31,379 [ERROR] CADModel:125 - Updater not yet initialized, retry later 
2025-10-16 14:31:31,381 [FATAL] Updater:351 - Updater called before beeing initialized
2025-10-16 14:31:31,449 [FATAL] Updater:351 - Updater called before beeing initialized
2025-10-16 14:31:31,453 [INFO] DbMcusAds:53 - JSON generation date=Thu Oct 02 11:36:05 CEST 2025 (1759397765645)
2025-10-16 14:31:31,453 [FATAL] Updater:351 - Updater called before beeing initialized
2025-10-16 14:31:31,484 [WARN] DetailPanel:346 - Failed to get advertising image, set to default
2025-10-16 14:31:31,549 [FATAL] Updater:351 - Updater called before beeing initialized
2025-10-16 14:31:31,551 [FATAL] Updater:351 - Updater called before beeing initialized
2025-10-16 14:31:31,551 [FATAL] Updater:351 - Updater called before beeing initialized
2025-10-16 14:31:31,551 [WARN] DetailPanel:346 - Failed to get advertising image, set to default
2025-10-16 14:31:31,552 [FATAL] Updater:351 - Updater called before beeing initialized
2025-10-16 14:31:31,584 [ERROR] Updater:1198 - MainUpdater not yet initialized. External WinMGr cannot be set.
2025-10-16 14:31:31,585 [INFO] Updater:1134 - Updater Version found : 6.15.0
2025-10-16 14:31:31,596 [INFO] ApplicationProperties:184 - Using Application install path: C:\ST\STM32CubeIDE_1.16.1\STM32CubeIDE\plugins\com.st.stm32cube.common.mx_6.15.0.202507011659
2025-10-16 14:31:32,065 [INFO] MainUpdater:2872 - connection check result : 10
2025-10-16 14:31:32,066 [INFO] MainUpdater:289 - Updater Check For Update Now.
2025-10-16 14:31:32,066 [INFO] MicroXplorer:498 - Change Database Version : DB.6.0.150
2025-10-16 14:31:32,069 [INFO] McuFinderGlobals:63 - Set McuFinder mode to 2 (CubeIDE integrated)
2025-10-16 14:31:32,070 [INFO] UserAuth:487 - Internet connection configuration mode: 1
2025-10-16 14:31:32,088 [INFO] JxBrowserEngine:152 - Initiate JxBrowser Engine with user profile folder
2025-10-16 14:31:32,230 [INFO] CheckServerUpdateThread:120 - End of CheckServer Thread
2025-10-16 14:31:33,064 [INFO] WebApp:169 - Instantiating new browser for Auth
2025-10-16 14:31:33,586 [INFO] WebApp:463 - Apply proxy settings
2025-10-16 14:31:33,586 [INFO] WebApp:548 - Chromium requires no authentication
2025-10-16 14:31:33,595 [INFO] WebApp:491 - Direct internet connection detected
2025-10-16 14:31:33,614 [INFO] WebApp:900 - Register for checkConnection events
2025-10-16 14:31:33,615 [INFO] WebApp:463 - Apply proxy settings
2025-10-16 14:31:33,615 [INFO] WebApp:548 - Chromium requires no authentication
2025-10-16 14:31:33,615 [INFO] WebApp:491 - Direct internet connection detected
2025-10-16 14:31:33,774 [INFO] WebApp:191 - Connection restablished
2025-10-16 14:31:33,827 [WARN] PackLoader:240 - Cannot read IP mode file for STMicroelectronics.FP-SNS-MOTENVWB1.1.4.0
2025-10-16 14:31:33,835 [WARN] PackLoader:240 - Cannot read IP mode file for STMicroelectronics.FP-ATR-ASTRA1.2.0.2
2025-10-16 14:31:33,836 [INFO] WebApp:225 - Starting web application
2025-10-16 14:31:33,836 [INFO] WebApp:593 - Web application path used C:\ST\STM32CubeIDE_1.16.1\STM32CubeIDE\plugins\com.st.stm32cube.common.mx_6.15.0.202507011659\db\plugins\mcufinder\reactClient1\index.html
2025-10-16 14:31:33,839 [WARN] PackLoader:240 - Cannot read IP mode file for STMicroelectronics.FP-ATR-ASTRA1.2.0.1
2025-10-16 14:31:33,848 [WARN] PackLoader:240 - Cannot read IP mode file for STMicroelectronics.X-CUBE-SMBUS.2.1.0
2025-10-16 14:31:33,854 [WARN] PackLoader:240 - Cannot read IP mode file for STMicroelectronics.X-CUBE-WB05N.1.1.0
2025-10-16 14:31:33,859 [WARN] PackLoader:240 - Cannot read IP mode file for STMicroelectronics.X-CUBE-ST60.1.0.0
2025-10-16 14:31:33,889 [WARN] PackLoader:240 - Cannot read IP mode file for STMicroelectronics.X-CUBE-AZRTOS-F7.1.1.0
2025-10-16 14:31:33,939 [WARN] PackLoader:240 - Cannot read IP mode file for STMicroelectronics.X-CUBE-MEMS1.11.0.0
2025-10-16 14:31:34,027 [INFO] UserAuth:487 - Internet connection configuration mode: 1
2025-10-16 14:31:34,038 [WARN] PackLoader:240 - Cannot read IP mode file for STMicroelectronics.FP-SNS-FLIGHT1.5.0.2
2025-10-16 14:31:34,051 [WARN] PackLoader:240 - Cannot read IP mode file for STMicroelectronics.X-CUBE-AZRTOS-H7.3.4.0
2025-10-16 14:31:34,058 [WARN] PackLoader:240 - Cannot read IP mode file for STMicroelectronics.X-CUBE-DISPLAY.3.0.0
2025-10-16 14:31:34,064 [WARN] PackLoader:240 - Cannot read IP mode file for STMicroelectronics.X-CUBE-BLE1.7.0.0
2025-10-16 14:31:34,067 [WARN] PackLoader:240 - Cannot read IP mode file for STMicroelectronics.X-CUBE-NFC10.1.0.0
2025-10-16 14:31:34,073 [WARN] PackLoader:240 - Cannot read IP mode file for STMicroelectronics.X-CUBE-BLEMGR.4.0.0
2025-10-16 14:31:34,077 [WARN] PackLoader:240 - Cannot read IP mode file for emotas.I-CUBE-CANOPEN.1.3.0
2025-10-16 14:31:34,084 [WARN] PackLoader:240 - Cannot read IP mode file for STMicroelectronics.X-CUBE-BLEMGR.3.1.0
2025-10-16 14:31:34,089 [WARN] PackLoader:240 - Cannot read IP mode file for STMicroelectronics.X-CUBE-AI.10.0.0
2025-10-16 14:31:34,094 [WARN] PackLoader:240 - Cannot read IP mode file for STMicroelectronics.FP-SNS-STBOX1.2.1.0
2025-10-16 14:31:34,105 [WARN] PackLoader:240 - Cannot read IP mode file for STMicroelectronics.FP-SNS-SMARTAG2.1.2.0
2025-10-16 14:31:34,109 [WARN] PackLoader:240 - Cannot read IP mode file for STMicroelectronics.FP-SNS-FLIGHT1.5.1.0
2025-10-16 14:31:34,139 [WARN] PackLoader:240 - Cannot read IP mode file for STMicroelectronics.X-CUBE-MEMS1.11.1.0
2025-10-16 14:31:34,227 [INFO] LogOutputStream:77 - [STDOUT_REDIRECT] 1 : Invalid condition id : UX_CORESTACK_Condition cause : null
2025-10-16 14:31:34,228 [INFO] LogOutputStream:77 - [STDOUT_REDIRECT] 1 : Invalid condition id : UX_CORESTACK_Condition cause : null
2025-10-16 14:31:34,229 [INFO] LogOutputStream:77 - [STDOUT_REDIRECT] 1 : Invalid condition id : UX_CORESTACK_Condition cause : null
2025-10-16 14:31:34,232 [INFO] LogOutputStream:77 - [STDOUT_REDIRECT] 1 : Invalid condition id : UX_CORESTACK_Condition cause : null
2025-10-16 14:31:34,234 [INFO] LogOutputStream:77 - [STDOUT_REDIRECT] 1 : Invalid condition id : UX_CORESTACK_Condition cause : null
2025-10-16 14:31:34,236 [WARN] PackLoader:240 - Cannot read IP mode file for STMicroelectronics.X-CUBE-AZRTOS-WL.2.0.0
2025-10-16 14:31:34,241 [WARN] PackLoader:240 - Cannot read IP mode file for STMicroelectronics.FP-SNS-MOTENV1.5.0.0
2025-10-16 14:31:34,246 [WARN] PackLoader:240 - Cannot read IP mode file for wolfSSL.I-CUBE-wolfMQTT.1.19.0
2025-10-16 14:31:34,253 [WARN] PackLoader:240 - Cannot read IP mode file for WES.I-CUBE-Cesium.1.3.0
2025-10-16 14:31:34,256 [WARN] PackLoader:240 - Cannot read IP mode file for STMicroelectronics.X-CUBE-BLE2.3.3.0
2025-10-16 14:31:34,261 [WARN] PackLoader:240 - Cannot read IP mode file for STMicroelectronics.X-CUBE-NFC9.1.0.0
2025-10-16 14:31:34,265 [WARN] PackLoader:240 - Cannot read IP mode file for STMicroelectronics.X-CUBE-BLE1.7.1.0
2025-10-16 14:31:34,268 [WARN] PackLoader:240 - Cannot read IP mode file for STMicroelectronics.X-CUBE-TCPP.4.1.0
2025-10-16 14:31:34,274 [WARN] PackLoader:240 - Cannot read IP mode file for STMicroelectronics.X-CUBE-EEPRMA1.5.2.0
2025-10-16 14:31:34,278 [WARN] PackLoader:240 - Cannot read IP mode file for STMicroelectronics.X-CUBE-ST67W61.1.1.0
2025-10-16 14:31:34,281 [WARN] PackLoader:240 - Cannot read IP mode file for STMicroelectronics.X-CUBE-AI.10.1.0
2025-10-16 14:31:34,316 [WARN] PackLoader:240 - Cannot read IP mode file for STMicroelectronics.X-CUBE-MEMS1.11.2.0
2025-10-16 14:31:34,451 [WARN] PackLoader:240 - Cannot read IP mode file for STMicroelectronics.X-CUBE-AZRTOS-G0.1.1.0
2025-10-16 14:31:34,456 [WARN] PackLoader:240 - Cannot read IP mode file for STMicroelectronics.X-CUBE-SAFEA1.1.2.2
2025-10-16 14:31:34,460 [WARN] PackLoader:240 - Cannot read IP mode file for STMicroelectronics.X-CUBE-NFC4.3.0.0
2025-10-16 14:31:34,466 [WARN] PackLoader:240 - Cannot read IP mode file for EmbeddedOffice.I-CUBE-FS-RTOS.1.0.1
2025-10-16 14:31:34,469 [WARN] PackLoader:240 - Cannot read IP mode file for STMicroelectronics.X-CUBE-WB05N.2.0.0
2025-10-16 14:31:34,473 [WARN] PackLoader:240 - Cannot read IP mode file for STMicroelectronics.X-CUBE-TCPP.4.2.0
2025-10-16 14:31:34,476 [WARN] PackLoader:240 - Cannot read IP mode file for RealThread.X-CUBE-RT-Thread_Nano.4.1.1
2025-10-16 14:31:34,479 [WARN] PackLoader:240 - Cannot read IP mode file for STMicroelectronics.FP-ATR-SIGFOX1.3.2.0
2025-10-16 14:31:34,482 [WARN] PackLoader:240 - Cannot read IP mode file for wolfSSL.I-CUBE-wolfSSL.5.7.2
2025-10-16 14:31:34,484 [WARN] ConditionMgr:438 - getConditionDescription Invalid condition id : Cortex-A Device cause : null
2025-10-16 14:31:34,496 [WARN] ConditionMgr:1044 - genDependencies : Invalid condition id : Cortex-A Device cause : null
2025-10-16 14:31:34,496 [WARN] ConditionMgr:1044 - genDependencies : Invalid condition id : Cortex-A Device cause : null
2025-10-16 14:31:34,496 [WARN] ConditionMgr:1044 - genDependencies : Invalid condition id : Cortex-A Device cause : null
2025-10-16 14:31:34,499 [WARN] PackLoader:240 - Cannot read IP mode file for STMicroelectronics.X-CUBE-EEPRMA1.5.1.0
2025-10-16 14:31:34,502 [WARN] PackLoader:240 - Cannot read IP mode file for ITTIA_DB.I-CUBE-ITTIADB.8.9.0
2025-10-16 14:31:34,508 [WARN] PackLoader:240 - Cannot read IP mode file for STMicroelectronics.X-CUBE-ST67W61.1.0.0
2025-10-16 14:31:34,511 [WARN] PackLoader:240 - Cannot read IP mode file for STMicroelectronics.X-CUBE-AI.10.2.0
2025-10-16 14:31:34,524 [WARN] PackLoader:240 - Cannot read IP mode file for SEGGER.I-CUBE-embOS.1.3.1
2025-10-16 14:31:34,543 [WARN] PackLoader:240 - Cannot read IP mode file for STMicroelectronics.X-CUBE-ALGOBUILD.1.4.0
2025-10-16 14:31:34,566 [WARN] PackLoader:240 - Cannot read IP mode file for STMicroelectronics.X-CUBE-MEMS1.11.3.0
2025-10-16 14:31:34,626 [WARN] PackLoader:240 - Cannot read IP mode file for STMicroelectronics.X-CUBE-AI.9.1.0
2025-10-16 14:31:34,628 [WARN] PackLoader:240 - Cannot read IP mode file for STMicroelectronics.X-CUBE-PM33A1.1.0.0
2025-10-16 14:31:34,637 [WARN] PackLoader:240 - Cannot read IP mode file for STMicroelectronics.X-CUBE-AZRTOS-F4.1.1.0
2025-10-16 14:31:34,641 [WARN] PackLoader:240 - Cannot read IP mode file for Avnet-IotConnect.X-CUBE-IoTC-DA16k-PMOD.1.0.0
2025-10-16 14:31:34,644 [WARN] PackLoader:240 - Cannot read IP mode file for STMicroelectronics.X-CUBE-ISPU.2.1.0
2025-10-16 14:31:34,651 [WARN] PackLoader:240 - Cannot read IP mode file for STMicroelectronics.X-CUBE-IPS.3.2.0
2025-10-16 14:31:34,658 [WARN] PackLoader:240 - Cannot read IP mode file for STMicroelectronics.X-CUBE-FREERTOS.1.2.0
2025-10-16 14:31:34,662 [WARN] PackLoader:240 - Cannot read IP mode file for STMicroelectronics.X-CUBE-NFC12.1.0.0
2025-10-16 14:31:34,674 [WARN] PackLoader:240 - Cannot read IP mode file for STMicroelectronics.X-CUBE-AZRTOS-L5.2.0.0
2025-10-16 14:31:34,681 [WARN] PackLoader:240 - Cannot read IP mode file for STMicroelectronics.X-CUBE-NFC6.3.1.0
2025-10-16 14:31:34,688 [WARN] PackLoader:240 - Cannot read IP mode file for STMicroelectronics.X-CUBE-DPower.1.2.0
2025-10-16 14:31:34,691 [WARN] PackLoader:240 - Cannot read IP mode file for STMicroelectronics.X-CUBE-FREERTOS.1.3.1
2025-10-16 14:31:34,704 [WARN] PackLoader:240 - Cannot read IP mode file for STMicroelectronics.X-CUBE-FREERTOS.1.3.0
2025-10-16 14:31:34,709 [WARN] PackLoader:240 - Cannot read IP mode file for STMicroelectronics.X-CUBE-NFC7.1.0.1
2025-10-16 14:31:34,716 [WARN] PackLoader:240 - Cannot read IP mode file for STMicroelectronics.X-CUBE-TOUCHGFX.4.26.0
2025-10-16 14:31:34,722 [WARN] PackLoader:240 - Cannot read IP mode file for STMicroelectronics.FP-SNS-STAIOTCFT.1.0.0
2025-10-16 14:31:34,727 [WARN] PackLoader:240 - Cannot read IP mode file for STMicroelectronics.X-CUBE-DPower.1.3.0
2025-10-16 14:31:34,740 [WARN] ConditionMgr:438 - getConditionDescription Invalid condition id : LAN8742 Phy interface Condition cause : null
2025-10-16 14:31:34,740 [WARN] PackLoader:240 - Cannot read IP mode file for STMicroelectronics.X-CUBE-AZRTOS-L4.2.0.0
2025-10-16 14:31:34,741 [WARN] ConditionMgr:1044 - genDependencies : Invalid condition id : LAN8742 Phy interface Condition cause : null
2025-10-16 14:31:34,741 [WARN] ConditionMgr:1044 - genDependencies : Invalid condition id : LAN8742 Phy interface Condition cause : null
2025-10-16 14:31:34,742 [WARN] ConditionMgr:1044 - genDependencies : Invalid condition id : LAN8742 Phy interface Condition cause : null
2025-10-16 14:31:34,747 [WARN] PackLoader:240 - Cannot read IP mode file for STMicroelectronics.X-CUBE-SFXS2LP1.4.0.0
2025-10-16 14:31:34,759 [WARN] PackLoader:240 - Cannot read IP mode file for STMicroelectronics.X-CUBE-AZRTOS-H7.3.3.0
2025-10-16 14:31:34,764 [WARN] PackLoader:240 - Cannot read IP mode file for STMicroelectronics.X-CUBE-BLEMGR.4.1.0
2025-10-16 14:31:34,772 [WARN] PackLoader:240 - Cannot read IP mode file for STMicroelectronics.X-CUBE-IPS.3.0.0
2025-10-16 14:31:34,785 [WARN] ConditionMgr:438 - getConditionDescription Invalid condition id : UX DEVICE CLASS RTOS Condition cause : null
2025-10-16 14:31:34,785 [WARN] ConditionMgr:438 - getConditionDescription Invalid condition id : UX DEVICE CLASS RTOS Condition cause : null
2025-10-16 14:31:34,788 [WARN] PackLoader:240 - Cannot read IP mode file for STMicroelectronics.X-CUBE-AZRTOS-WB.2.0.0
2025-10-16 14:31:34,788 [WARN] ConditionMgr:1044 - genDependencies : Invalid condition id : UX DEVICE CLASS RTOS Condition cause : null
2025-10-16 14:31:34,788 [WARN] ConditionMgr:1044 - genDependencies : Invalid condition id : UX DEVICE CLASS RTOS Condition cause : null
2025-10-16 14:31:34,788 [WARN] ConditionMgr:1044 - genDependencies : Invalid condition id : UX DEVICE CLASS RTOS Condition cause : null
2025-10-16 14:31:34,788 [WARN] ConditionMgr:1044 - genDependencies : Invalid condition id : UX DEVICE CLASS RTOS Condition cause : null
2025-10-16 14:31:34,788 [WARN] ConditionMgr:1044 - genDependencies : Invalid condition id : UX DEVICE CLASS RTOS Condition cause : null
2025-10-16 14:31:34,791 [WARN] PackLoader:240 - Cannot read IP mode file for STMicroelectronics.X-CUBE-GNSS1.7.0.0
2025-10-16 14:31:34,794 [WARN] PackLoader:240 - Cannot read IP mode file for STMicroelectronics.X-CUBE-GNSS1.7.0.1
2025-10-16 14:31:34,796 [WARN] PackLoader:240 - Cannot read IP mode file for STMicroelectronics.X-CUBE-TOUCHGFX.4.25.0
2025-10-16 14:31:34,799 [WARN] PackLoader:240 - Cannot read IP mode file for STMicroelectronics.FP-SNS-STBOX1.2.0.0
2025-10-16 14:31:34,804 [WARN] PackLoader:240 - Cannot read IP mode file for STMicroelectronics.X-CUBE-SUBG2.5.0.0
2025-10-16 14:31:34,814 [WARN] PackLoader:240 - Cannot read IP mode file for STMicroelectronics.X-CUBE-AZRTOS-H7RS.1.1.0
2025-10-16 14:31:34,818 [WARN] PackLoader:240 - Cannot read IP mode file for Cesanta.I-CUBE-Mongoose.7.13.0
2025-10-16 14:31:34,825 [WARN] PackLoader:240 - Cannot read IP mode file for STMicroelectronics.X-CUBE-AZRTOS-G4.2.0.0
2025-10-16 14:31:34,829 [WARN] PackLoader:240 - Cannot read IP mode file for STMicroelectronics.X-CUBE-NFC7.2.0.0
2025-10-16 14:31:34,836 [WARN] PackLoader:240 - Cannot read IP mode file for STMicroelectronics.X-CUBE-IPS.3.1.0
2025-10-16 14:31:34,842 [WARN] PackLoader:240 - Cannot read IP mode file for STMicroelectronics.X-CUBE-ALS.1.0.2
2025-10-16 14:31:34,845 [WARN] PackLoader:240 - Cannot read IP mode file for STMicroelectronics.X-CUBE-TOUCHGFX.4.24.2
2025-10-16 14:31:34,846 [WARN] PackLoader:240 - Cannot read IP mode file for STMicroelectronics.X-CUBE-TOUCHGFX.4.24.1
2025-10-16 14:31:34,850 [WARN] PackLoader:240 - Cannot read IP mode file for STMicroelectronics.X-CUBE-STSE01.1.0.0
2025-10-16 14:31:34,852 [WARN] PackLoader:240 - Cannot read IP mode file for wolfSSL.I-CUBE-wolfTPM.3.4.0
2025-10-16 14:31:34,856 [WARN] PackLoader:240 - Cannot read IP mode file for portGmbH.I-Cube-SoM-uGOAL.1.1.0
2025-10-16 14:31:34,863 [WARN] PackLoader:240 - Cannot read IP mode file for STMicroelectronics.X-CUBE-AZRTOS-H7RS.1.0.0
2025-10-16 14:31:34,867 [WARN] PackLoader:240 - Cannot read IP mode file for STMicroelectronics.FP-ATR-ASTRA1.2.0.0
2025-10-16 14:31:34,872 [WARN] PackLoader:240 - Cannot read IP mode file for STMicroelectronics.X-CUBE-TOF1.3.4.2
2025-10-16 14:31:34,881 [WARN] PackLoader:240 - Cannot read IP mode file for STMicroelectronics.X-CUBE-TOF1.3.4.3
2025-10-16 14:31:34,893 [WARN] PackLoader:240 - Cannot read IP mode file for Infineon.AIROC-Wi-Fi-Bluetooth-STM32.1.6.1
2025-10-16 14:31:34,896 [WARN] PackLoader:240 - Cannot read IP mode file for wolfSSL.I-CUBE-wolfSSH.1.4.17
2025-10-16 14:31:34,897 [INFO] ThirdParty:978 - Integrity check success = true
2025-10-16 14:31:34,897 [INFO] IntegrityCheckThread:100 - exiting critical section [integrity check]
2025-10-16 14:31:34,897 [INFO] IntegrityCheckThread:103 - End integrity checks thread
2025-10-16 17:52:21,034 [INFO] WebApp:194 - Connection lost
2025-10-16 17:52:26,734 [INFO] WebApp:191 - Connection restablished
2025-10-16 17:52:28,913 [INFO] WebApp:194 - Connection lost
2025-10-16 17:52:29,026 [INFO] WebApp:191 - Connection restablished
2025-10-16 18:50:47,175 [INFO] WebApp:194 - Connection lost
2025-10-16 18:50:47,373 [INFO] WebApp:191 - Connection restablished
2025-10-16 18:50:49,884 [INFO] WebApp:194 - Connection lost
2025-10-16 18:50:49,994 [INFO] WebApp:191 - Connection restablished
2025-10-16 19:21:26,066 [INFO] WebApp:403 - JxBrowser engine has been closed 
