2025-06-09 14:51:05,858 [INFO] Activator:176 - 


2025-06-09 14:51:05,862 [INFO] Activator:177 - !SESSION log4j initialized
2025-06-09 14:51:11,037 [INFO] LogOutputStream:77 - [STDOUT_REDIRECT] 
2025-06-09 14:51:12,663 [INFO] ApplicationProperties:184 - Using Application install path: C:\ST\STM32CubeIDE_1.16.1\STM32CubeIDE\plugins\com.st.stm32cube.common.mx_6.13.0.202411220809
2025-06-09 14:51:12,677 [INFO] DbMcusXml:78 - Set database path to: C:\ST\STM32CubeIDE_1.16.1\STM32CubeIDE\plugins\com.st.stm32cube.common.mx_6.13.0.202411220809\\db\/mcu/
2025-06-09 14:51:12,678 [INFO] ApiDb:274 - Set plugin database path to: C:\ST\STM32CubeIDE_1.16.1\STM32CubeIDE\plugins\com.st.stm32cube.common.mx_6.13.0.202411220809\\db\/plugins/boardmanager/
2025-06-09 14:51:12,679 [WARN] ApiDb:259 - Overriding images path with different value:  => C:\ST\STM32CubeIDE_1.16.1\STM32CubeIDE\plugins\com.st.stm32cube.common.mx_6.13.0.202411220809\\db\/plugins/mcufinder/images/
2025-06-09 14:51:12,693 [INFO] ApiDb:250 - Set database path to: C:\Users\Miloush\.stmcufinder\plugins\mcufinder//mcu/
2025-06-09 14:51:12,694 [INFO] DbMcusAds:125 - Set database path to: C:\Users\Miloush\.stmcufinder\plugins\mcufinder//mcu/
2025-06-09 14:51:12,696 [INFO] CrossReferenceDbSqlite:203 - Set database path to: C:\Users\Miloush\.stmcufinder\plugins\mcufinder//mcu/cs/
2025-06-09 14:51:12,783 [INFO] RulesReader:64 - Compatibility file has been processed (297 Rules)
2025-06-09 14:51:12,862 [INFO] DbMcusXml:78 - Set database path to: C:\ST\STM32CubeIDE_1.16.1\STM32CubeIDE\plugins\com.st.stm32cube.common.mx_6.13.0.202411220809\\db\/mcu/
2025-06-09 14:51:12,862 [INFO] ApiDb:274 - Set plugin database path to: C:\ST\STM32CubeIDE_1.16.1\STM32CubeIDE\plugins\com.st.stm32cube.common.mx_6.13.0.202411220809\\db\/plugins/boardmanager/
2025-06-09 14:51:12,862 [INFO] ApiDb:261 - Set plugin images path to: C:\ST\STM32CubeIDE_1.16.1\STM32CubeIDE\plugins\com.st.stm32cube.common.mx_6.13.0.202411220809\\db\/plugins/mcufinder/images/
2025-06-09 14:51:12,862 [WARN] DbFile:41 - Overriding database path with different value: C:\Users\Miloush\.stmcufinder\plugins\mcufinder/ => C:\Users\Miloush\.stmcufinder\plugins\mcufinder
2025-06-09 14:51:12,862 [INFO] ApiDb:250 - Set database path to: C:\Users\Miloush\.stmcufinder\plugins\mcufinder//mcu/
2025-06-09 14:51:12,862 [WARN] DbFile:41 - Overriding database path with different value: C:\Users\Miloush\.stmcufinder\plugins\mcufinder/ => C:\Users\Miloush\.stmcufinder\plugins\mcufinder
2025-06-09 14:51:12,862 [INFO] DbMcusAds:125 - Set database path to: C:\Users\Miloush\.stmcufinder\plugins\mcufinder//mcu/
2025-06-09 14:51:12,862 [WARN] DbFile:41 - Overriding database path with different value: C:\Users\Miloush\.stmcufinder\plugins\mcufinder/ => C:\Users\Miloush\.stmcufinder\plugins\mcufinder
2025-06-09 14:51:12,862 [WARN] DbFile:41 - Overriding database path with different value: C:\Users\Miloush\.stmcufinder\plugins\mcufinder/ => C:\Users\Miloush\.stmcufinder\plugins\mcufinder
2025-06-09 14:51:12,862 [INFO] CrossReferenceDbSqlite:203 - Set database path to: C:\Users\Miloush\.stmcufinder\plugins\mcufinder//mcu/cs/
2025-06-09 14:51:12,916 [INFO] MainPanel:272 - HeapMemory: 268435456
2025-06-09 14:51:12,990 [INFO] DbMcusXml:78 - Set database path to: C:\ST\STM32CubeIDE_1.16.1\STM32CubeIDE\plugins\com.st.stm32cube.common.mx_6.13.0.202411220809\\db\/mcu/
2025-06-09 14:51:12,990 [INFO] ApiDb:274 - Set plugin database path to: C:\ST\STM32CubeIDE_1.16.1\STM32CubeIDE\plugins\com.st.stm32cube.common.mx_6.13.0.202411220809\\db\/plugins/boardmanager/
2025-06-09 14:51:12,990 [INFO] ApiDb:261 - Set plugin images path to: C:\ST\STM32CubeIDE_1.16.1\STM32CubeIDE\plugins\com.st.stm32cube.common.mx_6.13.0.202411220809\\db\/plugins/mcufinder/images/
2025-06-09 14:51:12,990 [WARN] DbFile:41 - Overriding database path with different value: C:\Users\Miloush\.stmcufinder\plugins\mcufinder/ => C:\Users\Miloush\.stmcufinder\plugins\mcufinder
2025-06-09 14:51:12,990 [INFO] ApiDb:250 - Set database path to: C:\Users\Miloush\.stmcufinder\plugins\mcufinder//mcu/
2025-06-09 14:51:12,990 [WARN] DbFile:41 - Overriding database path with different value: C:\Users\Miloush\.stmcufinder\plugins\mcufinder/ => C:\Users\Miloush\.stmcufinder\plugins\mcufinder
2025-06-09 14:51:12,990 [INFO] DbMcusAds:125 - Set database path to: C:\Users\Miloush\.stmcufinder\plugins\mcufinder//mcu/
2025-06-09 14:51:12,990 [WARN] DbFile:41 - Overriding database path with different value: C:\Users\Miloush\.stmcufinder\plugins\mcufinder/ => C:\Users\Miloush\.stmcufinder\plugins\mcufinder
2025-06-09 14:51:12,990 [WARN] DbFile:41 - Overriding database path with different value: C:\Users\Miloush\.stmcufinder\plugins\mcufinder/ => C:\Users\Miloush\.stmcufinder\plugins\mcufinder
2025-06-09 14:51:12,990 [INFO] CrossReferenceDbSqlite:203 - Set database path to: C:\Users\Miloush\.stmcufinder\plugins\mcufinder//mcu/cs/
2025-06-09 14:51:13,006 [INFO] ApplicationProperties:184 - Using Application install path: C:\ST\STM32CubeIDE_1.16.1\STM32CubeIDE\plugins\com.st.stm32cube.common.mx_6.13.0.202411220809
2025-06-09 14:51:13,007 [INFO] PluginManage:196 - Search for loadable plugins [exclusion list=, ]
2025-06-09 14:51:13,008 [INFO] PluginManage:310 - Check plugin analytics
2025-06-09 14:51:13,147 [INFO] AnalyticsPlugin:253 - Accepted Software Licenses: 
2025-06-09 14:51:13,147 [INFO] AnalyticsPlugin:255 - Accepted CMSIS Pack Licenses: 
2025-06-09 14:51:13,147 [INFO] AnalyticsPlugin:257 - Accepted Firmware Licenses: FW.G4.1.6.0
2025-06-09 14:51:13,150 [INFO] PluginManage:359 - Loaded plugin analytics (category:tool,tabindex:-1)
2025-06-09 14:51:13,150 [INFO] PluginManage:310 - Check plugin cadmodel
2025-06-09 14:51:13,166 [INFO] CADModel:105 - Init CAD model plugin
2025-06-09 14:51:13,166 [INFO] PluginManage:359 - Loaded plugin cadmodel (category:power,tabindex:5)
2025-06-09 14:51:13,167 [INFO] PluginManage:310 - Check plugin clock
2025-06-09 14:51:13,183 [INFO] PluginManage:359 - Loaded plugin clock (category:base,tabindex:2)
2025-06-09 14:51:13,183 [INFO] PluginManage:310 - Check plugin ddr
2025-06-09 14:51:13,185 [INFO] PluginManage:359 - Loaded plugin ddr (category:tool,tabindex:6)
2025-06-09 14:51:13,185 [INFO] PluginManage:310 - Check plugin filemanager
2025-06-09 14:51:13,283 [INFO] PluginManage:359 - Loaded plugin filemanager (category:base,tabindex:10)
2025-06-09 14:51:13,283 [INFO] PluginManage:310 - Check plugin ipmanager
2025-06-09 14:51:13,288 [INFO] PluginManage:359 - Loaded plugin ipmanager (category:base,tabindex:5)
2025-06-09 14:51:13,288 [INFO] PluginManage:310 - Check plugin lpbam
2025-06-09 14:51:13,302 [INFO] PluginManage:359 - Loaded plugin lpbam (category:base,tabindex:0)
2025-06-09 14:51:13,302 [INFO] PluginManage:310 - Check plugin memorymap
2025-06-09 14:51:13,318 [INFO] PluginManage:359 - Loaded plugin memorymap (category:base,tabindex:4)
2025-06-09 14:51:13,318 [INFO] PluginManage:310 - Check plugin pinoutandconfiguration
2025-06-09 14:51:13,336 [INFO] PluginManage:359 - Loaded plugin pinoutandconfiguration (category:base,tabindex:1)
2025-06-09 14:51:13,336 [INFO] PluginManage:310 - Check plugin pinoutconfig
2025-06-09 14:51:13,411 [WARN] SupportedApi:132 - Cannot load RTOS API schema: s4s-elt-must-match.1: The content of 'definitions' must match (annotation?, (simpleType | complexType)?, (unique | key | keyref)*)). A problem was found starting at: attribute.
2025-06-09 14:51:13,504 [INFO] PluginManage:359 - Loaded plugin pinoutconfig (category:base,tabindex:0)
2025-06-09 14:51:13,504 [INFO] PluginManage:310 - Check plugin power
2025-06-09 14:51:13,520 [INFO] PluginManage:359 - Loaded plugin power (category:power,tabindex:4)
2025-06-09 14:51:13,520 [INFO] PluginManage:310 - Check plugin projectmanager
2025-06-09 14:51:13,531 [INFO] PluginManage:359 - Loaded plugin projectmanager (category:projectmanager,tabindex:4)
2025-06-09 14:51:13,531 [INFO] PluginManage:310 - Check plugin rif
2025-06-09 14:51:13,546 [INFO] PluginManage:359 - Loaded plugin rif (category:base,tabindex:3)
2025-06-09 14:51:13,546 [INFO] PluginManage:310 - Check plugin thirdparty
2025-06-09 14:51:13,782 [INFO] PluginManage:359 - Loaded plugin thirdparty (category:base,tabindex:-1)
2025-06-09 14:51:13,782 [WARN] IntegrityCheckThread:84 - waiting for thirdparty lock release [integrity check]
2025-06-09 14:51:13,782 [INFO] PluginManage:310 - Check plugin tools
2025-06-09 14:51:13,782 [INFO] IntegrityCheckThread:86 - entering critical section [integrity check]
2025-06-09 14:51:13,782 [INFO] ThirdPartyUpdaterWithRetryManager:70 - Updater plugin not ready yet. [1/15]
2025-06-09 14:51:13,815 [INFO] PluginManage:359 - Loaded plugin tools (category:base,tabindex:7)
2025-06-09 14:51:13,815 [INFO] PluginManage:310 - Check plugin tutovideos
2025-06-09 14:51:13,961 [INFO] PluginManage:359 - Loaded plugin tutovideos (category:base,tabindex:-1)
2025-06-09 14:51:13,961 [INFO] PluginManage:310 - Check plugin updater
2025-06-09 14:51:13,977 [INFO] PluginManage:359 - Loaded plugin updater (category:base,tabindex:12)
2025-06-09 14:51:13,978 [INFO] PluginManage:310 - Check plugin userauth
2025-06-09 14:51:13,980 [INFO] UserAuth:118 - Init User Auth plugin
2025-06-09 14:51:13,980 [INFO] PluginManage:359 - Loaded plugin userauth (category:base,tabindex:14)
2025-06-09 14:51:13,981 [INFO] PluginManage:283 - PluginManage : Loaded plugins [18]
2025-06-09 14:51:14,130 [INFO] PinOutPanel:1589 - setPackage(No Configuration,No Configuration)
2025-06-09 14:51:14,190 [INFO] CADModel:165 - CPN selected for project level
2025-06-09 14:51:14,190 [INFO] CADModel:114 - Register for checkConnection events
2025-06-09 14:51:14,213 [INFO] IPUIPlugin:80 - create IPUIPlugin
2025-06-09 14:51:14,213 [INFO] PluginManager:220 - loadIPPluginJar : add adc
2025-06-09 14:51:14,245 [INFO] IPUIPlugin:80 - create IPUIPlugin
2025-06-09 14:51:14,245 [INFO] PluginManager:220 - loadIPPluginJar : add aes
2025-06-09 14:51:14,282 [INFO] IPUIPlugin:80 - create IPUIPlugin
2025-06-09 14:51:14,284 [INFO] PluginManager:220 - loadIPPluginJar : add can
2025-06-09 14:51:14,306 [INFO] IPUIPlugin:80 - create IPUIPlugin
2025-06-09 14:51:14,306 [INFO] PluginManager:220 - loadIPPluginJar : add comp
2025-06-09 14:51:14,332 [INFO] IPUIPlugin:80 - create IPUIPlugin
2025-06-09 14:51:14,332 [INFO] PluginManager:220 - loadIPPluginJar : add cryp
2025-06-09 14:51:14,343 [INFO] IPUIPlugin:80 - create IPUIPlugin
2025-06-09 14:51:14,343 [INFO] PluginManager:220 - loadIPPluginJar : add ddr_ctrl_phy
2025-06-09 14:51:14,365 [INFO] IPUIPlugin:80 - create IPUIPlugin
2025-06-09 14:51:14,365 [INFO] PluginManager:220 - loadIPPluginJar : add dfsdm
2025-06-09 14:51:14,376 [INFO] IPUIPlugin:80 - create IPUIPlugin
2025-06-09 14:51:14,376 [INFO] PluginManager:220 - loadIPPluginJar : add dma
2025-06-09 14:51:14,403 [INFO] IPUIPlugin:80 - create IPUIPlugin
2025-06-09 14:51:14,403 [INFO] PluginManager:220 - loadIPPluginJar : add dma3
2025-06-09 14:51:14,435 [INFO] IPUIPlugin:80 - create IPUIPlugin
2025-06-09 14:51:14,435 [INFO] PluginManager:220 - loadIPPluginJar : add extmemmanager
2025-06-09 14:51:14,450 [INFO] IPUIPlugin:80 - create IPUIPlugin
2025-06-09 14:51:14,451 [INFO] PluginManager:220 - loadIPPluginJar : add fatfs
2025-06-09 14:51:14,485 [INFO] IPUIPlugin:80 - create IPUIPlugin
2025-06-09 14:51:14,485 [INFO] PluginManager:220 - loadIPPluginJar : add fmc
2025-06-09 14:51:14,497 [INFO] IPUIPlugin:80 - create IPUIPlugin
2025-06-09 14:51:14,497 [INFO] PluginManager:220 - loadIPPluginJar : add freertos
2025-06-09 14:51:14,512 [INFO] IPUIPlugin:80 - create IPUIPlugin
2025-06-09 14:51:14,512 [INFO] PluginManager:220 - loadIPPluginJar : add genericplugin
2025-06-09 14:51:14,576 [INFO] IPUIPlugin:80 - create IPUIPlugin
2025-06-09 14:51:14,576 [INFO] PluginManager:220 - loadIPPluginJar : add gfxmmu
2025-06-09 14:51:14,685 [INFO] IPUIPlugin:80 - create IPUIPlugin
2025-06-09 14:51:14,685 [INFO] PluginManager:220 - loadIPPluginJar : add gic
2025-06-09 14:51:14,697 [INFO] IPUIPlugin:80 - create IPUIPlugin
2025-06-09 14:51:14,697 [INFO] PluginManager:220 - loadIPPluginJar : add gpio
2025-06-09 14:51:14,768 [INFO] IPUIPlugin:80 - create IPUIPlugin
2025-06-09 14:51:14,768 [INFO] PluginManager:220 - loadIPPluginJar : add gtzc
2025-06-09 14:51:14,793 [INFO] IPUIPlugin:80 - create IPUIPlugin
2025-06-09 14:51:14,793 [INFO] PluginManager:220 - loadIPPluginJar : add hash
2025-06-09 14:51:14,832 [INFO] IPUIPlugin:80 - create IPUIPlugin
2025-06-09 14:51:14,832 [INFO] PluginManager:220 - loadIPPluginJar : add i2c
2025-06-09 14:51:14,866 [INFO] IPUIPlugin:80 - create IPUIPlugin
2025-06-09 14:51:14,866 [INFO] PluginManager:220 - loadIPPluginJar : add i2s
2025-06-09 14:51:14,902 [INFO] IPUIPlugin:80 - create IPUIPlugin
2025-06-09 14:51:14,902 [INFO] PluginManager:220 - loadIPPluginJar : add i3c
2025-06-09 14:51:14,990 [INFO] IPUIPlugin:80 - create IPUIPlugin
2025-06-09 14:51:14,990 [INFO] PluginManager:220 - loadIPPluginJar : add ipddr
2025-06-09 14:51:15,056 [INFO] IPUIPlugin:80 - create IPUIPlugin
2025-06-09 14:51:15,057 [INFO] PluginManager:220 - loadIPPluginJar : add linkedlist
2025-06-09 14:51:15,087 [INFO] IPUIPlugin:80 - create IPUIPlugin
2025-06-09 14:51:15,087 [INFO] PluginManager:220 - loadIPPluginJar : add lorawan
2025-06-09 14:51:15,114 [INFO] IPUIPlugin:80 - create IPUIPlugin
2025-06-09 14:51:15,114 [INFO] PluginManager:220 - loadIPPluginJar : add ltdc
2025-06-09 14:51:15,126 [INFO] IPUIPlugin:80 - create IPUIPlugin
2025-06-09 14:51:15,126 [INFO] PluginManager:220 - loadIPPluginJar : add mdma
2025-06-09 14:51:15,135 [INFO] IPUIPlugin:80 - create IPUIPlugin
2025-06-09 14:51:15,136 [INFO] PluginManager:220 - loadIPPluginJar : add nvic
2025-06-09 14:51:15,162 [INFO] IPUIPlugin:80 - create IPUIPlugin
2025-06-09 14:51:15,163 [INFO] PluginManager:220 - loadIPPluginJar : add opamp
2025-06-09 14:51:15,206 [INFO] IPUIPlugin:80 - create IPUIPlugin
2025-06-09 14:51:15,206 [INFO] PluginManager:220 - loadIPPluginJar : add openamp
2025-06-09 14:51:15,240 [INFO] IPUIPlugin:80 - create IPUIPlugin
2025-06-09 14:51:15,241 [INFO] PluginManager:220 - loadIPPluginJar : add pdm2pcm
2025-06-09 14:51:15,253 [INFO] IPUIPlugin:80 - create IPUIPlugin
2025-06-09 14:51:15,254 [INFO] PluginManager:220 - loadIPPluginJar : add plateformsettings
2025-06-09 14:51:15,273 [INFO] IPUIPlugin:80 - create IPUIPlugin
2025-06-09 14:51:15,274 [INFO] PluginManager:220 - loadIPPluginJar : add quadspi
2025-06-09 14:51:15,293 [INFO] IPUIPlugin:80 - create IPUIPlugin
2025-06-09 14:51:15,294 [INFO] PluginManager:220 - loadIPPluginJar : add radio
2025-06-09 14:51:15,303 [INFO] IPUIPlugin:80 - create IPUIPlugin
2025-06-09 14:51:15,304 [INFO] PluginManager:220 - loadIPPluginJar : add resmgrutility
2025-06-09 14:51:15,338 [INFO] IPUIPlugin:80 - create IPUIPlugin
2025-06-09 14:51:15,338 [INFO] PluginManager:220 - loadIPPluginJar : add sai
2025-06-09 14:51:15,365 [INFO] IPUIPlugin:80 - create IPUIPlugin
2025-06-09 14:51:15,365 [INFO] PluginManager:220 - loadIPPluginJar : add spi
2025-06-09 14:51:15,433 [INFO] IPUIPlugin:80 - create IPUIPlugin
2025-06-09 14:51:15,433 [INFO] PluginManager:220 - loadIPPluginJar : add stm32_wpan
2025-06-09 14:51:15,455 [INFO] IPUIPlugin:80 - create IPUIPlugin
2025-06-09 14:51:15,455 [INFO] PluginManager:220 - loadIPPluginJar : add tim
2025-06-09 14:51:15,503 [INFO] IPUIPlugin:80 - create IPUIPlugin
2025-06-09 14:51:15,503 [INFO] PluginManager:220 - loadIPPluginJar : add touchsensing
2025-06-09 14:51:15,520 [INFO] IPUIPlugin:80 - create IPUIPlugin
2025-06-09 14:51:15,521 [INFO] PluginManager:220 - loadIPPluginJar : add tracer_emb
2025-06-09 14:51:15,539 [INFO] IPUIPlugin:80 - create IPUIPlugin
2025-06-09 14:51:15,539 [INFO] PluginManager:220 - loadIPPluginJar : add ts
2025-06-09 14:51:15,558 [INFO] IPUIPlugin:80 - create IPUIPlugin
2025-06-09 14:51:15,558 [INFO] PluginManager:220 - loadIPPluginJar : add tsc
2025-06-09 14:51:15,576 [INFO] IPUIPlugin:80 - create IPUIPlugin
2025-06-09 14:51:15,576 [INFO] PluginManager:220 - loadIPPluginJar : add ucpd
2025-06-09 14:51:15,616 [INFO] IPUIPlugin:80 - create IPUIPlugin
2025-06-09 14:51:15,616 [INFO] PluginManager:220 - loadIPPluginJar : add usart
2025-06-09 14:51:15,652 [INFO] IPUIPlugin:80 - create IPUIPlugin
2025-06-09 14:51:15,652 [INFO] PluginManager:220 - loadIPPluginJar : add usbx
2025-06-09 14:51:15,760 [FATAL] Updater:351 - Updater called before beeing initialized
2025-06-09 14:51:15,783 [INFO] RulesReader:64 - Compatibility file has been processed (297 Rules)
2025-06-09 14:51:15,791 [INFO] RulesReader:64 - Compatibility file has been processed (297 Rules)
2025-06-09 14:51:15,799 [INFO] CADModel:165 - CPN selected for project level
2025-06-09 14:51:15,799 [INFO] CADModel:114 - Register for checkConnection events
2025-06-09 14:51:15,799 [FATAL] Updater:351 - Updater called before beeing initialized
2025-06-09 14:51:15,799 [ERROR] CADModel:125 - Updater not yet initialized, retry later 
2025-06-09 14:51:15,917 [FATAL] Updater:351 - Updater called before beeing initialized
2025-06-09 14:51:15,918 [INFO] CADModel:165 - CPN selected for project level
2025-06-09 14:51:15,918 [INFO] CADModel:114 - Register for checkConnection events
2025-06-09 14:51:15,918 [FATAL] Updater:351 - Updater called before beeing initialized
2025-06-09 14:51:15,918 [ERROR] CADModel:125 - Updater not yet initialized, retry later 
2025-06-09 14:51:15,920 [FATAL] Updater:351 - Updater called before beeing initialized
2025-06-09 14:51:16,003 [FATAL] Updater:351 - Updater called before beeing initialized
2025-06-09 14:51:16,013 [INFO] DbMcusAds:53 - JSON generation date=Thu Mar 06 15:54:22 CET 2025 (1741272862078)
2025-06-09 14:51:16,013 [FATAL] Updater:351 - Updater called before beeing initialized
2025-06-09 14:51:16,039 [WARN] DetailPanel:346 - Failed to get advertising image, set to default
2025-06-09 14:51:16,196 [FATAL] Updater:351 - Updater called before beeing initialized
2025-06-09 14:51:16,197 [FATAL] Updater:351 - Updater called before beeing initialized
2025-06-09 14:51:16,197 [FATAL] Updater:351 - Updater called before beeing initialized
2025-06-09 14:51:16,197 [WARN] DetailPanel:346 - Failed to get advertising image, set to default
2025-06-09 14:51:16,198 [FATAL] Updater:351 - Updater called before beeing initialized
2025-06-09 14:51:16,242 [ERROR] Updater:1198 - MainUpdater not yet initialized. External WinMGr cannot be set.
2025-06-09 14:51:16,251 [INFO] Updater:1134 - Updater Version found : 6.13.0
2025-06-09 14:51:16,265 [INFO] ApplicationProperties:184 - Using Application install path: C:\ST\STM32CubeIDE_1.16.1\STM32CubeIDE\plugins\com.st.stm32cube.common.mx_6.13.0.202411220809
2025-06-09 14:51:16,711 [INFO] MainUpdater:2872 - connection check result : 10
2025-06-09 14:51:16,711 [INFO] MainUpdater:289 - Updater Check For Update Now.
2025-06-09 14:51:16,711 [INFO] MicroXplorer:498 - Change Database Version : DB.6.0.130
2025-06-09 14:51:16,721 [INFO] McuFinderGlobals:63 - Set McuFinder mode to 2 (CubeIDE integrated)
2025-06-09 14:51:16,726 [INFO] UserAuth:486 - Internet connection configuration mode: 1
2025-06-09 14:51:16,752 [INFO] JxBrowserEngine:152 - Initiate JxBrowser Engine with user profile folder
2025-06-09 14:51:16,783 [WARN] MainUpdater:1193 - Updater busy. Cannot search thirdparties
2025-06-09 14:51:16,783 [INFO] ThirdPartyUpdaterWithRetryManager:96 - Updater plugin is busy. [1/15]
2025-06-09 14:51:16,882 [INFO] CheckServerUpdateThread:120 - End of CheckServer Thread
2025-06-09 14:51:17,505 [INFO] WebApp:168 - Instantiating new browser for Auth
2025-06-09 14:51:18,023 [INFO] WebApp:449 - Apply proxy settings
2025-06-09 14:51:18,023 [INFO] WebApp:534 - Chromium requires no authentication
2025-06-09 14:51:18,031 [INFO] WebApp:477 - Direct internet connection detected
2025-06-09 14:51:18,053 [INFO] WebApp:880 - Register for checkConnection events
2025-06-09 14:51:18,053 [INFO] WebApp:449 - Apply proxy settings
2025-06-09 14:51:18,053 [INFO] WebApp:534 - Chromium requires no authentication
2025-06-09 14:51:18,054 [INFO] WebApp:477 - Direct internet connection detected
2025-06-09 14:51:18,183 [INFO] WebApp:221 - Starting web application
2025-06-09 14:51:18,183 [INFO] WebApp:579 - Web application path used C:\ST\STM32CubeIDE_1.16.1\STM32CubeIDE\plugins\com.st.stm32cube.common.mx_6.13.0.202411220809\db\plugins\mcufinder\reactClient1\index.html
2025-06-09 14:51:18,274 [INFO] WebApp:187 - Connection restablished
2025-06-09 14:51:18,287 [INFO] UserAuth:486 - Internet connection configuration mode: 1
2025-06-09 14:51:19,994 [WARN] PackLoader:240 - Cannot read IP mode file for STMicroelectronics.FP-SNS-MOTENVWB1.1.4.0
2025-06-09 14:51:20,007 [WARN] PackLoader:240 - Cannot read IP mode file for STMicroelectronics.FP-ATR-ASTRA1.2.0.2
2025-06-09 14:51:20,018 [WARN] PackLoader:240 - Cannot read IP mode file for STMicroelectronics.FP-ATR-ASTRA1.2.0.1
2025-06-09 14:51:20,031 [WARN] PackLoader:240 - Cannot read IP mode file for STMicroelectronics.X-CUBE-SMBUS.2.1.0
2025-06-09 14:51:20,044 [WARN] PackLoader:240 - Cannot read IP mode file for STMicroelectronics.X-CUBE-WB05N.1.1.0
2025-06-09 14:51:20,058 [WARN] PackLoader:240 - Cannot read IP mode file for STMicroelectronics.X-CUBE-ST60.1.0.0
2025-06-09 14:51:20,091 [WARN] PackLoader:240 - Cannot read IP mode file for STMicroelectronics.X-CUBE-AZRTOS-F7.1.1.0
2025-06-09 14:51:20,148 [WARN] PackLoader:240 - Cannot read IP mode file for STMicroelectronics.X-CUBE-MEMS1.11.0.0
2025-06-09 14:51:20,278 [WARN] PackLoader:240 - Cannot read IP mode file for STMicroelectronics.FP-SNS-FLIGHT1.5.0.2
2025-06-09 14:51:20,295 [WARN] PackLoader:240 - Cannot read IP mode file for STMicroelectronics.X-CUBE-DISPLAY.3.0.0
2025-06-09 14:51:20,332 [WARN] PackLoader:240 - Cannot read IP mode file for STMicroelectronics.X-CUBE-BLE1.7.0.0
2025-06-09 14:51:20,347 [WARN] PackLoader:240 - Cannot read IP mode file for STMicroelectronics.X-CUBE-NFC10.1.0.0
2025-06-09 14:51:20,366 [WARN] PackLoader:240 - Cannot read IP mode file for STMicroelectronics.X-CUBE-BLEMGR.4.0.0
2025-06-09 14:51:20,380 [WARN] PackLoader:240 - Cannot read IP mode file for emotas.I-CUBE-CANOPEN.1.3.0
2025-06-09 14:51:20,394 [WARN] PackLoader:240 - Cannot read IP mode file for STMicroelectronics.X-CUBE-BLEMGR.3.1.0
2025-06-09 14:51:20,405 [WARN] PackLoader:240 - Cannot read IP mode file for STMicroelectronics.X-CUBE-AI.10.0.0
2025-06-09 14:51:20,417 [WARN] PackLoader:240 - Cannot read IP mode file for STMicroelectronics.FP-SNS-SMARTAG2.1.2.0
2025-06-09 14:51:20,427 [WARN] PackLoader:240 - Cannot read IP mode file for STMicroelectronics.FP-SNS-FLIGHT1.5.1.0
2025-06-09 14:51:20,473 [WARN] PackLoader:240 - Cannot read IP mode file for STMicroelectronics.X-CUBE-MEMS1.11.1.0
2025-06-09 14:51:20,573 [INFO] LogOutputStream:77 - [STDOUT_REDIRECT] 1 : Invalid condition id : UX_CORESTACK_Condition cause : null
2025-06-09 14:51:20,574 [INFO] LogOutputStream:77 - [STDOUT_REDIRECT] 1 : Invalid condition id : UX_CORESTACK_Condition cause : null
2025-06-09 14:51:20,575 [INFO] LogOutputStream:77 - [STDOUT_REDIRECT] 1 : Invalid condition id : UX_CORESTACK_Condition cause : null
2025-06-09 14:51:20,576 [INFO] LogOutputStream:77 - [STDOUT_REDIRECT] 1 : Invalid condition id : UX_CORESTACK_Condition cause : null
2025-06-09 14:51:20,577 [INFO] LogOutputStream:77 - [STDOUT_REDIRECT] 1 : Invalid condition id : UX_CORESTACK_Condition cause : null
2025-06-09 14:51:20,579 [WARN] PackLoader:240 - Cannot read IP mode file for STMicroelectronics.X-CUBE-AZRTOS-WL.2.0.0
2025-06-09 14:51:20,591 [WARN] PackLoader:240 - Cannot read IP mode file for STMicroelectronics.FP-SNS-MOTENV1.5.0.0
2025-06-09 14:51:20,601 [WARN] PackLoader:240 - Cannot read IP mode file for wolfSSL.I-CUBE-wolfMQTT.1.19.0
2025-06-09 14:51:20,614 [WARN] PackLoader:240 - Cannot read IP mode file for WES.I-CUBE-Cesium.1.3.0
2025-06-09 14:51:20,626 [WARN] PackLoader:240 - Cannot read IP mode file for STMicroelectronics.X-CUBE-BLE2.3.3.0
2025-06-09 14:51:20,639 [WARN] PackLoader:240 - Cannot read IP mode file for STMicroelectronics.X-CUBE-NFC9.1.0.0
2025-06-09 14:51:20,652 [WARN] PackLoader:240 - Cannot read IP mode file for STMicroelectronics.X-CUBE-BLE1.7.1.0
2025-06-09 14:51:20,669 [WARN] PackLoader:240 - Cannot read IP mode file for STMicroelectronics.X-CUBE-TCPP.4.1.0
2025-06-09 14:51:20,681 [WARN] PackLoader:240 - Cannot read IP mode file for STMicroelectronics.X-CUBE-AI.10.1.0
2025-06-09 14:51:20,728 [WARN] PackLoader:240 - Cannot read IP mode file for STMicroelectronics.X-CUBE-MEMS1.11.2.0
2025-06-09 14:51:20,829 [WARN] PackLoader:240 - Cannot read IP mode file for STMicroelectronics.X-CUBE-AZRTOS-G0.1.1.0
2025-06-09 14:51:20,843 [WARN] PackLoader:240 - Cannot read IP mode file for STMicroelectronics.X-CUBE-SAFEA1.1.2.2
2025-06-09 14:51:20,855 [WARN] PackLoader:240 - Cannot read IP mode file for STMicroelectronics.X-CUBE-NFC4.3.0.0
2025-06-09 14:51:20,871 [WARN] PackLoader:240 - Cannot read IP mode file for EmbeddedOffice.I-CUBE-FS-RTOS.1.0.1
2025-06-09 14:51:20,883 [WARN] PackLoader:240 - Cannot read IP mode file for STMicroelectronics.X-CUBE-WB05N.2.0.0
2025-06-09 14:51:20,895 [WARN] PackLoader:240 - Cannot read IP mode file for STMicroelectronics.X-CUBE-TCPP.4.2.0
2025-06-09 14:51:20,909 [WARN] PackLoader:240 - Cannot read IP mode file for RealThread.X-CUBE-RT-Thread_Nano.4.1.1
2025-06-09 14:51:20,921 [WARN] PackLoader:240 - Cannot read IP mode file for STMicroelectronics.FP-ATR-SIGFOX1.3.2.0
2025-06-09 14:51:20,934 [WARN] PackLoader:240 - Cannot read IP mode file for wolfSSL.I-CUBE-wolfSSL.5.7.2
2025-06-09 14:51:20,947 [WARN] ConditionMgr:438 - getConditionDescription Invalid condition id : Cortex-A Device cause : null
2025-06-09 14:51:20,965 [WARN] ConditionMgr:1044 - genDependencies : Invalid condition id : Cortex-A Device cause : null
2025-06-09 14:51:20,965 [WARN] ConditionMgr:1044 - genDependencies : Invalid condition id : Cortex-A Device cause : null
2025-06-09 14:51:20,965 [WARN] ConditionMgr:1044 - genDependencies : Invalid condition id : Cortex-A Device cause : null
2025-06-09 14:51:20,976 [WARN] PackLoader:240 - Cannot read IP mode file for STMicroelectronics.X-CUBE-EEPRMA1.5.1.0
2025-06-09 14:51:20,991 [WARN] PackLoader:240 - Cannot read IP mode file for ITTIA_DB.I-CUBE-ITTIADB.8.9.0
2025-06-09 14:51:21,007 [WARN] PackLoader:240 - Cannot read IP mode file for STMicroelectronics.X-CUBE-ST67W61.1.0.0
2025-06-09 14:51:21,035 [WARN] PackLoader:240 - Cannot read IP mode file for SEGGER.I-CUBE-embOS.1.3.1
2025-06-09 14:51:21,068 [WARN] PackLoader:240 - Cannot read IP mode file for STMicroelectronics.X-CUBE-ALGOBUILD.1.4.0
2025-06-09 14:51:21,091 [WARN] PackLoader:240 - Cannot read IP mode file for STMicroelectronics.X-CUBE-AI.9.1.0
2025-06-09 14:51:21,115 [WARN] PackLoader:240 - Cannot read IP mode file for STMicroelectronics.X-CUBE-AZRTOS-F4.1.1.0
2025-06-09 14:51:21,126 [WARN] PackLoader:240 - Cannot read IP mode file for Avnet-IotConnect.X-CUBE-IoTC-DA16k-PMOD.1.0.0
2025-06-09 14:51:21,137 [WARN] PackLoader:240 - Cannot read IP mode file for STMicroelectronics.X-CUBE-ISPU.2.1.0
2025-06-09 14:51:21,147 [WARN] PackLoader:240 - Cannot read IP mode file for STMicroelectronics.X-CUBE-FREERTOS.1.2.0
2025-06-09 14:51:21,168 [WARN] PackLoader:240 - Cannot read IP mode file for STMicroelectronics.X-CUBE-AZRTOS-L5.2.0.0
2025-06-09 14:51:21,181 [WARN] PackLoader:240 - Cannot read IP mode file for STMicroelectronics.X-CUBE-NFC6.3.1.0
2025-06-09 14:51:21,193 [WARN] PackLoader:240 - Cannot read IP mode file for STMicroelectronics.X-CUBE-DPower.1.2.0
2025-06-09 14:51:21,205 [WARN] PackLoader:240 - Cannot read IP mode file for STMicroelectronics.X-CUBE-FREERTOS.1.3.1
2025-06-09 14:51:21,216 [WARN] PackLoader:240 - Cannot read IP mode file for STMicroelectronics.X-CUBE-FREERTOS.1.3.0
2025-06-09 14:51:21,226 [WARN] PackLoader:240 - Cannot read IP mode file for STMicroelectronics.X-CUBE-NFC7.1.0.1
2025-06-09 14:51:21,237 [WARN] PackLoader:240 - Cannot read IP mode file for STMicroelectronics.X-CUBE-DPower.1.3.0
2025-06-09 14:51:21,257 [WARN] ConditionMgr:438 - getConditionDescription Invalid condition id : LAN8742 Phy interface Condition cause : null
2025-06-09 14:51:21,258 [WARN] PackLoader:240 - Cannot read IP mode file for STMicroelectronics.X-CUBE-AZRTOS-L4.2.0.0
2025-06-09 14:51:21,259 [WARN] ConditionMgr:1044 - genDependencies : Invalid condition id : LAN8742 Phy interface Condition cause : null
2025-06-09 14:51:21,259 [WARN] ConditionMgr:1044 - genDependencies : Invalid condition id : LAN8742 Phy interface Condition cause : null
2025-06-09 14:51:21,259 [WARN] ConditionMgr:1044 - genDependencies : Invalid condition id : LAN8742 Phy interface Condition cause : null
2025-06-09 14:51:21,272 [WARN] PackLoader:240 - Cannot read IP mode file for STMicroelectronics.X-CUBE-SFXS2LP1.4.0.0
2025-06-09 14:51:21,296 [WARN] PackLoader:240 - Cannot read IP mode file for STMicroelectronics.X-CUBE-AZRTOS-H7.3.3.0
2025-06-09 14:51:21,311 [WARN] PackLoader:240 - Cannot read IP mode file for STMicroelectronics.X-CUBE-IPS.3.0.0
2025-06-09 14:51:21,335 [WARN] ConditionMgr:438 - getConditionDescription Invalid condition id : UX DEVICE CLASS RTOS Condition cause : null
2025-06-09 14:51:21,336 [WARN] ConditionMgr:438 - getConditionDescription Invalid condition id : UX DEVICE CLASS RTOS Condition cause : null
2025-06-09 14:51:21,337 [WARN] PackLoader:240 - Cannot read IP mode file for STMicroelectronics.X-CUBE-AZRTOS-WB.2.0.0
2025-06-09 14:51:21,337 [WARN] ConditionMgr:1044 - genDependencies : Invalid condition id : UX DEVICE CLASS RTOS Condition cause : null
2025-06-09 14:51:21,337 [WARN] ConditionMgr:1044 - genDependencies : Invalid condition id : UX DEVICE CLASS RTOS Condition cause : null
2025-06-09 14:51:21,337 [WARN] ConditionMgr:1044 - genDependencies : Invalid condition id : UX DEVICE CLASS RTOS Condition cause : null
2025-06-09 14:51:21,337 [WARN] ConditionMgr:1044 - genDependencies : Invalid condition id : UX DEVICE CLASS RTOS Condition cause : null
2025-06-09 14:51:21,337 [WARN] ConditionMgr:1044 - genDependencies : Invalid condition id : UX DEVICE CLASS RTOS Condition cause : null
2025-06-09 14:51:21,348 [WARN] PackLoader:240 - Cannot read IP mode file for STMicroelectronics.X-CUBE-GNSS1.7.0.0
2025-06-09 14:51:21,359 [WARN] PackLoader:240 - Cannot read IP mode file for STMicroelectronics.X-CUBE-GNSS1.7.0.1
2025-06-09 14:51:21,370 [WARN] PackLoader:240 - Cannot read IP mode file for STMicroelectronics.X-CUBE-TOUCHGFX.4.25.0
2025-06-09 14:51:21,380 [WARN] PackLoader:240 - Cannot read IP mode file for STMicroelectronics.FP-SNS-STBOX1.2.0.0
2025-06-09 14:51:21,394 [WARN] PackLoader:240 - Cannot read IP mode file for STMicroelectronics.X-CUBE-SUBG2.5.0.0
2025-06-09 14:51:21,418 [WARN] PackLoader:240 - Cannot read IP mode file for STMicroelectronics.X-CUBE-AZRTOS-H7RS.1.1.0
2025-06-09 14:51:21,430 [WARN] PackLoader:240 - Cannot read IP mode file for Cesanta.I-CUBE-Mongoose.7.13.0
2025-06-09 14:51:21,448 [WARN] PackLoader:240 - Cannot read IP mode file for STMicroelectronics.X-CUBE-AZRTOS-G4.2.0.0
2025-06-09 14:51:21,459 [WARN] PackLoader:240 - Cannot read IP mode file for STMicroelectronics.X-CUBE-NFC7.2.0.0
2025-06-09 14:51:21,473 [WARN] PackLoader:240 - Cannot read IP mode file for STMicroelectronics.X-CUBE-IPS.3.1.0
2025-06-09 14:51:21,486 [WARN] PackLoader:240 - Cannot read IP mode file for STMicroelectronics.X-CUBE-ALS.1.0.2
2025-06-09 14:51:21,496 [WARN] PackLoader:240 - Cannot read IP mode file for STMicroelectronics.X-CUBE-TOUCHGFX.4.24.2
2025-06-09 14:51:21,505 [WARN] PackLoader:240 - Cannot read IP mode file for STMicroelectronics.X-CUBE-TOUCHGFX.4.24.1
2025-06-09 14:51:21,514 [WARN] PackLoader:240 - Cannot read IP mode file for wolfSSL.I-CUBE-wolfTPM.3.4.0
2025-06-09 14:51:21,524 [WARN] PackLoader:240 - Cannot read IP mode file for portGmbH.I-Cube-SoM-uGOAL.1.1.0
2025-06-09 14:51:21,545 [WARN] PackLoader:240 - Cannot read IP mode file for STMicroelectronics.X-CUBE-AZRTOS-H7RS.1.0.0
2025-06-09 14:51:21,557 [WARN] PackLoader:240 - Cannot read IP mode file for STMicroelectronics.FP-ATR-ASTRA1.2.0.0
2025-06-09 14:51:21,572 [WARN] PackLoader:240 - Cannot read IP mode file for STMicroelectronics.X-CUBE-TOF1.3.4.2
2025-06-09 14:51:21,588 [WARN] PackLoader:240 - Cannot read IP mode file for STMicroelectronics.X-CUBE-TOF1.3.4.3
2025-06-09 14:51:21,609 [WARN] PackLoader:240 - Cannot read IP mode file for Infineon.AIROC-Wi-Fi-Bluetooth-STM32.1.6.1
2025-06-09 14:51:21,623 [WARN] PackLoader:240 - Cannot read IP mode file for wolfSSL.I-CUBE-wolfSSH.1.4.17
2025-06-09 14:51:21,623 [INFO] ThirdParty:978 - Integrity check success = true
2025-06-09 14:51:21,623 [INFO] IntegrityCheckThread:100 - exiting critical section [integrity check]
2025-06-09 14:51:21,623 [INFO] IntegrityCheckThread:103 - End integrity checks thread
2025-06-09 20:38:55,806 [INFO] WebApp:190 - Connection lost
2025-06-09 20:39:02,415 [INFO] WebApp:187 - Connection restablished
2025-06-09 20:39:04,419 [INFO] WebApp:190 - Connection lost
2025-06-09 20:39:04,569 [INFO] WebApp:187 - Connection restablished
2025-06-09 22:06:45,978 [ERROR] LogOutputStream:75 - [STDERR_REDIRECT] 
