2025-06-17 10:16:19,709 [INFO] Activator:176 - 


2025-06-17 10:16:19,713 [INFO] Activator:177 - !SESSION log4j initialized
2025-06-17 10:16:24,948 [INFO] LogOutputStream:77 - [STDOUT_REDIRECT] 
2025-06-17 10:16:27,829 [INFO] ApplicationProperties:184 - Using Application install path: C:\ST\STM32CubeIDE_1.16.1\STM32CubeIDE\plugins\com.st.stm32cube.common.mx_6.13.0.202411220809
2025-06-17 10:16:27,843 [INFO] DbMcusXml:78 - Set database path to: C:\ST\STM32CubeIDE_1.16.1\STM32CubeIDE\plugins\com.st.stm32cube.common.mx_6.13.0.202411220809\\db\/mcu/
2025-06-17 10:16:27,844 [INFO] ApiDb:274 - Set plugin database path to: C:\ST\STM32CubeIDE_1.16.1\STM32CubeIDE\plugins\com.st.stm32cube.common.mx_6.13.0.202411220809\\db\/plugins/boardmanager/
2025-06-17 10:16:27,845 [WARN] ApiDb:259 - Overriding images path with different value:  => C:\ST\STM32CubeIDE_1.16.1\STM32CubeIDE\plugins\com.st.stm32cube.common.mx_6.13.0.202411220809\\db\/plugins/mcufinder/images/
2025-06-17 10:16:27,859 [INFO] ApiDb:250 - Set database path to: C:\Users\Miloush\.stmcufinder\plugins\mcufinder//mcu/
2025-06-17 10:16:27,860 [INFO] DbMcusAds:125 - Set database path to: C:\Users\Miloush\.stmcufinder\plugins\mcufinder//mcu/
2025-06-17 10:16:27,862 [INFO] CrossReferenceDbSqlite:203 - Set database path to: C:\Users\Miloush\.stmcufinder\plugins\mcufinder//mcu/cs/
2025-06-17 10:16:27,968 [INFO] RulesReader:64 - Compatibility file has been processed (297 Rules)
2025-06-17 10:16:28,050 [INFO] DbMcusXml:78 - Set database path to: C:\ST\STM32CubeIDE_1.16.1\STM32CubeIDE\plugins\com.st.stm32cube.common.mx_6.13.0.202411220809\\db\/mcu/
2025-06-17 10:16:28,051 [INFO] ApiDb:274 - Set plugin database path to: C:\ST\STM32CubeIDE_1.16.1\STM32CubeIDE\plugins\com.st.stm32cube.common.mx_6.13.0.202411220809\\db\/plugins/boardmanager/
2025-06-17 10:16:28,051 [INFO] ApiDb:261 - Set plugin images path to: C:\ST\STM32CubeIDE_1.16.1\STM32CubeIDE\plugins\com.st.stm32cube.common.mx_6.13.0.202411220809\\db\/plugins/mcufinder/images/
2025-06-17 10:16:28,051 [WARN] DbFile:41 - Overriding database path with different value: C:\Users\Miloush\.stmcufinder\plugins\mcufinder/ => C:\Users\Miloush\.stmcufinder\plugins\mcufinder
2025-06-17 10:16:28,051 [INFO] ApiDb:250 - Set database path to: C:\Users\Miloush\.stmcufinder\plugins\mcufinder//mcu/
2025-06-17 10:16:28,051 [WARN] DbFile:41 - Overriding database path with different value: C:\Users\Miloush\.stmcufinder\plugins\mcufinder/ => C:\Users\Miloush\.stmcufinder\plugins\mcufinder
2025-06-17 10:16:28,051 [INFO] DbMcusAds:125 - Set database path to: C:\Users\Miloush\.stmcufinder\plugins\mcufinder//mcu/
2025-06-17 10:16:28,051 [WARN] DbFile:41 - Overriding database path with different value: C:\Users\Miloush\.stmcufinder\plugins\mcufinder/ => C:\Users\Miloush\.stmcufinder\plugins\mcufinder
2025-06-17 10:16:28,051 [WARN] DbFile:41 - Overriding database path with different value: C:\Users\Miloush\.stmcufinder\plugins\mcufinder/ => C:\Users\Miloush\.stmcufinder\plugins\mcufinder
2025-06-17 10:16:28,051 [INFO] CrossReferenceDbSqlite:203 - Set database path to: C:\Users\Miloush\.stmcufinder\plugins\mcufinder//mcu/cs/
2025-06-17 10:16:28,114 [INFO] MainPanel:272 - HeapMemory: 268435456
2025-06-17 10:16:28,189 [INFO] DbMcusXml:78 - Set database path to: C:\ST\STM32CubeIDE_1.16.1\STM32CubeIDE\plugins\com.st.stm32cube.common.mx_6.13.0.202411220809\\db\/mcu/
2025-06-17 10:16:28,189 [INFO] ApiDb:274 - Set plugin database path to: C:\ST\STM32CubeIDE_1.16.1\STM32CubeIDE\plugins\com.st.stm32cube.common.mx_6.13.0.202411220809\\db\/plugins/boardmanager/
2025-06-17 10:16:28,189 [INFO] ApiDb:261 - Set plugin images path to: C:\ST\STM32CubeIDE_1.16.1\STM32CubeIDE\plugins\com.st.stm32cube.common.mx_6.13.0.202411220809\\db\/plugins/mcufinder/images/
2025-06-17 10:16:28,190 [WARN] DbFile:41 - Overriding database path with different value: C:\Users\Miloush\.stmcufinder\plugins\mcufinder/ => C:\Users\Miloush\.stmcufinder\plugins\mcufinder
2025-06-17 10:16:28,190 [INFO] ApiDb:250 - Set database path to: C:\Users\Miloush\.stmcufinder\plugins\mcufinder//mcu/
2025-06-17 10:16:28,190 [WARN] DbFile:41 - Overriding database path with different value: C:\Users\Miloush\.stmcufinder\plugins\mcufinder/ => C:\Users\Miloush\.stmcufinder\plugins\mcufinder
2025-06-17 10:16:28,190 [INFO] DbMcusAds:125 - Set database path to: C:\Users\Miloush\.stmcufinder\plugins\mcufinder//mcu/
2025-06-17 10:16:28,190 [WARN] DbFile:41 - Overriding database path with different value: C:\Users\Miloush\.stmcufinder\plugins\mcufinder/ => C:\Users\Miloush\.stmcufinder\plugins\mcufinder
2025-06-17 10:16:28,190 [WARN] DbFile:41 - Overriding database path with different value: C:\Users\Miloush\.stmcufinder\plugins\mcufinder/ => C:\Users\Miloush\.stmcufinder\plugins\mcufinder
2025-06-17 10:16:28,190 [INFO] CrossReferenceDbSqlite:203 - Set database path to: C:\Users\Miloush\.stmcufinder\plugins\mcufinder//mcu/cs/
2025-06-17 10:16:28,205 [INFO] ApplicationProperties:184 - Using Application install path: C:\ST\STM32CubeIDE_1.16.1\STM32CubeIDE\plugins\com.st.stm32cube.common.mx_6.13.0.202411220809
2025-06-17 10:16:28,207 [INFO] PluginManage:196 - Search for loadable plugins [exclusion list=, ]
2025-06-17 10:16:28,208 [INFO] PluginManage:310 - Check plugin analytics
2025-06-17 10:16:28,383 [INFO] AnalyticsPlugin:253 - Accepted Software Licenses: 
2025-06-17 10:16:28,384 [INFO] AnalyticsPlugin:255 - Accepted CMSIS Pack Licenses: 
2025-06-17 10:16:28,384 [INFO] AnalyticsPlugin:257 - Accepted Firmware Licenses: FW.G4.1.6.0
2025-06-17 10:16:28,388 [INFO] PluginManage:359 - Loaded plugin analytics (category:tool,tabindex:-1)
2025-06-17 10:16:28,388 [INFO] PluginManage:310 - Check plugin cadmodel
2025-06-17 10:16:28,404 [INFO] CADModel:105 - Init CAD model plugin
2025-06-17 10:16:28,404 [INFO] PluginManage:359 - Loaded plugin cadmodel (category:power,tabindex:5)
2025-06-17 10:16:28,404 [INFO] PluginManage:310 - Check plugin clock
2025-06-17 10:16:28,423 [INFO] PluginManage:359 - Loaded plugin clock (category:base,tabindex:2)
2025-06-17 10:16:28,423 [INFO] PluginManage:310 - Check plugin ddr
2025-06-17 10:16:28,425 [INFO] PluginManage:359 - Loaded plugin ddr (category:tool,tabindex:6)
2025-06-17 10:16:28,425 [INFO] PluginManage:310 - Check plugin filemanager
2025-06-17 10:16:28,553 [INFO] PluginManage:359 - Loaded plugin filemanager (category:base,tabindex:10)
2025-06-17 10:16:28,553 [INFO] PluginManage:310 - Check plugin ipmanager
2025-06-17 10:16:28,558 [INFO] PluginManage:359 - Loaded plugin ipmanager (category:base,tabindex:5)
2025-06-17 10:16:28,558 [INFO] PluginManage:310 - Check plugin lpbam
2025-06-17 10:16:28,574 [INFO] PluginManage:359 - Loaded plugin lpbam (category:base,tabindex:0)
2025-06-17 10:16:28,574 [INFO] PluginManage:310 - Check plugin memorymap
2025-06-17 10:16:28,590 [INFO] PluginManage:359 - Loaded plugin memorymap (category:base,tabindex:4)
2025-06-17 10:16:28,590 [INFO] PluginManage:310 - Check plugin pinoutandconfiguration
2025-06-17 10:16:28,604 [INFO] PluginManage:359 - Loaded plugin pinoutandconfiguration (category:base,tabindex:1)
2025-06-17 10:16:28,604 [INFO] PluginManage:310 - Check plugin pinoutconfig
2025-06-17 10:16:28,670 [WARN] SupportedApi:132 - Cannot load RTOS API schema: s4s-elt-must-match.1: The content of 'definitions' must match (annotation?, (simpleType | complexType)?, (unique | key | keyref)*)). A problem was found starting at: attribute.
2025-06-17 10:16:28,776 [INFO] PluginManage:359 - Loaded plugin pinoutconfig (category:base,tabindex:0)
2025-06-17 10:16:28,776 [INFO] PluginManage:310 - Check plugin power
2025-06-17 10:16:28,794 [INFO] PluginManage:359 - Loaded plugin power (category:power,tabindex:4)
2025-06-17 10:16:28,794 [INFO] PluginManage:310 - Check plugin projectmanager
2025-06-17 10:16:28,808 [INFO] PluginManage:359 - Loaded plugin projectmanager (category:projectmanager,tabindex:4)
2025-06-17 10:16:28,808 [INFO] PluginManage:310 - Check plugin rif
2025-06-17 10:16:28,825 [INFO] PluginManage:359 - Loaded plugin rif (category:base,tabindex:3)
2025-06-17 10:16:28,825 [INFO] PluginManage:310 - Check plugin thirdparty
2025-06-17 10:16:29,027 [INFO] PluginManage:359 - Loaded plugin thirdparty (category:base,tabindex:-1)
2025-06-17 10:16:29,027 [WARN] IntegrityCheckThread:84 - waiting for thirdparty lock release [integrity check]
2025-06-17 10:16:29,028 [INFO] PluginManage:310 - Check plugin tools
2025-06-17 10:16:29,028 [INFO] IntegrityCheckThread:86 - entering critical section [integrity check]
2025-06-17 10:16:29,028 [INFO] ThirdPartyUpdaterWithRetryManager:70 - Updater plugin not ready yet. [1/15]
2025-06-17 10:16:29,054 [INFO] PluginManage:359 - Loaded plugin tools (category:base,tabindex:7)
2025-06-17 10:16:29,055 [INFO] PluginManage:310 - Check plugin tutovideos
2025-06-17 10:16:29,195 [INFO] PluginManage:359 - Loaded plugin tutovideos (category:base,tabindex:-1)
2025-06-17 10:16:29,196 [INFO] PluginManage:310 - Check plugin updater
2025-06-17 10:16:29,217 [INFO] PluginManage:359 - Loaded plugin updater (category:base,tabindex:12)
2025-06-17 10:16:29,217 [INFO] PluginManage:310 - Check plugin userauth
2025-06-17 10:16:29,221 [INFO] UserAuth:118 - Init User Auth plugin
2025-06-17 10:16:29,221 [INFO] PluginManage:359 - Loaded plugin userauth (category:base,tabindex:14)
2025-06-17 10:16:29,222 [INFO] PluginManage:283 - PluginManage : Loaded plugins [18]
2025-06-17 10:16:29,403 [INFO] PinOutPanel:1589 - setPackage(No Configuration,No Configuration)
2025-06-17 10:16:29,475 [INFO] CADModel:165 - CPN selected for project level
2025-06-17 10:16:29,475 [INFO] CADModel:114 - Register for checkConnection events
2025-06-17 10:16:29,501 [INFO] IPUIPlugin:80 - create IPUIPlugin
2025-06-17 10:16:29,501 [INFO] PluginManager:220 - loadIPPluginJar : add adc
2025-06-17 10:16:29,540 [INFO] IPUIPlugin:80 - create IPUIPlugin
2025-06-17 10:16:29,540 [INFO] PluginManager:220 - loadIPPluginJar : add aes
2025-06-17 10:16:29,575 [INFO] IPUIPlugin:80 - create IPUIPlugin
2025-06-17 10:16:29,575 [INFO] PluginManager:220 - loadIPPluginJar : add can
2025-06-17 10:16:29,599 [INFO] IPUIPlugin:80 - create IPUIPlugin
2025-06-17 10:16:29,600 [INFO] PluginManager:220 - loadIPPluginJar : add comp
2025-06-17 10:16:29,629 [INFO] IPUIPlugin:80 - create IPUIPlugin
2025-06-17 10:16:29,630 [INFO] PluginManager:220 - loadIPPluginJar : add cryp
2025-06-17 10:16:29,642 [INFO] IPUIPlugin:80 - create IPUIPlugin
2025-06-17 10:16:29,642 [INFO] PluginManager:220 - loadIPPluginJar : add ddr_ctrl_phy
2025-06-17 10:16:29,669 [INFO] IPUIPlugin:80 - create IPUIPlugin
2025-06-17 10:16:29,669 [INFO] PluginManager:220 - loadIPPluginJar : add dfsdm
2025-06-17 10:16:29,683 [INFO] IPUIPlugin:80 - create IPUIPlugin
2025-06-17 10:16:29,684 [INFO] PluginManager:220 - loadIPPluginJar : add dma
2025-06-17 10:16:29,721 [INFO] IPUIPlugin:80 - create IPUIPlugin
2025-06-17 10:16:29,721 [INFO] PluginManager:220 - loadIPPluginJar : add dma3
2025-06-17 10:16:29,764 [INFO] IPUIPlugin:80 - create IPUIPlugin
2025-06-17 10:16:29,764 [INFO] PluginManager:220 - loadIPPluginJar : add extmemmanager
2025-06-17 10:16:29,786 [INFO] IPUIPlugin:80 - create IPUIPlugin
2025-06-17 10:16:29,786 [INFO] PluginManager:220 - loadIPPluginJar : add fatfs
2025-06-17 10:16:29,831 [INFO] IPUIPlugin:80 - create IPUIPlugin
2025-06-17 10:16:29,832 [INFO] PluginManager:220 - loadIPPluginJar : add fmc
2025-06-17 10:16:29,848 [INFO] IPUIPlugin:80 - create IPUIPlugin
2025-06-17 10:16:29,848 [INFO] PluginManager:220 - loadIPPluginJar : add freertos
2025-06-17 10:16:29,869 [INFO] IPUIPlugin:80 - create IPUIPlugin
2025-06-17 10:16:29,869 [INFO] PluginManager:220 - loadIPPluginJar : add genericplugin
2025-06-17 10:16:29,941 [INFO] IPUIPlugin:80 - create IPUIPlugin
2025-06-17 10:16:29,941 [INFO] PluginManager:220 - loadIPPluginJar : add gfxmmu
2025-06-17 10:16:30,034 [INFO] IPUIPlugin:80 - create IPUIPlugin
2025-06-17 10:16:30,034 [INFO] PluginManager:220 - loadIPPluginJar : add gic
2025-06-17 10:16:30,046 [INFO] IPUIPlugin:80 - create IPUIPlugin
2025-06-17 10:16:30,046 [INFO] PluginManager:220 - loadIPPluginJar : add gpio
2025-06-17 10:16:30,117 [INFO] IPUIPlugin:80 - create IPUIPlugin
2025-06-17 10:16:30,117 [INFO] PluginManager:220 - loadIPPluginJar : add gtzc
2025-06-17 10:16:30,142 [INFO] IPUIPlugin:80 - create IPUIPlugin
2025-06-17 10:16:30,142 [INFO] PluginManager:220 - loadIPPluginJar : add hash
2025-06-17 10:16:30,179 [INFO] IPUIPlugin:80 - create IPUIPlugin
2025-06-17 10:16:30,179 [INFO] PluginManager:220 - loadIPPluginJar : add i2c
2025-06-17 10:16:30,218 [INFO] IPUIPlugin:80 - create IPUIPlugin
2025-06-17 10:16:30,218 [INFO] PluginManager:220 - loadIPPluginJar : add i2s
2025-06-17 10:16:30,264 [INFO] IPUIPlugin:80 - create IPUIPlugin
2025-06-17 10:16:30,264 [INFO] PluginManager:220 - loadIPPluginJar : add i3c
2025-06-17 10:16:30,343 [INFO] IPUIPlugin:80 - create IPUIPlugin
2025-06-17 10:16:30,343 [INFO] PluginManager:220 - loadIPPluginJar : add ipddr
2025-06-17 10:16:30,412 [INFO] IPUIPlugin:80 - create IPUIPlugin
2025-06-17 10:16:30,412 [INFO] PluginManager:220 - loadIPPluginJar : add linkedlist
2025-06-17 10:16:30,446 [INFO] IPUIPlugin:80 - create IPUIPlugin
2025-06-17 10:16:30,446 [INFO] PluginManager:220 - loadIPPluginJar : add lorawan
2025-06-17 10:16:30,480 [INFO] IPUIPlugin:80 - create IPUIPlugin
2025-06-17 10:16:30,480 [INFO] PluginManager:220 - loadIPPluginJar : add ltdc
2025-06-17 10:16:30,493 [INFO] IPUIPlugin:80 - create IPUIPlugin
2025-06-17 10:16:30,493 [INFO] PluginManager:220 - loadIPPluginJar : add mdma
2025-06-17 10:16:30,505 [INFO] IPUIPlugin:80 - create IPUIPlugin
2025-06-17 10:16:30,505 [INFO] PluginManager:220 - loadIPPluginJar : add nvic
2025-06-17 10:16:30,544 [INFO] IPUIPlugin:80 - create IPUIPlugin
2025-06-17 10:16:30,544 [INFO] PluginManager:220 - loadIPPluginJar : add opamp
2025-06-17 10:16:30,596 [INFO] IPUIPlugin:80 - create IPUIPlugin
2025-06-17 10:16:30,596 [INFO] PluginManager:220 - loadIPPluginJar : add openamp
2025-06-17 10:16:30,640 [INFO] IPUIPlugin:80 - create IPUIPlugin
2025-06-17 10:16:30,640 [INFO] PluginManager:220 - loadIPPluginJar : add pdm2pcm
2025-06-17 10:16:30,655 [INFO] IPUIPlugin:80 - create IPUIPlugin
2025-06-17 10:16:30,657 [INFO] PluginManager:220 - loadIPPluginJar : add plateformsettings
2025-06-17 10:16:30,678 [INFO] IPUIPlugin:80 - create IPUIPlugin
2025-06-17 10:16:30,679 [INFO] PluginManager:220 - loadIPPluginJar : add quadspi
2025-06-17 10:16:30,698 [INFO] IPUIPlugin:80 - create IPUIPlugin
2025-06-17 10:16:30,698 [INFO] PluginManager:220 - loadIPPluginJar : add radio
2025-06-17 10:16:30,709 [INFO] IPUIPlugin:80 - create IPUIPlugin
2025-06-17 10:16:30,709 [INFO] PluginManager:220 - loadIPPluginJar : add resmgrutility
2025-06-17 10:16:30,744 [INFO] IPUIPlugin:80 - create IPUIPlugin
2025-06-17 10:16:30,745 [INFO] PluginManager:220 - loadIPPluginJar : add sai
2025-06-17 10:16:30,770 [INFO] IPUIPlugin:80 - create IPUIPlugin
2025-06-17 10:16:30,770 [INFO] PluginManager:220 - loadIPPluginJar : add spi
2025-06-17 10:16:30,817 [INFO] IPUIPlugin:80 - create IPUIPlugin
2025-06-17 10:16:30,817 [INFO] PluginManager:220 - loadIPPluginJar : add stm32_wpan
2025-06-17 10:16:30,835 [INFO] IPUIPlugin:80 - create IPUIPlugin
2025-06-17 10:16:30,835 [INFO] PluginManager:220 - loadIPPluginJar : add tim
2025-06-17 10:16:30,875 [INFO] IPUIPlugin:80 - create IPUIPlugin
2025-06-17 10:16:30,875 [INFO] PluginManager:220 - loadIPPluginJar : add touchsensing
2025-06-17 10:16:30,891 [INFO] IPUIPlugin:80 - create IPUIPlugin
2025-06-17 10:16:30,891 [INFO] PluginManager:220 - loadIPPluginJar : add tracer_emb
2025-06-17 10:16:30,908 [INFO] IPUIPlugin:80 - create IPUIPlugin
2025-06-17 10:16:30,908 [INFO] PluginManager:220 - loadIPPluginJar : add ts
2025-06-17 10:16:30,924 [INFO] IPUIPlugin:80 - create IPUIPlugin
2025-06-17 10:16:30,924 [INFO] PluginManager:220 - loadIPPluginJar : add tsc
2025-06-17 10:16:30,949 [INFO] IPUIPlugin:80 - create IPUIPlugin
2025-06-17 10:16:30,949 [INFO] PluginManager:220 - loadIPPluginJar : add ucpd
2025-06-17 10:16:30,986 [INFO] IPUIPlugin:80 - create IPUIPlugin
2025-06-17 10:16:30,986 [INFO] PluginManager:220 - loadIPPluginJar : add usart
2025-06-17 10:16:31,027 [INFO] IPUIPlugin:80 - create IPUIPlugin
2025-06-17 10:16:31,027 [INFO] PluginManager:220 - loadIPPluginJar : add usbx
2025-06-17 10:16:31,141 [FATAL] Updater:351 - Updater called before beeing initialized
2025-06-17 10:16:31,160 [INFO] RulesReader:64 - Compatibility file has been processed (297 Rules)
2025-06-17 10:16:31,168 [INFO] RulesReader:64 - Compatibility file has been processed (297 Rules)
2025-06-17 10:16:31,175 [INFO] CADModel:165 - CPN selected for project level
2025-06-17 10:16:31,175 [INFO] CADModel:114 - Register for checkConnection events
2025-06-17 10:16:31,175 [FATAL] Updater:351 - Updater called before beeing initialized
2025-06-17 10:16:31,175 [ERROR] CADModel:125 - Updater not yet initialized, retry later 
2025-06-17 10:16:31,287 [FATAL] Updater:351 - Updater called before beeing initialized
2025-06-17 10:16:31,288 [INFO] CADModel:165 - CPN selected for project level
2025-06-17 10:16:31,288 [INFO] CADModel:114 - Register for checkConnection events
2025-06-17 10:16:31,288 [FATAL] Updater:351 - Updater called before beeing initialized
2025-06-17 10:16:31,288 [ERROR] CADModel:125 - Updater not yet initialized, retry later 
2025-06-17 10:16:31,290 [FATAL] Updater:351 - Updater called before beeing initialized
2025-06-17 10:16:31,363 [FATAL] Updater:351 - Updater called before beeing initialized
2025-06-17 10:16:31,372 [INFO] DbMcusAds:53 - JSON generation date=Wed May 07 11:07:55 CEST 2025 (1746608875484)
2025-06-17 10:16:31,373 [FATAL] Updater:351 - Updater called before beeing initialized
2025-06-17 10:16:31,399 [WARN] DetailPanel:346 - Failed to get advertising image, set to default
2025-06-17 10:16:31,549 [FATAL] Updater:351 - Updater called before beeing initialized
2025-06-17 10:16:31,551 [FATAL] Updater:351 - Updater called before beeing initialized
2025-06-17 10:16:31,551 [FATAL] Updater:351 - Updater called before beeing initialized
2025-06-17 10:16:31,551 [WARN] DetailPanel:346 - Failed to get advertising image, set to default
2025-06-17 10:16:31,552 [FATAL] Updater:351 - Updater called before beeing initialized
2025-06-17 10:16:31,596 [ERROR] Updater:1198 - MainUpdater not yet initialized. External WinMGr cannot be set.
2025-06-17 10:16:31,605 [INFO] Updater:1134 - Updater Version found : 6.13.0
2025-06-17 10:16:31,619 [INFO] ApplicationProperties:184 - Using Application install path: C:\ST\STM32CubeIDE_1.16.1\STM32CubeIDE\plugins\com.st.stm32cube.common.mx_6.13.0.202411220809
2025-06-17 10:16:32,039 [INFO] ThirdPartyUpdaterWithRetryManager:70 - Updater plugin not ready yet. [2/15]
2025-06-17 10:16:32,080 [INFO] MainUpdater:2872 - connection check result : 10
2025-06-17 10:16:32,080 [INFO] MainUpdater:3566 - Updater definition file requires update
2025-06-17 10:16:32,081 [INFO] MainUpdater:289 - Updater Check For Update Now.
2025-06-17 10:16:32,081 [INFO] MicroXplorer:498 - Change Database Version : DB.6.0.130
2025-06-17 10:16:32,095 [INFO] McuFinderGlobals:63 - Set McuFinder mode to 2 (CubeIDE integrated)
2025-06-17 10:16:32,100 [INFO] UserAuth:486 - Internet connection configuration mode: 1
2025-06-17 10:16:32,118 [INFO] JxBrowserEngine:152 - Initiate JxBrowser Engine with user profile folder
2025-06-17 10:16:32,155 [INFO] ServerAccessManage:473 - Download File updaters.zip
2025-06-17 10:16:32,215 [INFO] FileExtend:240 - Unzip File : updaters.zip
2025-06-17 10:16:32,215 [INFO] FileExtend:255 - Standard Zip Deflate
2025-06-17 10:16:32,578 [INFO] ServerAccessManage:473 - Download File PacksControlFlags.xml
2025-06-17 10:16:32,628 [INFO] ServerAccessManage:473 - Download File cubemx.pidx
2025-06-17 10:16:33,228 [INFO] ServerAccessManage:473 - Download File STMicroelectronics.X-CUBE-MEMS1.pdsc
2025-06-17 10:16:33,378 [INFO] WebApp:168 - Instantiating new browser for Auth
2025-06-17 10:16:33,817 [INFO] WebApp:449 - Apply proxy settings
2025-06-17 10:16:33,818 [INFO] WebApp:534 - Chromium requires no authentication
2025-06-17 10:16:33,824 [INFO] WebApp:477 - Direct internet connection detected
2025-06-17 10:16:33,840 [INFO] WebApp:880 - Register for checkConnection events
2025-06-17 10:16:33,840 [INFO] WebApp:449 - Apply proxy settings
2025-06-17 10:16:33,840 [INFO] WebApp:534 - Chromium requires no authentication
2025-06-17 10:16:33,841 [INFO] WebApp:477 - Direct internet connection detected
2025-06-17 10:16:33,953 [INFO] WebApp:221 - Starting web application
2025-06-17 10:16:33,953 [INFO] WebApp:579 - Web application path used C:\ST\STM32CubeIDE_1.16.1\STM32CubeIDE\plugins\com.st.stm32cube.common.mx_6.13.0.202411220809\db\plugins\mcufinder\reactClient1\index.html
2025-06-17 10:16:34,048 [INFO] UserAuth:486 - Internet connection configuration mode: 1
2025-06-17 10:16:34,093 [INFO] WebApp:187 - Connection restablished
2025-06-17 10:16:35,026 [WARN] PackLoader:240 - Cannot read IP mode file for STMicroelectronics.X-CUBE-MEMS1.11.3.0
2025-06-17 10:16:35,054 [WARN] MainUpdater:1193 - Updater busy. Cannot search thirdparties
2025-06-17 10:16:35,054 [INFO] ThirdPartyUpdaterWithRetryManager:96 - Updater plugin is busy. [1/15]
2025-06-17 10:16:35,072 [INFO] CheckServerUpdateThread:120 - End of CheckServer Thread
2025-06-17 10:16:35,112 [INFO] PopulateThirdPartyThread:66 - Ending populate Thread
2025-06-17 10:16:35,113 [INFO] ThirdParty:1030 - CMSIS Pack Vendor :STMicroelectronics X-CUBE-MEMS1 11.3.0
2025-06-17 10:16:35,113 [INFO] LoadServerUpdatesThread:375 - End of LoadServerUpdate Thread
2025-06-17 10:16:38,198 [WARN] PackLoader:240 - Cannot read IP mode file for STMicroelectronics.FP-SNS-MOTENVWB1.1.4.0
2025-06-17 10:16:38,203 [WARN] PackLoader:240 - Cannot read IP mode file for STMicroelectronics.FP-ATR-ASTRA1.2.0.2
2025-06-17 10:16:38,213 [WARN] PackLoader:240 - Cannot read IP mode file for STMicroelectronics.FP-ATR-ASTRA1.2.0.1
2025-06-17 10:16:38,227 [WARN] PackLoader:240 - Cannot read IP mode file for STMicroelectronics.X-CUBE-SMBUS.2.1.0
2025-06-17 10:16:38,239 [WARN] PackLoader:240 - Cannot read IP mode file for STMicroelectronics.X-CUBE-WB05N.1.1.0
2025-06-17 10:16:38,249 [WARN] PackLoader:240 - Cannot read IP mode file for STMicroelectronics.X-CUBE-ST60.1.0.0
2025-06-17 10:16:38,269 [WARN] PackLoader:240 - Cannot read IP mode file for STMicroelectronics.X-CUBE-AZRTOS-F7.1.1.0
2025-06-17 10:16:38,305 [WARN] PackLoader:240 - Cannot read IP mode file for STMicroelectronics.X-CUBE-MEMS1.11.0.0
2025-06-17 10:16:38,386 [WARN] PackLoader:240 - Cannot read IP mode file for STMicroelectronics.FP-SNS-FLIGHT1.5.0.2
2025-06-17 10:16:38,398 [WARN] PackLoader:240 - Cannot read IP mode file for STMicroelectronics.X-CUBE-DISPLAY.3.0.0
2025-06-17 10:16:38,411 [WARN] PackLoader:240 - Cannot read IP mode file for STMicroelectronics.X-CUBE-BLE1.7.0.0
2025-06-17 10:16:38,424 [WARN] PackLoader:240 - Cannot read IP mode file for STMicroelectronics.X-CUBE-NFC10.1.0.0
2025-06-17 10:16:38,440 [WARN] PackLoader:240 - Cannot read IP mode file for STMicroelectronics.X-CUBE-BLEMGR.4.0.0
2025-06-17 10:16:38,453 [WARN] PackLoader:240 - Cannot read IP mode file for emotas.I-CUBE-CANOPEN.1.3.0
2025-06-17 10:16:38,466 [WARN] PackLoader:240 - Cannot read IP mode file for STMicroelectronics.X-CUBE-BLEMGR.3.1.0
2025-06-17 10:16:38,478 [WARN] PackLoader:240 - Cannot read IP mode file for STMicroelectronics.X-CUBE-AI.10.0.0
2025-06-17 10:16:38,491 [WARN] PackLoader:240 - Cannot read IP mode file for STMicroelectronics.FP-SNS-SMARTAG2.1.2.0
2025-06-17 10:16:38,494 [WARN] PackLoader:240 - Cannot read IP mode file for STMicroelectronics.FP-SNS-FLIGHT1.5.1.0
2025-06-17 10:16:38,530 [WARN] PackLoader:240 - Cannot read IP mode file for STMicroelectronics.X-CUBE-MEMS1.11.1.0
2025-06-17 10:16:38,592 [INFO] LogOutputStream:77 - [STDOUT_REDIRECT] 1 : Invalid condition id : UX_CORESTACK_Condition cause : null
2025-06-17 10:16:38,593 [INFO] LogOutputStream:77 - [STDOUT_REDIRECT] 1 : Invalid condition id : UX_CORESTACK_Condition cause : null
2025-06-17 10:16:38,593 [INFO] LogOutputStream:77 - [STDOUT_REDIRECT] 1 : Invalid condition id : UX_CORESTACK_Condition cause : null
2025-06-17 10:16:38,594 [INFO] LogOutputStream:77 - [STDOUT_REDIRECT] 1 : Invalid condition id : UX_CORESTACK_Condition cause : null
2025-06-17 10:16:38,594 [INFO] LogOutputStream:77 - [STDOUT_REDIRECT] 1 : Invalid condition id : UX_CORESTACK_Condition cause : null
2025-06-17 10:16:38,596 [WARN] PackLoader:240 - Cannot read IP mode file for STMicroelectronics.X-CUBE-AZRTOS-WL.2.0.0
2025-06-17 10:16:38,608 [WARN] PackLoader:240 - Cannot read IP mode file for STMicroelectronics.FP-SNS-MOTENV1.5.0.0
2025-06-17 10:16:38,612 [WARN] PackLoader:240 - Cannot read IP mode file for wolfSSL.I-CUBE-wolfMQTT.1.19.0
2025-06-17 10:16:38,624 [WARN] PackLoader:240 - Cannot read IP mode file for WES.I-CUBE-Cesium.1.3.0
2025-06-17 10:16:38,635 [WARN] PackLoader:240 - Cannot read IP mode file for STMicroelectronics.X-CUBE-BLE2.3.3.0
2025-06-17 10:16:38,647 [WARN] PackLoader:240 - Cannot read IP mode file for STMicroelectronics.X-CUBE-NFC9.1.0.0
2025-06-17 10:16:38,660 [WARN] PackLoader:240 - Cannot read IP mode file for STMicroelectronics.X-CUBE-BLE1.7.1.0
2025-06-17 10:16:38,671 [WARN] PackLoader:240 - Cannot read IP mode file for STMicroelectronics.X-CUBE-TCPP.4.1.0
2025-06-17 10:16:38,682 [WARN] PackLoader:240 - Cannot read IP mode file for STMicroelectronics.X-CUBE-AI.10.1.0
2025-06-17 10:16:38,722 [WARN] PackLoader:240 - Cannot read IP mode file for STMicroelectronics.X-CUBE-MEMS1.11.2.0
2025-06-17 10:16:38,816 [WARN] PackLoader:240 - Cannot read IP mode file for STMicroelectronics.X-CUBE-AZRTOS-G0.1.1.0
2025-06-17 10:16:38,832 [WARN] PackLoader:240 - Cannot read IP mode file for STMicroelectronics.X-CUBE-SAFEA1.1.2.2
2025-06-17 10:16:38,846 [WARN] PackLoader:240 - Cannot read IP mode file for STMicroelectronics.X-CUBE-NFC4.3.0.0
2025-06-17 10:16:38,859 [WARN] PackLoader:240 - Cannot read IP mode file for EmbeddedOffice.I-CUBE-FS-RTOS.1.0.1
2025-06-17 10:16:38,872 [WARN] PackLoader:240 - Cannot read IP mode file for STMicroelectronics.X-CUBE-WB05N.2.0.0
2025-06-17 10:16:38,887 [WARN] PackLoader:240 - Cannot read IP mode file for STMicroelectronics.X-CUBE-TCPP.4.2.0
2025-06-17 10:16:38,899 [WARN] PackLoader:240 - Cannot read IP mode file for RealThread.X-CUBE-RT-Thread_Nano.4.1.1
2025-06-17 10:16:38,903 [WARN] PackLoader:240 - Cannot read IP mode file for STMicroelectronics.FP-ATR-SIGFOX1.3.2.0
2025-06-17 10:16:38,914 [WARN] PackLoader:240 - Cannot read IP mode file for wolfSSL.I-CUBE-wolfSSL.5.7.2
2025-06-17 10:16:38,918 [WARN] ConditionMgr:438 - getConditionDescription Invalid condition id : Cortex-A Device cause : null
2025-06-17 10:16:38,938 [WARN] ConditionMgr:1044 - genDependencies : Invalid condition id : Cortex-A Device cause : null
2025-06-17 10:16:38,938 [WARN] ConditionMgr:1044 - genDependencies : Invalid condition id : Cortex-A Device cause : null
2025-06-17 10:16:38,938 [WARN] ConditionMgr:1044 - genDependencies : Invalid condition id : Cortex-A Device cause : null
2025-06-17 10:16:38,950 [WARN] PackLoader:240 - Cannot read IP mode file for STMicroelectronics.X-CUBE-EEPRMA1.5.1.0
2025-06-17 10:16:38,963 [WARN] PackLoader:240 - Cannot read IP mode file for ITTIA_DB.I-CUBE-ITTIADB.8.9.0
2025-06-17 10:16:38,975 [WARN] PackLoader:240 - Cannot read IP mode file for STMicroelectronics.X-CUBE-ST67W61.1.0.0
2025-06-17 10:16:38,995 [WARN] PackLoader:240 - Cannot read IP mode file for SEGGER.I-CUBE-embOS.1.3.1
2025-06-17 10:16:39,018 [WARN] PackLoader:240 - Cannot read IP mode file for STMicroelectronics.X-CUBE-ALGOBUILD.1.4.0
2025-06-17 10:16:39,035 [WARN] PackLoader:240 - Cannot read IP mode file for STMicroelectronics.X-CUBE-MEMS1.11.3.0
2025-06-17 10:16:39,095 [WARN] PackLoader:240 - Cannot read IP mode file for STMicroelectronics.X-CUBE-AI.9.1.0
2025-06-17 10:16:39,115 [WARN] PackLoader:240 - Cannot read IP mode file for STMicroelectronics.X-CUBE-AZRTOS-F4.1.1.0
2025-06-17 10:16:39,120 [WARN] PackLoader:240 - Cannot read IP mode file for Avnet-IotConnect.X-CUBE-IoTC-DA16k-PMOD.1.0.0
2025-06-17 10:16:39,130 [WARN] PackLoader:240 - Cannot read IP mode file for STMicroelectronics.X-CUBE-ISPU.2.1.0
2025-06-17 10:16:39,141 [WARN] PackLoader:240 - Cannot read IP mode file for STMicroelectronics.X-CUBE-FREERTOS.1.2.0
2025-06-17 10:16:39,158 [WARN] PackLoader:240 - Cannot read IP mode file for STMicroelectronics.X-CUBE-AZRTOS-L5.2.0.0
2025-06-17 10:16:39,171 [WARN] PackLoader:240 - Cannot read IP mode file for STMicroelectronics.X-CUBE-NFC6.3.1.0
2025-06-17 10:16:39,184 [WARN] PackLoader:240 - Cannot read IP mode file for STMicroelectronics.X-CUBE-DPower.1.2.0
2025-06-17 10:16:39,195 [WARN] PackLoader:240 - Cannot read IP mode file for STMicroelectronics.X-CUBE-FREERTOS.1.3.1
2025-06-17 10:16:39,207 [WARN] PackLoader:240 - Cannot read IP mode file for STMicroelectronics.X-CUBE-FREERTOS.1.3.0
2025-06-17 10:16:39,217 [WARN] PackLoader:240 - Cannot read IP mode file for STMicroelectronics.X-CUBE-NFC7.1.0.1
2025-06-17 10:16:39,228 [WARN] PackLoader:240 - Cannot read IP mode file for STMicroelectronics.X-CUBE-DPower.1.3.0
2025-06-17 10:16:39,249 [WARN] ConditionMgr:438 - getConditionDescription Invalid condition id : LAN8742 Phy interface Condition cause : null
2025-06-17 10:16:39,249 [WARN] PackLoader:240 - Cannot read IP mode file for STMicroelectronics.X-CUBE-AZRTOS-L4.2.0.0
2025-06-17 10:16:39,250 [WARN] ConditionMgr:1044 - genDependencies : Invalid condition id : LAN8742 Phy interface Condition cause : null
2025-06-17 10:16:39,250 [WARN] ConditionMgr:1044 - genDependencies : Invalid condition id : LAN8742 Phy interface Condition cause : null
2025-06-17 10:16:39,250 [WARN] ConditionMgr:1044 - genDependencies : Invalid condition id : LAN8742 Phy interface Condition cause : null
2025-06-17 10:16:39,263 [WARN] PackLoader:240 - Cannot read IP mode file for STMicroelectronics.X-CUBE-SFXS2LP1.4.0.0
2025-06-17 10:16:39,286 [WARN] PackLoader:240 - Cannot read IP mode file for STMicroelectronics.X-CUBE-AZRTOS-H7.3.3.0
2025-06-17 10:16:39,302 [WARN] PackLoader:240 - Cannot read IP mode file for STMicroelectronics.X-CUBE-IPS.3.0.0
2025-06-17 10:16:39,325 [WARN] ConditionMgr:438 - getConditionDescription Invalid condition id : UX DEVICE CLASS RTOS Condition cause : null
2025-06-17 10:16:39,325 [WARN] ConditionMgr:438 - getConditionDescription Invalid condition id : UX DEVICE CLASS RTOS Condition cause : null
2025-06-17 10:16:39,326 [WARN] PackLoader:240 - Cannot read IP mode file for STMicroelectronics.X-CUBE-AZRTOS-WB.2.0.0
2025-06-17 10:16:39,326 [WARN] ConditionMgr:1044 - genDependencies : Invalid condition id : UX DEVICE CLASS RTOS Condition cause : null
2025-06-17 10:16:39,326 [WARN] ConditionMgr:1044 - genDependencies : Invalid condition id : UX DEVICE CLASS RTOS Condition cause : null
2025-06-17 10:16:39,327 [WARN] ConditionMgr:1044 - genDependencies : Invalid condition id : UX DEVICE CLASS RTOS Condition cause : null
2025-06-17 10:16:39,327 [WARN] ConditionMgr:1044 - genDependencies : Invalid condition id : UX DEVICE CLASS RTOS Condition cause : null
2025-06-17 10:16:39,327 [WARN] ConditionMgr:1044 - genDependencies : Invalid condition id : UX DEVICE CLASS RTOS Condition cause : null
2025-06-17 10:16:39,339 [WARN] PackLoader:240 - Cannot read IP mode file for STMicroelectronics.X-CUBE-GNSS1.7.0.0
2025-06-17 10:16:39,350 [WARN] PackLoader:240 - Cannot read IP mode file for STMicroelectronics.X-CUBE-GNSS1.7.0.1
2025-06-17 10:16:39,363 [WARN] PackLoader:240 - Cannot read IP mode file for STMicroelectronics.X-CUBE-TOUCHGFX.4.25.0
2025-06-17 10:16:39,376 [WARN] PackLoader:240 - Cannot read IP mode file for STMicroelectronics.FP-SNS-STBOX1.2.0.0
2025-06-17 10:16:39,394 [WARN] PackLoader:240 - Cannot read IP mode file for STMicroelectronics.X-CUBE-SUBG2.5.0.0
2025-06-17 10:16:39,419 [WARN] PackLoader:240 - Cannot read IP mode file for STMicroelectronics.X-CUBE-AZRTOS-H7RS.1.1.0
2025-06-17 10:16:39,424 [WARN] PackLoader:240 - Cannot read IP mode file for Cesanta.I-CUBE-Mongoose.7.13.0
2025-06-17 10:16:39,442 [WARN] PackLoader:240 - Cannot read IP mode file for STMicroelectronics.X-CUBE-AZRTOS-G4.2.0.0
2025-06-17 10:16:39,452 [WARN] PackLoader:240 - Cannot read IP mode file for STMicroelectronics.X-CUBE-NFC7.2.0.0
2025-06-17 10:16:39,467 [WARN] PackLoader:240 - Cannot read IP mode file for STMicroelectronics.X-CUBE-IPS.3.1.0
2025-06-17 10:16:39,480 [WARN] PackLoader:240 - Cannot read IP mode file for STMicroelectronics.X-CUBE-ALS.1.0.2
2025-06-17 10:16:39,489 [WARN] PackLoader:240 - Cannot read IP mode file for STMicroelectronics.X-CUBE-TOUCHGFX.4.24.2
2025-06-17 10:16:39,497 [WARN] PackLoader:240 - Cannot read IP mode file for STMicroelectronics.X-CUBE-TOUCHGFX.4.24.1
2025-06-17 10:16:39,501 [WARN] PackLoader:240 - Cannot read IP mode file for wolfSSL.I-CUBE-wolfTPM.3.4.0
2025-06-17 10:16:39,512 [WARN] PackLoader:240 - Cannot read IP mode file for portGmbH.I-Cube-SoM-uGOAL.1.1.0
2025-06-17 10:16:39,531 [WARN] PackLoader:240 - Cannot read IP mode file for STMicroelectronics.X-CUBE-AZRTOS-H7RS.1.0.0
2025-06-17 10:16:39,543 [WARN] PackLoader:240 - Cannot read IP mode file for STMicroelectronics.FP-ATR-ASTRA1.2.0.0
2025-06-17 10:16:39,556 [WARN] PackLoader:240 - Cannot read IP mode file for STMicroelectronics.X-CUBE-TOF1.3.4.2
2025-06-17 10:16:39,574 [WARN] PackLoader:240 - Cannot read IP mode file for STMicroelectronics.X-CUBE-TOF1.3.4.3
2025-06-17 10:16:39,595 [WARN] PackLoader:240 - Cannot read IP mode file for Infineon.AIROC-Wi-Fi-Bluetooth-STM32.1.6.1
2025-06-17 10:16:39,600 [WARN] PackLoader:240 - Cannot read IP mode file for wolfSSL.I-CUBE-wolfSSH.1.4.17
2025-06-17 10:16:39,600 [INFO] ThirdParty:978 - Integrity check success = true
2025-06-17 10:16:39,600 [INFO] IntegrityCheckThread:100 - exiting critical section [integrity check]
2025-06-17 10:16:39,600 [INFO] IntegrityCheckThread:103 - End integrity checks thread
