../Core/Src/as5048a.c:16:20:AS5048_CS_LOW	8	static
../Core/Src/as5048a.c:20:20:AS5048_CS_HIGH	8	static
../Core/Src/as5048a.c:24:17:AS5048_AddParity	24	static
../Core/Src/as5048a.c:34:15:AS5048_Reg_Read	48	static
../Core/Src/as5048a.c:85:15:AS5048_Reg_Write	40	static
../Core/Src/as5048a.c:123:6:AS5048_Has_Error	16	static
../Core/Src/as5048a.c:127:19:AS5048_Get_Error_Details	24	static
../Core/Src/as5048a.c:151:6:AS5048_Get_Raw_Position	48	static
../Core/Src/as5048a.c:174:7:AS5048_Get_Angle_Deg	24	static
