../Core/Inc/FOC/controller_utils.h:29:21:pi_control	24	static
../Core/Inc/FOC/controller_utils.h:42:21:normalize_angle	16	static
../Core/Inc/FOC/controller_utils.h:50:20:ClarkeTransform	24	static
../Core/Inc/FOC/controller_utils.h:57:20:InvClarkeTransform	40	static
../Core/Inc/FOC/controller_utils.h:65:20:ParkTransform	32	static
../Core/Inc/FOC/controller_utils.h:72:20:InvParkTransform	32	static
../Core/Src/FOC/foc_loop.c:54:20:Log_To_CubeMonitor	24	static
../Core/Src/FOC/foc_loop.c:72:6:FOC_Init	32	static
../Core/Src/FOC/foc_loop.c:108:6:FOC_Start	8	static
../Core/Src/FOC/foc_loop.c:136:6:FOC_Stop	8	static
../Core/Src/FOC/foc_loop.c:151:6:FOC_LinearRamp	4	static
../Core/Src/FOC/foc_loop.c:178:6:FOC_RunLoop	8	static
../Core/Src/FOC/foc_loop.c:212:6:FOC_Update	72	static
../Core/Src/FOC/foc_loop.c:261:14:FOC_GetElecticalAngle	16	static
../Core/Src/FOC/foc_loop.c:266:6:FOC_SetIqTarget_Ramp	16	static
../Core/Src/FOC/foc_loop.c:272:6:FOC_SetIqTarget	16	static
../Core/Src/FOC/foc_loop.c:281:6:FOC_SetTorqueTarget	24	static
../Core/Src/FOC/foc_loop.c:289:6:FOC_SetPhaseVoltage	88	static
../Core/Src/FOC/foc_loop.c:344:6:FOC_AlignSensor	48	static
