18:50:02 **** Incremental Build of configuration Debug for project BLDC_FOC ****
make -j16 all 
arm-none-eabi-gcc "../Core/Src/svpwm.c" -mcpu=cortex-m4 -std=gnu11 -g3 -DDEBUG -DUSE_HAL_DRIVER -DSTM32G431xx -c -I../Core/Inc -I../Drivers/STM32G4xx_HAL_Driver/Inc -I../Drivers/STM32G4xx_HAL_Driver/Inc/Legacy -I../Drivers/CMSIS/Device/ST/STM32G4xx/Include -I../Drivers/CMSIS/Include -O0 -ffunction-sections -fdata-sections -Wall -fstack-usage -fcyclomatic-complexity -MMD -MP -MF"Core/Src/svpwm.d" -MT"Core/Src/svpwm.o" --specs=nano.specs -mfpu=fpv4-sp-d16 -mfloat-abi=hard -mthumb -o "Core/Src/svpwm.o"
arm-none-eabi-gcc -o "BLDC_FOC.elf" @"objects.list"   -mcpu=cortex-m4 -T"E:\AGH\AiR\Praca_inzynierska\bldc_foc\Projects\BLDC_FOC\STM32G431RBTX_FLASH.ld" --specs=nosys.specs -Wl,-Map="BLDC_FOC.map" -Wl,--gc-sections -static --specs=nano.specs -mfpu=fpv4-sp-d16 -mfloat-abi=hard -mthumb -u _printf_float -u _scanf_float -Wl,--start-group -lc -lm -Wl,--end-group
Finished building target: BLDC_FOC.elf
 
arm-none-eabi-size  BLDC_FOC.elf 
arm-none-eabi-objdump -h -S BLDC_FOC.elf  > "BLDC_FOC.list"
   text	   data	    bss	    dec	    hex	filename
  66444	    520	   2616	  69580	  10fcc	BLDC_FOC.elf
Finished building: default.size.stdout
 
Finished building: BLDC_FOC.list
 

18:50:02 Build Finished. 0 errors, 0 warnings. (took 704ms)

